******************************************************************************
                  TI ARM Linker PC v5.1.9                      
******************************************************************************
>> Linked Thu Feb 05 20:28:25 2015

OUTPUT FILE NAME:   <Senior Design.out>
ENTRY POINT SYMBOL: "_c_int00"  address: 000058c5


MEMORY CONFIGURATION

         name            origin    length      used     unused   attr    fill
----------------------  --------  ---------  --------  --------  ----  --------
  FLASH                 00000000   00040000  00009eb6  0003614a  R  X
  SRAM                  20000000   00008000  0000593b  000026c5  RW X


SEGMENT ALLOCATION MAP

run origin  load origin   length   init length attrs members
----------  ----------- ---------- ----------- ----- -------
00000000    00000000    00009eb8   00009eb8    r-x
  00000000    00000000    0000003c   0000003c    r-- .resetVecs
  0000003c    0000003c    000071ec   000071ec    r-x .text
  00007228    00007228    0000275e   0000275e    r-- .const
  00009988    00009988    00000530   00000530    r-- .cinit
20000000    20000000    00000360   00000000    rw-
  20000000    20000000    00000360   00000000    rw- .vecs
20000380    20000380    000055db   00000000    rw-
  20000380    20000380    00003e30   00000000    rw- .bss
  200041b0    200041b0    00001000   00000000    rw- .stack
  200051b0    200051b0    000007ab   00000000    rw- .data


SECTION ALLOCATION MAP

 output                                  attributes/
section   page    origin      length       input sections
--------  ----  ----------  ----------   ----------------
.bootVecs 
*          0    00000000    00000008     DSECT
                  00000000    00000008     boot.aem4f : boot.oem4f (.bootVecs)

.resetVecs 
*          0    00000000    0000003c     
                  00000000    0000003c     empty_pem4f.oem4f (.resetVecs)

xdc.meta   0    00000000    000000d0     COPY SECTION
                  00000000    000000d0     empty_pem4f.oem4f (xdc.meta)

.text      0    0000003c    000071ec     
                  0000003c    0000060c     drive.obj (.text:Robot_drive_task)
                  00000648    00000424     sysbios.aem4f : BIOS.obj (.text:ti_sysbios_family_arm_m3_Hwi_excDumpRegs__I)
                  00000a6c    0000033c     ti.targets.arm.rtsarm.aem4f : System.oem4f (.text:xdc_runtime_System_doPrint__I)
                  00000da8    00000304     sysbios.aem4f : BIOS.obj (.text:ti_sysbios_knl_Semaphore_pend__E)
                  000010ac    000002d4     rtsv7M4_T_le_v4SPD16_eabi.lib : trgdrv.obj (.text)
                  00001380    00000248     sysbios.aem4f : BIOS.obj (.text:ti_sysbios_heaps_HeapMem_free__E)
                  000015c8    00000234                   : BIOS.obj (.text:ti_sysbios_heaps_HeapMem_alloc__E)
                  000017fc    00000208                   : BIOS.obj (.text:ti_sysbios_knl_Task_sleep__E)
                  00001a04    000001f8                   : BIOS.obj (.text:ti_sysbios_family_arm_m3_Hwi_excHandlerMax__I)
                  00001bfc    000001bc     motors.obj (.text:Robot_PWM_init)
                  00001db8    00000180     sysbios.aem4f : BIOS.obj (.text:ti_sysbios_family_arm_lm4_Timer_start__E)
                  00001f38    00000168                   : BIOS.obj (.text:ti_sysbios_family_arm_lm4_TimestampProvider_get64__E)
                  000020a0    00000168                   : BIOS.obj (.text:ti_sysbios_family_arm_m3_Hwi_excBusFault__I)
                  00002208    00000154                   : BIOS.obj (.text:ti_sysbios_family_arm_m3_Hwi_excUsageFault__I)
                  0000235c    00000140                   : BIOS.obj (.text:ti_sysbios_family_arm_m3_Hwi_excMemFault__I)
                  0000249c    00000138                   : BIOS.obj (.text:ti_sysbios_family_arm_m3_Hwi_dispatchC__I)
                  000025d4    00000138                   : BIOS.obj (.text:ti_sysbios_heaps_HeapMem_Instance_init__E)
                  0000270c    00000138                   : BIOS.obj (.text:ti_sysbios_knl_Semaphore_post__E)
                  00002844    00000138     empty_pem4f.oem4f (.text:ti_uia_loggers_LoggerStopMode_writeMemoryRange__E)
                  0000297c    00000130     driverlib.lib : gpio.obj (.text:GPIOPadConfigSet)
                  00002aac    0000012c     sysbios.aem4f : BIOS.obj (.text:ti_sysbios_knl_Clock_workFunc__E)
                  00002bd8    00000120                   : BIOS.obj (.text:ti_sysbios_knl_Swi_run__I)
                  00002cf8    00000120     ti.targets.arm.rtsarm.aem4f : Error.oem4f (.text:xdc_runtime_Error_policyDefault__E)
                  00002e18    00000118     light_sensor.obj (.text:Robot_lightsnsr_task)
                  00002f30    00000118     driverlib.lib : sysctl.obj (.text:SysCtlClockGet)
                  00003048    00000110     empty_pem4f.oem4f (.text:ti_uia_loggers_LoggerStopMode_write8__E)
                  00003158    00000104     ti.targets.arm.rtsarm.aem4f : Core-mem.oem4f (.text:xdc_runtime_Core_createObject__I)
                  0000325c    00000100     Boot.aem4f : Boot_sysctl.oem4f (.text:ti_catalog_arm_cortexm4_tiva_ce_Boot_sysCtlClockSetI__I)
                  0000335c    000000fc     ti.targets.arm.rtsarm.aem4f : Startup.oem4f (.text:xdc_runtime_Startup_startMods__I)
                  00003458    000000f8     empty_pem4f.oem4f (.text:ti_uia_loggers_LoggerStopMode_write4__E)
                  00003550    000000f8     empty_pem4f.oem4f (.text:xdc_runtime_System_printfExtend__I)
                  00003648    000000f4     sysbios.aem4f : m3_Hwi_asm.obj (.text:ti_sysbios_family_arm_m3_Hwi_dispatch__I)
                  0000373c    000000ec     empty_pem4f.oem4f (.text:ti_uia_loggers_LoggerStopMode_write2__E)
                  00003828    000000e8     empty_pem4f.oem4f (.text:ti_uia_loggers_LoggerStopMode_write1__E)
                  00003910    000000dc     empty_pem4f.oem4f (.text:ti_uia_loggers_LoggerStopMode_write0__E)
                  000039ec    000000d8     drive.obj (.text:error_calc)
                  00003ac4    000000cc     ti.targets.arm.rtsarm.aem4f : Core-smem.oem4f (.text:xdc_runtime_Core_constructObject__I)
                  00003b90    000000c8     sysbios.aem4f : BIOS.obj (.text:ti_sysbios_knl_Task_schedule__I)
                  00003c58    000000c4                   : BIOS.obj (.text:ti_sysbios_family_arm_m3_Hwi_Module_startup__E)
                  00003d1c    000000c0                   : BIOS.obj (.text:ti_sysbios_family_arm_lm4_TimestampProvider_get32__E)
                  00003ddc    000000bc                   : BIOS.obj (.text:ti_sysbios_knl_Task_startCore__E)
                  00003e98    000000b4                   : BIOS.obj (.text:ti_sysbios_family_arm_m3_Hwi_excHardFault__I)
                  00003f4c    000000b4                   : BIOS.obj (.text:ti_sysbios_gates_GateMutex_enter__E)
                  00004000    000000b4                   : BIOS.obj (.text:ti_sysbios_knl_Task_checkStacks__E)
                  000040b4    000000b0                   : BIOS.obj (.text:ti_sysbios_family_arm_m3_Hwi_excDebugMon__I)
                  00004164    000000b0                   : BIOS.obj (.text:ti_sysbios_utils_Load_idleFxn__E)
                  00004214    000000ac                   : BIOS.obj (.text:ti_sysbios_family_arm_lm4_Timer_enableTiva__I)
                  000042c0    000000a8                   : BIOS.obj (.text:ti_sysbios_family_arm_lm4_Timer_enableTimers__I)
                  00004368    000000a8                   : BIOS.obj (.text:ti_sysbios_knl_Swi_post__E)
                  00004410    000000a8                   : BIOS.obj (.text:ti_sysbios_knl_Task_blockI__E)
                  000044b8    000000a8                   : BIOS.obj (.text:ti_sysbios_knl_Task_postInit__I)
                  00004560    000000a8                   : BIOS.obj (.text:ti_sysbios_utils_Load_updateLoads__E)
                  00004608    000000a0     auto_init.aem4f : auto_init.oem4f (.text)
                  000046a8    0000009e     drive.obj (.text:pid_terms_calc)
                  00004746    0000009c     rtsv7M4_T_le_v4SPD16_eabi.lib : memcpy_t2.obj (.text)
                  000047e2    00000002     empty_pem4f.oem4f (.text:ti_sysbios_BIOS_nullFunc__I)
                  000047e4    0000009c     sysbios.aem4f : BIOS.obj (.text:ti_sysbios_knl_Semaphore_Instance_init__E)
                  00004880    0000009a     ti.targets.arm.rtsarm.aem4f : Text.oem4f (.text:xdc_runtime_Text_putSite__E)
                  0000491a    00000002     sysbios.aem4f : BIOS.obj (.text:ti_sysbios_gates_GateHwi_Instance_init__E)
                  0000491c    00000098     empty.obj (.text:main)
                  000049b4    00000094     Boot.aem4f : Boot.oem4f (.text:ti_catalog_arm_cortexm4_tiva_ce_Boot_sysCtlClockSet__E)
                  00004a48    00000094     sysbios.aem4f : BIOS.obj (.text:ti_sysbios_knl_Task_exit__E)
                  00004adc    00000094                   : BIOS.obj (.text:ti_sysbios_knl_Task_unblockI__E)
                  00004b70    00000094     light_sensor.obj (.text:timer2B_ISR)
                  00004c04    00000094     ti.targets.arm.rtsarm.aem4f : Text.oem4f (.text:xdc_runtime_Text_putMod__E)
                  00004c98    00000090     ti.uia.loggers.aem4f : LoggerStopMode.oem4f (.text:ti_uia_loggers_LoggerStopMode_initQueueDescriptor__E)
                  00004d28    0000008c     sysbios.aem4f : BIOS.obj (.text:ti_sysbios_family_arm_m3_Hwi_initNVIC__E)
                  00004db4    0000008c                   : m3_TaskSupport_asm.obj (.text:ti_sysbios_family_arm_m3_TaskSupport_buildTaskStack)
                  00004e40    00000088     EK_TM4C123GXL.obj (.text:EK_TM4C123GXL_initGPIO)
                  00004ec8    00000080     motors.obj (.text:fwd_pid)
                  00004f48    00000080     motors.obj (.text:rev_pid)
                  00004fc8    00000080     motors.obj (.text:tl_pid)
                  00005048    00000080     motors.obj (.text:tr_pid)
                  000050c8    0000007c     sysbios.aem4f : BIOS.obj (.text:ti_sysbios_utils_Load_logLoads__I)
                  00005144    0000007a     rtsv7M4_T_le_v4SPD16_eabi.lib : memset_t2.obj (.text)
                  000051be    00000002     empty_pem4f.oem4f (.text:ti_uia_loggers_LoggerStopMode_setFilterLevel__E)
                  000051c0    00000070     ti.uia.runtime.aem4f : QueueDescriptor.oem4f (.text:ti_uia_runtime_QueueDescriptor_addToList__E)
                  00005230    00000070     ti.targets.arm.rtsarm.aem4f : Memory.oem4f (.text:xdc_runtime_Memory_alloc__E)
                  000052a0    0000006c     sysbios.aem4f : BIOS.obj (.text:ti_sysbios_utils_Load_updateThreadContexts__E)
                  0000530c    0000006c     ti.targets.arm.rtsarm.aem4f : Error.oem4f (.text:xdc_runtime_Error_print__E)
                  00005378    00000068     driverlib.lib : interrupt.obj (.text:IntEnable)
                  000053e0    00000066     ti.targets.arm.rtsarm.aem4f : Core-mem.oem4f (.text:xdc_runtime_Core_deleteObject__I)
                  00005446    00000002     ti.uia.loggers.aem4f : LoggerStopMode.oem4f (.text:ti_uia_loggers_LoggerStopMode_setPriority__E)
                  00005448    00000064     sysbios.aem4f : BIOS.obj (.text:ti_sysbios_utils_Load_logCPULoad__I)
                  000054ac    00000062     ti.uia.loggers.aem4f : LoggerStopMode.oem4f (.text:ti_uia_loggers_LoggerStopMode_flush__E)
                  0000550e    00000002     empty_pem4f.oem4f (.text:xdc_runtime_Startup_reset__I)
                  00005510    00000060     driverlib.lib : timer.obj (.text:TimerConfigure)
                  00005570    00000060     rtsv7M4_T_le_v4SPD16_eabi.lib : trgmsg.obj (.text)
                  000055d0    00000060     sysbios.aem4f : BIOS.obj (.text:ti_sysbios_family_arm_lm4_Timer_isrStub__E)
                  00005630    00000060                   : BIOS.obj (.text:ti_sysbios_knl_Clock_logTick__E)
                  00005690    00000060                   : BIOS.obj (.text:ti_sysbios_knl_Task_Module_startup__E)
                  000056f0    00000060     ti.targets.arm.rtsarm.aem4f : System.oem4f (.text:xdc_runtime_System_formatNum__I)
                  00005750    0000005e     rtsv7M4_T_le_v4SPD16_eabi.lib : copy_decompress_rle.obj (.text)
                  000057ae    00000002     --HOLE-- [fill = 0]
                  000057b0    0000005c     sysbios.aem4f : BIOS.obj (.text:ti_sysbios_family_arm_lm4_Timer_Module_startup__E)
                  0000580c    0000005c     light_sensor.obj (.text:timer2A_ISR)
                  00005868    0000005b     ti.targets.arm.rtsarm.aem4f : Text.oem4f (.text:xdc_runtime_Text_putLab__E)
                  000058c3    00000001     --HOLE-- [fill = 0]
                  000058c4    00000058     boot.aem4f : boot.oem4f (.text)
                  0000591c    00000058     sysbios.aem4f : m3_Hwi_asm_switch.obj (.text:ti_sysbios_family_arm_m3_Hwi_initStacks__E)
                  00005974    00000058                   : BIOS.obj (.text:ti_sysbios_knl_Swi_restoreHwi__E)
                  000059cc    00000058                   : BIOS.obj (.text:ti_sysbios_knl_Swi_schedule__I)
                  00005a24    00000050                   : BIOS.obj (.text:ti_sysbios_utils_Load_updateCurrentThreadTime__E)
                  00005a74    00000050     ti.targets.arm.rtsarm.aem4f : Startup.oem4f (.text:xdc_runtime_Startup_exec__E)
                  00005ac4    00000050                                 : Text.oem4f (.text:xdc_runtime_Text_visitRope2__I)
                  00005b14    0000004c     sysbios.aem4f : BIOS.obj (.text:ti_sysbios_knl_Swi_runLoop__I)
                  00005b60    0000004c     ti.uia.loggers.aem4f : LoggerStopMode.oem4f (.text:ti_uia_loggers_LoggerStopMode_Module_startup__E)
                  00005bac    00000048     driverlib.lib : gpio.obj (.text:GPIOPinConfigure)
                  00005bf4    00000048     motors.obj (.text:stop_motors)
                  00005c3c    00000048     sysbios.aem4f : BIOS.obj (.text:ti_sysbios_family_arm_m3_Hwi_excReserved__I)
                  00005c84    00000048                   : BIOS.obj (.text:ti_sysbios_heaps_HeapMem_getStats__E)
                  00005ccc    00000048     ti.uia.loggers.aem4f : LoggerStopMode.oem4f (.text:ti_uia_loggers_LoggerStopMode_initBuffer__I)
                  00005d14    00000048     ti.targets.arm.rtsarm.aem4f : Assert.oem4f (.text:xdc_runtime_Assert_raise__I)
                  00005d5c    00000046                                 : Core-params.oem4f (.text:xdc_runtime_Core_assignParams__I)
                  00005da2    00000002     --HOLE-- [fill = 0]
                  00005da4    00000044     rtsv7M4_T_le_v4SPD16_eabi.lib : cpy_tbl.obj (.text)
                  00005de8    00000044                                   : exit.obj (.text)
                  00005e2c    00000044     sysbios.aem4f : BIOS.obj (.text:ti_sysbios_family_arm_lm4_Timer_stop__E)
                  00005e70    00000044                   : BIOS.obj (.text:ti_sysbios_family_arm_m3_Hwi_disableInterrupt__E)
                  00005eb4    00000044                   : BIOS.obj (.text:ti_sysbios_family_arm_m3_Hwi_enableInterrupt__E)
                  00005ef8    00000044                   : BIOS.obj (.text:ti_sysbios_knl_Task_allBlockedFunction__I)
                  00005f3c    00000044     ti.targets.arm.rtsarm.aem4f : Error.oem4f (.text:xdc_runtime_Error_setX__E)
                  00005f80    00000044                                 : SysMin.oem4f (.text:xdc_runtime_SysMin_flush__E)
                  00005fc4    00000042     rtsv7M4_T_le_v4SPD16_eabi.lib : u_divt2.obj (.text)
                  00006006    00000002     --HOLE-- [fill = 0]
                  00006008    00000040     EK_TM4C123GXL.obj (.text:EK_TM4C123GXL_initGeneral)
                  00006048    00000040     sysbios.aem4f : BIOS.obj (.text:ti_sysbios_family_arm_lm4_Timer_startup__E)
                  00006088    0000003c     drivers_tivaware.aem4f : GPIOTiva.oem4f (.text:GPIO_toggle)
                  000060c4    0000003c     sysbios.aem4f : BIOS.obj (.text:ti_sysbios_family_arm_m3_Hwi_excSvCall__I)
                  00006100    0000003c                   : BIOS.obj (.text:ti_sysbios_family_arm_m3_Hwi_getStackInfo__E)
                  0000613c    0000003c                   : BIOS.obj (.text:ti_sysbios_heaps_HeapMem_init__I)
                  00006178    0000003c                   : BIOS.obj (.text:ti_sysbios_knl_Swi_startup__E)
                  000061b4    0000003c     ti.targets.arm.rtsarm.aem4f : Text.oem4f (.text:xdc_runtime_Text_xprintf__I)
                  000061f0    00000038     sysbios.aem4f : BIOS.obj (.text:ti_sysbios_family_arm_m3_Hwi_excNoIsr__I)
                  00006228    00000038                   : BIOS.obj (.text:ti_sysbios_family_arm_m3_TaskSupport_start__E)
                  00006260    00000038                   : BIOS.obj (.text:ti_sysbios_knl_Task_processVitalTaskFlag__I)
                  00006298    00000038     ti.targets.arm.rtsarm.aem4f : SysMin.oem4f (.text:xdc_runtime_SysMin_putch__E)
                  000062d0    00000038                                 : System.oem4f (.text:xdc_runtime_System_atexit__E)
                  00006308    00000034     driverlib.lib : sysctl.obj (.text:SysCtlPeripheralEnable)
                  0000633c    00000034     sysbios.aem4f : BIOS.obj (.text:ti_sysbios_family_arm_m3_Hwi_excNmi__I)
                  00006370    00000034                   : BIOS.obj (.text:ti_sysbios_hal_Hwi_checkStack)
                  000063a4    00000034     ti.uia.loggers.aem4f : LoggerStopMode.oem4f (.text:ti_uia_loggers_LoggerStopMode_reset__E)
                  000063d8    00000034     ti.targets.arm.rtsarm.aem4f : Core-label.oem4f (.text:xdc_runtime_Core_assignLabel__I)
                  0000640c    00000033                                 : Text.oem4f (.text:xdc_runtime_Text_printVisFxn__I)
                  0000643f    00000001     --HOLE-- [fill = 0]
                  00006440    00000032     sysbios.aem4f : BIOS.obj (.text:ti_sysbios_knl_Semaphore_pendTimeout__I)
                  00006472    00000002     --HOLE-- [fill = 0]
                  00006474    00000030     empty_pem4f.oem4f (.text:ti_sysbios_BIOS_atExitFunc__I)
                  000064a4    00000030     empty_pem4f.oem4f (.text:ti_sysbios_gates_GateHwi_Object__create__S)
                  000064d4    00000030     empty_pem4f.oem4f (.text:ti_sysbios_gates_GateMutex_Object__create__S)
                  00006504    00000030     empty_pem4f.oem4f (.text:ti_sysbios_heaps_HeapMem_Object__create__S)
                  00006534    00000030     empty_pem4f.oem4f (.text:ti_sysbios_knl_Semaphore_construct)
                  00006564    00000030     empty_pem4f.oem4f (.text:ti_uia_loggers_LoggerStopMode_Object__create__S)
                  00006594    00000030     ti.targets.arm.rtsarm.aem4f : SysMin.oem4f (.text:xdc_runtime_SysMin_abort__E)
                  000065c4    00000030                                 : System.oem4f (.text:xdc_runtime_System_processAtExit__E)
                  000065f4    0000002c     sysbios.aem4f : BIOS.obj (.text:ti_sysbios_hal_Hwi_initStack)
                  00006620    0000002c     empty_pem4f.oem4f (.text:ti_sysbios_knl_Clock_doTick__I)
                  0000664c    0000002c     empty_pem4f.oem4f (.text:ti_sysbios_knl_Queue_construct)
                  00006678    0000002c     sysbios.aem4f : BIOS.obj (.text:ti_sysbios_knl_Task_restore__E)
                  000066a4    0000002c     ti.targets.arm.rtsarm.aem4f : Text.oem4f (.text:xdc_runtime_Text_cordText__E)
                  000066d0    0000002a     driverlib.lib : gpio.obj (.text:GPIODirModeSet)
                  000066fa    0000002a     ti.targets.arm.rtsarm.aem4f : System.oem4f (.text:xdc_runtime_System_putchar__I)
                  00006724    00000028     drivers_tivaware.aem4f : GPIOTiva.oem4f (.text:GPIO_write)
                  0000674c    00000026     sysbios.aem4f : m3_Hwi_asm.obj (.text:ti_sysbios_family_arm_m3_Hwi_pendSV__I)
                  00006772    00000026     ti.targets.arm.rtsarm.aem4f : System.oem4f (.text:xdc_runtime_System_avprintf__E)
                  00006798    00000024     drivers_tivaware.aem4f : GPIOTiva.oem4f (.text:GPIO_init)
                  000067bc    00000024     empty_pem4f.oem4f (.text:ti_sysbios_BIOS_errorRaiseHook__I)
                  000067e0    00000024     empty_pem4f.oem4f (.text:ti_sysbios_BIOS_registerRTSLock__I)
                  00006804    00000024     empty_pem4f.oem4f (.text:ti_sysbios_BIOS_removeRTSLock__I)
                  00006828    00000024     empty_pem4f.oem4f (.text:ti_sysbios_BIOS_startFunc__I)
                  0000684c    00000024     sysbios.aem4f : BIOS.obj (.text:ti_sysbios_family_arm_m3_Hwi_doTaskRestore__I)
                  00006870    00000024     empty_pem4f.oem4f (.text:ti_sysbios_gates_GateMutex_Object__delete__S)
                  00006894    00000024     sysbios.aem4f : BIOS.obj (.text:ti_sysbios_knl_Clock_Module_startup__E)
                  000068b8    00000024                   : BIOS.obj (.text:ti_sysbios_knl_Swi_Module_startup__E)
                  000068dc    00000024     ti.targets.arm.rtsarm.aem4f : System.oem4f (.text:xdc_runtime_System_vprintf__E)
                  00006900    00000022     driverlib.lib : pwm.obj (.text:PWMGenConfigure)
                  00006922    00000022     sysbios.aem4f : BIOS.obj (.text:ti_sysbios_family_arm_lm4_Timer_write__I)
                  00006944    00000022     empty_pem4f.oem4f (.text:xdc_runtime_SysMin_output__I)
                  00006966    00000002     --HOLE-- [fill = 0]
                  00006968    00000020     sysbios.aem4f : m3_Hwi_asm.obj (.text:ti_sysbios_family_arm_m3_Hwi_excHandlerAsm__I)
                  00006988    00000020                   : BIOS.obj (.text:ti_sysbios_family_arm_m3_Hwi_excHandler__I)
                  000069a8    00000020     empty_pem4f.oem4f (.text:ti_sysbios_gates_GateHwi_Object__delete__S)
                  000069c8    00000020     empty_pem4f.oem4f (.text:ti_sysbios_heaps_HeapMem_Object__delete__S)
                  000069e8    00000020     sysbios.aem4f : BIOS.obj (.text:ti_sysbios_knl_Idle_run__E)
                  00006a08    00000020     empty_pem4f.oem4f (.text:ti_sysbios_knl_Semaphore_Object__destruct__S)
                  00006a28    00000020     sysbios.aem4f : BIOS.obj (.text:ti_sysbios_knl_Task_enter__I)
                  00006a48    00000020     empty_pem4f.oem4f (.text:ti_uia_loggers_LoggerStopMode_Object__delete__S)
                  00006a68    00000020     ti.targets.arm.rtsarm.aem4f : Registry.oem4f (.text:xdc_runtime_Registry_findById__E)
                  00006a88    00000020                                 : SysMin.oem4f (.text:xdc_runtime_SysMin_Module_startup__E)
                  00006aa8    0000001e     driverlib.lib : pwm.obj (.text:PWMPulseWidthSet)
                  00006ac6    0000001e     sysbios.aem4f : m3_Hwi_asm_switch.obj (.text:ti_sysbios_family_xxx_Hwi_switchAndRunFunc)
                  00006ae4    0000001c     empty_pem4f.oem4f (.text:ti_sysbios_BIOS_rtsLock__I)
                  00006b00    0000001c     sysbios.aem4f : BIOS.obj (.text:ti_sysbios_gates_GateMutex_Instance_init__E)
                  00006b1c    0000001c     empty_pem4f.oem4f (.text:ti_sysbios_knl_Queue_Object__destruct__S)
                  00006b38    0000001c     ti.targets.arm.rtsarm.aem4f : Error.oem4f (.text:xdc_runtime_Error_raiseX__E)
                  00006b54    0000001c                                 : Memory.oem4f (.text:xdc_runtime_Memory_valloc__E)
                  00006b70    0000001c                                 : SysMin.oem4f (.text:xdc_runtime_SysMin_exit__E)
                  00006b8c    0000001c                                 : System.oem4f (.text:xdc_runtime_System_abort__E)
                  00006ba8    0000001a     empty_pem4f.oem4f (.text:ti_sysbios_family_arm_m3_Hwi_Handle__label__S)
                  00006bc2    0000001a     empty_pem4f.oem4f (.text:ti_sysbios_gates_GateHwi_Handle__label__S)
                  00006bdc    0000001a     empty_pem4f.oem4f (.text:ti_sysbios_gates_GateMutex_Handle__label__S)
                  00006bf6    0000001a     empty_pem4f.oem4f (.text:ti_sysbios_heaps_HeapMem_Handle__label__S)
                  00006c10    0000001a     empty_pem4f.oem4f (.text:ti_sysbios_knl_Swi_Handle__label__S)
                  00006c2a    0000001a     empty_pem4f.oem4f (.text:ti_sysbios_knl_Task_Handle__label__S)
                  00006c44    0000001a     sysbios.aem4f : BIOS.obj (.text:ti_sysbios_knl_Task_sleepTimeout__I)
                  00006c5e    0000001a     empty_pem4f.oem4f (.text:ti_uia_loggers_LoggerStopMode_Handle__label__S)
                  00006c78    0000001a     ti.uia.loggers.aem4f : LoggerStopMode.oem4f (.text:ti_uia_loggers_LoggerStopMode_Instance_init__E)
                  00006c92    0000001a     empty_pem4f.oem4f (.text:xdc_runtime_System_aprintf__E)
                  00006cac    0000001a     empty_pem4f.oem4f (.text:xdc_runtime_System_printf__E)
                  00006cc6    00000018     driverlib.lib : gpio.obj (.text:GPIOPinTypeGPIOOutput)
                  00006cde    00000002     --HOLE-- [fill = 0]
                  00006ce0    00000018     rtsv7M4_T_le_v4SPD16_eabi.lib : args_main.obj (.text)
                  00006cf8    00000018     empty_pem4f.oem4f (.text:ti_sysbios_BIOS_rtsUnlock__I)
                  00006d10    00000018     empty_pem4f.oem4f (.text:ti_sysbios_family_arm_lm4_Timer_Module__startupDone__F)
                  00006d28    00000018     empty_pem4f.oem4f (.text:ti_sysbios_family_arm_m3_Hwi_Module__startupDone__F)
                  00006d40    00000018     sysbios.aem4f : m3_TaskSupport_asm.obj (.text:ti_sysbios_family_arm_m3_TaskSupport_swap__E)
                  00006d58    00000018                   : BIOS.obj (.text:ti_sysbios_gates_GateMutex_leave__E)
                  00006d70    00000018     ti.targets.arm.rtsarm.aem4f : Error.oem4f (.text:xdc_runtime_Error_check__E)
                  00006d88    00000018                                 : System.oem4f (.text:xdc_runtime_System_exit__E)
                  00006da0    00000018                                 : Text.oem4f (.text:xdc_runtime_Text_ropeText__E)
                  00006db8    00000016     empty_pem4f.oem4f (.text:ti_sysbios_BIOS_exitFunc__I)
                  00006dce    00000016     ti.uia.loggers.aem4f : LoggerStopMode.oem4f (.text:ti_uia_loggers_LoggerStopMode_disable__E)
                  00006de4    00000016                          : LoggerStopMode.oem4f (.text:ti_uia_loggers_LoggerStopMode_enable__E)
                  00006dfa    00000002     --HOLE-- [fill = 0]
                  00006dfc    00000014     driverlib.lib : sysctl.obj (.text:SysCtlPWMClockSet)
                  00006e10    00000014     empty.obj (.text:heartBeatFxn)
                  00006e24    00000014     rtsv7M4_T_le_v4SPD16_eabi.lib : _lock.obj (.text)
                  00006e38    00000014                                   : strlen.obj (.text)
                  00006e4c    00000014     empty_pem4f.oem4f (.text:ti_sysbios_family_arm_m3_Hwi_Object__get__S)
                  00006e60    00000014     sysbios.aem4f : BIOS.obj (.text:ti_sysbios_family_arm_m3_Hwi_switchFromBootStack__E)
                  00006e74    00000014     empty_pem4f.oem4f (.text:ti_sysbios_heaps_HeapMem_Object__get__S)
                  00006e88    00000014     empty_pem4f.oem4f (.text:ti_sysbios_knl_Swi_Object__get__S)
                  00006e9c    00000012     driverlib.lib : gpio.obj (.text:GPIOPinTypeGPIOInput)
                  00006eae    00000012                   : gpio.obj (.text:GPIOPinTypePWM)
                  00006ec0    00000012                   : pwm.obj (.text:PWMGenPeriodGet)
                  00006ed2    00000012                   : pwm.obj (.text:PWMOutputState)
                  00006ee4    00000012                   : timer.obj (.text:TimerLoadSet)
                  00006ef6    00000012     rtsv7M4_T_le_v4SPD16_eabi.lib : copy_zero_init.obj (.text:decompress:ZI)
                  00006f08    00000012     sysbios.aem4f : BIOS.obj (.text:ti_sysbios_hal_Hwi_Module_startup__E)
                  00006f1a    00000012     empty_pem4f.oem4f (.text:xdc_runtime_Startup_exec__I)
                  00006f2c    00000010     driverlib.lib : pwm.obj (.text:PWMGenPeriodSet)
                  00006f3c    00000010     light_sensor.obj (.text:lightsense_CLK)
                  00006f4c    00000010     rtsv7M4_T_le_v4SPD16_eabi.lib : strcpy.obj (.text)
                  00006f5c    00000010     sysbios.aem4f : BIOS.obj (.text:ti_sysbios_BIOS_getCpuFreq__E)
                  00006f6c    00000010                   : BIOS.obj (.text:ti_sysbios_BIOS_setThreadType__E)
                  00006f7c    00000010                   : BIOS.obj (.text:ti_sysbios_BIOS_start__E)
                  00006f8c    00000010                   : BIOS.obj (.text:ti_sysbios_family_arm_lm4_TimestampProvider_rolloverFunc__E)
                  00006f9c    00000010                   : m3_TaskSupport_asm.obj (.text:ti_sysbios_family_arm_m3_TaskSupport_glue)
                  00006fac    00000010                   : BIOS.obj (.text:ti_sysbios_gates_GateMutex_Instance_finalize__E)
                  00006fbc    00000010                   : BIOS.obj (.text:ti_sysbios_knl_Semaphore_Instance_finalize__E)
                  00006fcc    00000010                   : BIOS.obj (.text:ti_sysbios_knl_Swi_disable__E)
                  00006fdc    00000010     empty_pem4f.oem4f (.text:ti_sysbios_knl_Task_Object__get__S)
                  00006fec    00000010     sysbios.aem4f : BIOS.obj (.text:ti_sysbios_knl_Task_disable__E)
                  00006ffc    00000010     empty_pem4f.oem4f (.text:ti_uia_loggers_LoggerStopMode_Object__get__S)
                  0000700c    00000010     ti.uia.loggers.aem4f : LoggerStopMode.oem4f (.text:ti_uia_loggers_LoggerStopMode_isEmpty__E)
                  0000701c    00000010     ti.targets.arm.rtsarm.aem4f : Gate.oem4f (.text:xdc_runtime_Gate_leaveSystem__E)
                  0000702c    00000010                                 : Memory.oem4f (.text:xdc_runtime_Memory_free__E)
                  0000703c    00000010                                 : SysMin.oem4f (.text:xdc_runtime_SysMin_ready__E)
                  0000704c    00000010                                 : System.oem4f (.text:xdc_runtime_System_vsnprintf__E)
                  0000705c    00000010     empty_pem4f.oem4f (.text:xdc_runtime_Text_visitRope__I)
                  0000706c    0000000e     driverlib.lib : timer.obj (.text:TimerEnable)
                  0000707a    0000000e     rtsv7M4_T_le_v4SPD16_eabi.lib : copy_decompress_none.obj (.text:decompress:none)
                  00007088    0000000e     sysbios.aem4f : BIOS.obj (.text:ti_sysbios_knl_Queue_empty__E)
                  00007096    00000002     --HOLE-- [fill = 0]
                  00007098    0000000c     empty_pem4f.oem4f (.text:.bootCodeSection:ti_catalog_arm_cortexm4_tiva_ce_Boot_init__I)
                  000070a4    0000000c     driverlib.lib : pwm.obj (.text:PWMGenEnable)
                  000070b0    0000000c     sysbios.aem4f : BIOS.obj (.text:ti_sysbios_family_arm_lm4_Timer_getMaxTicks__E)
                  000070bc    0000000c                   : BIOS.obj (.text:ti_sysbios_family_arm_lm4_TimestampProvider_startTimer__E)
                  000070c8    0000000c                   : BIOS.obj (.text:ti_sysbios_family_arm_m3_Hwi_disableFxn__E)
                  000070d4    0000000c                   : BIOS.obj (.text:ti_sysbios_family_arm_m3_TaskSupport_checkStack__E)
                  000070e0    0000000c                   : BIOS.obj (.text:ti_sysbios_gates_GateHwi_enter__E)
                  000070ec    0000000c     empty_pem4f.oem4f (.text:ti_sysbios_knl_Queue_Object__get__S)
                  000070f8    0000000c     ti.targets.arm.rtsarm.aem4f : Error.oem4f (.text:xdc_runtime_Error_init__E)
                  00007104    0000000c                                 : Gate.oem4f (.text:xdc_runtime_Gate_enterSystem__E)
                  00007110    0000000c                                 : Memory.oem4f (.text:xdc_runtime_Memory_calloc__E)
                  0000711c    0000000c                                 : Memory.oem4f (.text:xdc_runtime_Memory_getMaxDefaultTypeAlign__E)
                  00007128    0000000a     empty_pem4f.oem4f (.text:xdc_runtime_IHeap_alloc)
                  00007132    0000000a     empty_pem4f.oem4f (.text:xdc_runtime_IHeap_free)
                  0000713c    00000008     driverlib.lib : timer.obj (.text:TimerIntEnable)
                  00007144    00000008     sysbios.aem4f : BIOS.obj (.text:ti_sysbios_family_arm_lm4_Timer_masterDisable__I)
                  0000714c    00000008                   : BIOS.obj (.text:ti_sysbios_family_arm_m3_Hwi_doSwiRestore__I)
                  00007154    00000008                   : BIOS.obj (.text:ti_sysbios_family_arm_m3_Hwi_startup__E)
                  0000715c    00000008                   : BIOS.obj (.text:ti_sysbios_knl_Idle_loop__E)
                  00007164    00000006     driverlib.lib : gpio.obj (.text:GPIOPinRead)
                  0000716a    00000006                   : gpio.obj (.text:GPIOPinWrite)
                  00007170    00000006                   : timer.obj (.text:TimerClockSourceSet)
                  00007176    00000006     ti.targets.arm.rtsarm.aem4f : xdc_noinit.oem4f (.text:__xdc__init)
                  0000717c    00000006     rtsv7M4_T_le_v4SPD16_eabi.lib : copy_decompress_rle.obj (.text:decompress:rle24)
                  00007182    00000006     Boot.aem4f : Boot_sysctl.oem4f (.text:ti_catalog_arm_cortexm4_tiva_ce_Boot_sysCtlDelayI__I)
                  00007188    00000006     sysbios.aem4f : BIOS.obj (.text:ti_sysbios_family_arm_lm4_TimestampProvider_Module_startup__E)
                  0000718e    00000006                   : BIOS.obj (.text:ti_sysbios_family_arm_m3_Hwi_restoreFxn__E)
                  00007194    00000006                   : BIOS.obj (.text:ti_sysbios_gates_GateHwi_leave__E)
                  0000719a    00000006                   : BIOS.obj (.text:ti_sysbios_heaps_HeapMem_isBlocking__E)
                  000071a0    00000006                   : BIOS.obj (.text:ti_sysbios_knl_Queue_Instance_init__E)
                  000071a6    00000006     ti.targets.arm.rtsarm.aem4f : System.oem4f (.text:xdc_runtime_System_Module_startup__E)
                  000071ac    00000004     driverlib.lib : timer.obj (.text:TimerIntClear)
                  000071b0    00000004     empty_pem4f.oem4f (.text:ti_sysbios_BIOS_RtsGateProxy_enter__E)
                  000071b4    00000004     empty_pem4f.oem4f (.text:ti_sysbios_BIOS_RtsGateProxy_leave__E)
                  000071b8    00000004     sysbios.aem4f : BIOS.obj (.text:ti_sysbios_family_arm_lm4_Timer_getPeriod__E)
                  000071bc    00000004                   : BIOS.obj (.text:ti_sysbios_family_arm_lm4_Timer_masterEnable__I)
                  000071c0    00000004     empty_pem4f.oem4f (.text:ti_sysbios_family_arm_m3_TaskSupport_Module__startupDone__S)
                  000071c4    00000004     sysbios.aem4f : BIOS.obj (.text:ti_sysbios_gates_GateHwi_query__E)
                  000071c8    00000004                   : BIOS.obj (.text:ti_sysbios_gates_GateMutex_query__E)
                  000071cc    00000004     empty_pem4f.oem4f (.text:ti_sysbios_hal_Hwi_HwiProxy_Module__startupDone__S)
                  000071d0    00000004     empty_pem4f.oem4f (.text:ti_sysbios_heaps_HeapMem_Module_GateProxy_enter__E)
                  000071d4    00000004     empty_pem4f.oem4f (.text:ti_sysbios_heaps_HeapMem_Module_GateProxy_leave__E)
                  000071d8    00000004     empty_pem4f.oem4f (.text:ti_sysbios_knl_Clock_TimerProxy_Module__startupDone__S)
                  000071dc    00000004     empty_pem4f.oem4f (.text:ti_sysbios_knl_Clock_TimerProxy_getMaxTicks__E)
                  000071e0    00000004     empty_pem4f.oem4f (.text:ti_sysbios_knl_Clock_TimerProxy_getPeriod__E)
                  000071e4    00000004     empty_pem4f.oem4f (.text:ti_sysbios_knl_Queue_destruct)
                  000071e8    00000004     empty_pem4f.oem4f (.text:ti_sysbios_knl_Semaphore_destruct)
                  000071ec    00000004     empty_pem4f.oem4f (.text:ti_sysbios_knl_Task_SupportProxy_Module__startupDone__S)
                  000071f0    00000004     sysbios.aem4f : BIOS.obj (.text:ti_sysbios_knl_Task_startup__E)
                  000071f4    00000004     ti.uia.loggers.aem4f : LoggerStopMode.oem4f (.text:ti_uia_loggers_LoggerStopMode_getContents__E)
                  000071f8    00000004     empty_pem4f.oem4f (.text:ti_uia_loggers_LoggerStopMode_getFilterLevel__E)
                  000071fc    00000004     ti.uia.loggers.aem4f : LoggerStopMode.oem4f (.text:ti_uia_loggers_LoggerStopMode_getInstanceId__E)
                  00007200    00000004                          : LoggerStopMode.oem4f (.text:ti_uia_loggers_LoggerStopMode_getMaxLength__E)
                  00007204    00000004                          : LoggerStopMode.oem4f (.text:ti_uia_loggers_LoggerStopMode_getPriority__E)
                  00007208    00000004                          : LoggerStopMode.oem4f (.text:ti_uia_loggers_LoggerStopMode_getTransferType__E)
                  0000720c    00000004     ti.targets.arm.rtsarm.aem4f : Error.oem4f (.text:xdc_runtime_Error_getSite__E)
                  00007210    00000004     empty_pem4f.oem4f (.text:xdc_runtime_Memory_HeapProxy_alloc__E)
                  00007214    00000004     empty_pem4f.oem4f (.text:xdc_runtime_Memory_HeapProxy_free__E)
                  00007218    00000004     empty_pem4f.oem4f (.text:xdc_runtime_System_Module_GateProxy_enter__E)
                  0000721c    00000004     empty_pem4f.oem4f (.text:xdc_runtime_System_Module_GateProxy_leave__E)
                  00007220    00000004     ti.targets.arm.rtsarm.aem4f : System.oem4f (.text:xdc_runtime_System_aprintf_va__F)
                  00007224    00000004                                 : System.oem4f (.text:xdc_runtime_System_printf_va__F)

.const     0    00007228    0000275e     
                  00007228    00001ebd     empty_pem4f.oem4f (.const:xdc_runtime_Text_charTab__A)
                  000090e5    00000001     empty_pem4f.oem4f (.const:xdc_runtime_Error_policy__C)
                  000090e6    00000100     empty_pem4f.oem4f (.const:xdc_runtime_Text_nodeTab__A)
                  000091e6    00000002     empty_pem4f.oem4f (.const:ti_catalog_arm_cortexm4_tiva_ce_Boot_Module__id__C)
                  000091e8    00000090     driverlib.lib : gpio.obj (.const:g_pui32GPIOBaseAddrs)
                  00009278    00000070                   : interrupt.obj (.const)
                  000092e8    0000006c                   : sysctl.obj (.const:g_pui32Xtals)
                  00009354    00000060     empty_pem4f.oem4f (.const:ti_uia_loggers_LoggerStopMode_Module__FXNS__C)
                  000093b4    00000048     empty_pem4f.oem4f (.const:.string)
                  000093fc    0000003c     EK_TM4C123GXL.obj (.const:gpioHWAttrs)
                  00009438    00000028     empty_pem4f.oem4f (.const:ti_sysbios_heaps_HeapMem_Module__FXNS__C)
                  00009460    00000028     empty_pem4f.oem4f (.const:ti_uia_loggers_LoggerStopMode_Object__PARAMS__C)
                  00009488    00000028     empty_pem4f.oem4f (.const:xdc_runtime_Startup_sfxnTab__A)
                  000094b0    00000024     empty_pem4f.oem4f (.const:ti_sysbios_gates_GateHwi_Module__FXNS__C)
                  000094d4    00000024     empty_pem4f.oem4f (.const:ti_sysbios_gates_GateMutex_Module__FXNS__C)
                  000094f8    00000024     empty_pem4f.oem4f (.const:ti_sysbios_heaps_HeapMem_Object__PARAMS__C)
                  0000951c    00000024     empty_pem4f.oem4f (.const:ti_sysbios_knl_Semaphore_Object__PARAMS__C)
                  00009540    00000020     empty_pem4f.oem4f (.const)
                  00009560    00000020     empty_pem4f.oem4f (.const:ti_sysbios_gates_GateHwi_Object__DESC__C)
                  00009580    00000020     empty_pem4f.oem4f (.const:ti_sysbios_gates_GateMutex_Object__DESC__C)
                  000095a0    00000020     empty_pem4f.oem4f (.const:ti_sysbios_heaps_HeapMem_Object__DESC__C)
                  000095c0    00000020     empty_pem4f.oem4f (.const:ti_sysbios_knl_Queue_Object__DESC__C)
                  000095e0    00000020     empty_pem4f.oem4f (.const:ti_sysbios_knl_Semaphore_Object__DESC__C)
                  00009600    00000020     empty_pem4f.oem4f (.const:ti_uia_loggers_LoggerStopMode_Object__DESC__C)
                  00009620    00000018     EK_TM4C123GXL.obj (.const:GPIO_config)
                  00009638    00000018     empty_pem4f.oem4f (.const:ti_sysbios_gates_GateHwi_Object__PARAMS__C)
                  00009650    00000018     empty_pem4f.oem4f (.const:ti_sysbios_gates_GateMutex_Object__PARAMS__C)
                  00009668    00000018     empty_pem4f.oem4f (.const:ti_sysbios_knl_Queue_Object__PARAMS__C)
                  00009680    00000014     empty_pem4f.oem4f (.const:xdc_runtime_Startup_firstFxns__A)
                  00009694    00000014     empty_pem4f.oem4f (.const:xdc_runtime_Startup_sfxnRts__A)
                  000096a8    00000011     ti.targets.arm.rtsarm.aem4f : System.oem4f (.const:.string)
                  000096b9    00000001     --HOLE-- [fill = 0]
                  000096ba    00000002     empty_pem4f.oem4f (.const:ti_sysbios_family_arm_lm4_TimestampProvider_useClockTimer__C)
                  000096bc    00000008     empty_pem4f.oem4f (.const:ti_sysbios_family_arm_m3_Hwi_excHookFuncs__A)
                  000096c4    00000008     empty_pem4f.oem4f (.const:ti_sysbios_knl_Idle_funcList__A)
                  000096cc    00000008     empty_pem4f.oem4f (.const:ti_sysbios_knl_Idle_funcList__C)
                  000096d4    00000008     empty_pem4f.oem4f (.const:xdc_runtime_Startup_firstFxns__C)
                  000096dc    00000008     empty_pem4f.oem4f (.const:xdc_runtime_Startup_lastFxns__C)
                  000096e4    00000004     empty_pem4f.oem4f (.const:ti_catalog_arm_cortexm4_tiva_ce_Boot_A_mustUseEnhancedClockMode__C)
                  000096e8    00000004     empty_pem4f.oem4f (.const:ti_catalog_arm_cortexm4_tiva_ce_Boot_Module__diagsEnabled__C)
                  000096ec    00000004     empty_pem4f.oem4f (.const:ti_catalog_arm_cortexm4_tiva_ce_Boot_Module__diagsIncluded__C)
                  000096f0    00000004     empty_pem4f.oem4f (.const:ti_catalog_arm_cortexm4_tiva_ce_Boot_Module__diagsMask__C)
                  000096f4    00000004     empty_pem4f.oem4f (.const:ti_sysbios_family_arm_lm4_Timer_enableFunc__C)
                  000096f8    00000004     empty_pem4f.oem4f (.const:ti_sysbios_family_arm_lm4_Timer_numTimerDevices__C)
                  000096fc    00000004     empty_pem4f.oem4f (.const:ti_sysbios_family_arm_lm4_Timer_startupNeeded__C)
                  00009700    00000004     empty_pem4f.oem4f (.const:ti_sysbios_family_arm_m3_Hwi_E_NMI__C)
                  00009704    00000004     empty_pem4f.oem4f (.const:ti_sysbios_family_arm_m3_Hwi_E_busFault__C)
                  00009708    00000004     empty_pem4f.oem4f (.const:ti_sysbios_family_arm_m3_Hwi_E_debugMon__C)
                  0000970c    00000004     empty_pem4f.oem4f (.const:ti_sysbios_family_arm_m3_Hwi_E_hardFault__C)
                  00009710    00000004     empty_pem4f.oem4f (.const:ti_sysbios_family_arm_m3_Hwi_E_memFault__C)
                  00009714    00000004     empty_pem4f.oem4f (.const:ti_sysbios_family_arm_m3_Hwi_E_noIsr__C)
                  00009718    00000004     empty_pem4f.oem4f (.const:ti_sysbios_family_arm_m3_Hwi_E_reserved__C)
                  0000971c    00000004     empty_pem4f.oem4f (.const:ti_sysbios_family_arm_m3_Hwi_E_svCall__C)
                  00009720    00000004     empty_pem4f.oem4f (.const:ti_sysbios_family_arm_m3_Hwi_E_usageFault__C)
                  00009724    00000004     empty_pem4f.oem4f (.const:ti_sysbios_family_arm_m3_Hwi_LD_end__C)
                  00009728    00000004     empty_pem4f.oem4f (.const:ti_sysbios_family_arm_m3_Hwi_LM_begin__C)
                  0000972c    00000004     empty_pem4f.oem4f (.const:ti_sysbios_family_arm_m3_Hwi_Module__diagsEnabled__C)
                  00009730    00000004     empty_pem4f.oem4f (.const:ti_sysbios_family_arm_m3_Hwi_Module__diagsIncluded__C)
                  00009734    00000004     empty_pem4f.oem4f (.const:ti_sysbios_family_arm_m3_Hwi_Module__diagsMask__C)
                  00009738    00000004     empty_pem4f.oem4f (.const:ti_sysbios_family_arm_m3_Hwi_Module__loggerFxn1__C)
                  0000973c    00000004     empty_pem4f.oem4f (.const:ti_sysbios_family_arm_m3_Hwi_Module__loggerFxn8__C)
                  00009740    00000004     empty_pem4f.oem4f (.const:ti_sysbios_family_arm_m3_Hwi_Module__loggerObj__C)
                  00009744    00000004     empty_pem4f.oem4f (.const:ti_sysbios_family_arm_m3_Hwi_NUM_INTERRUPTS__C)
                  00009748    00000004     empty_pem4f.oem4f (.const:ti_sysbios_family_arm_m3_Hwi_Object__count__C)
                  0000974c    00000004     empty_pem4f.oem4f (.const:ti_sysbios_family_arm_m3_Hwi_ccr__C)
                  00009750    00000004     empty_pem4f.oem4f (.const:ti_sysbios_family_arm_m3_Hwi_excHandlerFunc__C)
                  00009754    00000004     empty_pem4f.oem4f (.const:ti_sysbios_family_arm_m3_Hwi_excHookFuncs__C)
                  00009758    00000004     empty_pem4f.oem4f (.const:ti_sysbios_family_arm_m3_Hwi_nullIsrFunc__C)
                  0000975c    00000004     empty_pem4f.oem4f (.const:ti_sysbios_family_arm_m3_Hwi_priGroup__C)
                  00009760    00000004     empty_pem4f.oem4f (.const:ti_sysbios_gates_GateMutex_A_badContext__C)
                  00009764    00000004     empty_pem4f.oem4f (.const:ti_sysbios_gates_GateMutex_Instance_State_sem__O)
                  00009768    00000004     empty_pem4f.oem4f (.const:ti_sysbios_gates_GateMutex_Module__diagsEnabled__C)
                  0000976c    00000004     empty_pem4f.oem4f (.const:ti_sysbios_gates_GateMutex_Module__diagsIncluded__C)
                  00009770    00000004     empty_pem4f.oem4f (.const:ti_sysbios_gates_GateMutex_Module__diagsMask__C)
                  00009774    00000004     empty_pem4f.oem4f (.const:ti_sysbios_hal_Hwi_E_stackOverflow__C)
                  00009778    00000004     empty_pem4f.oem4f (.const:ti_sysbios_heaps_HeapMem_A_align__C)
                  0000977c    00000004     empty_pem4f.oem4f (.const:ti_sysbios_heaps_HeapMem_A_heapSize__C)
                  00009780    00000004     empty_pem4f.oem4f (.const:ti_sysbios_heaps_HeapMem_A_invalidFree__C)
                  00009784    00000004     empty_pem4f.oem4f (.const:ti_sysbios_heaps_HeapMem_A_zeroBlock__C)
                  00009788    00000004     empty_pem4f.oem4f (.const:ti_sysbios_heaps_HeapMem_E_memory__C)
                  0000978c    00000004     empty_pem4f.oem4f (.const:ti_sysbios_heaps_HeapMem_Module__diagsEnabled__C)
                  00009790    00000004     empty_pem4f.oem4f (.const:ti_sysbios_heaps_HeapMem_Module__diagsIncluded__C)
                  00009794    00000004     empty_pem4f.oem4f (.const:ti_sysbios_heaps_HeapMem_Module__diagsMask__C)
                  00009798    00000004     empty_pem4f.oem4f (.const:ti_sysbios_heaps_HeapMem_Module__gateObj__C)
                  0000979c    00000004     empty_pem4f.oem4f (.const:ti_sysbios_heaps_HeapMem_Object__count__C)
                  000097a0    00000004     empty_pem4f.oem4f (.const:ti_sysbios_heaps_HeapMem_reqAlign__C)
                  000097a4    00000004     empty_pem4f.oem4f (.const:ti_sysbios_knl_Clock_LM_begin__C)
                  000097a8    00000004     empty_pem4f.oem4f (.const:ti_sysbios_knl_Clock_LM_tick__C)
                  000097ac    00000004     empty_pem4f.oem4f (.const:ti_sysbios_knl_Clock_LW_delayed__C)
                  000097b0    00000004     empty_pem4f.oem4f (.const:ti_sysbios_knl_Clock_Module_State_clockQ__O)
                  000097b4    00000004     empty_pem4f.oem4f (.const:ti_sysbios_knl_Clock_Module__diagsEnabled__C)
                  000097b8    00000004     empty_pem4f.oem4f (.const:ti_sysbios_knl_Clock_Module__diagsIncluded__C)
                  000097bc    00000004     empty_pem4f.oem4f (.const:ti_sysbios_knl_Clock_Module__diagsMask__C)
                  000097c0    00000004     empty_pem4f.oem4f (.const:ti_sysbios_knl_Clock_Module__loggerFxn1__C)
                  000097c4    00000004     empty_pem4f.oem4f (.const:ti_sysbios_knl_Clock_Module__loggerFxn2__C)
                  000097c8    00000004     empty_pem4f.oem4f (.const:ti_sysbios_knl_Clock_Module__loggerObj__C)
                  000097cc    00000004     empty_pem4f.oem4f (.const:ti_sysbios_knl_Semaphore_A_badContext__C)
                  000097d0    00000004     empty_pem4f.oem4f (.const:ti_sysbios_knl_Semaphore_A_noEvents__C)
                  000097d4    00000004     empty_pem4f.oem4f (.const:ti_sysbios_knl_Semaphore_A_overflow__C)
                  000097d8    00000004     empty_pem4f.oem4f (.const:ti_sysbios_knl_Semaphore_A_pendTaskDisabled__C)
                  000097dc    00000004     empty_pem4f.oem4f (.const:ti_sysbios_knl_Semaphore_Instance_State_pendQ__O)
                  000097e0    00000004     empty_pem4f.oem4f (.const:ti_sysbios_knl_Semaphore_LM_pend__C)
                  000097e4    00000004     empty_pem4f.oem4f (.const:ti_sysbios_knl_Semaphore_LM_post__C)
                  000097e8    00000004     empty_pem4f.oem4f (.const:ti_sysbios_knl_Semaphore_Module__diagsEnabled__C)
                  000097ec    00000004     empty_pem4f.oem4f (.const:ti_sysbios_knl_Semaphore_Module__diagsIncluded__C)
                  000097f0    00000004     empty_pem4f.oem4f (.const:ti_sysbios_knl_Semaphore_Module__diagsMask__C)
                  000097f4    00000004     empty_pem4f.oem4f (.const:ti_sysbios_knl_Semaphore_Module__loggerFxn2__C)
                  000097f8    00000004     empty_pem4f.oem4f (.const:ti_sysbios_knl_Semaphore_Module__loggerFxn4__C)
                  000097fc    00000004     empty_pem4f.oem4f (.const:ti_sysbios_knl_Semaphore_Module__loggerObj__C)
                  00009800    00000004     empty_pem4f.oem4f (.const:ti_sysbios_knl_Swi_LD_end__C)
                  00009804    00000004     empty_pem4f.oem4f (.const:ti_sysbios_knl_Swi_LM_begin__C)
                  00009808    00000004     empty_pem4f.oem4f (.const:ti_sysbios_knl_Swi_LM_post__C)
                  0000980c    00000004     empty_pem4f.oem4f (.const:ti_sysbios_knl_Swi_Module__diagsEnabled__C)
                  00009810    00000004     empty_pem4f.oem4f (.const:ti_sysbios_knl_Swi_Module__diagsIncluded__C)
                  00009814    00000004     empty_pem4f.oem4f (.const:ti_sysbios_knl_Swi_Module__diagsMask__C)
                  00009818    00000004     empty_pem4f.oem4f (.const:ti_sysbios_knl_Swi_Module__loggerFxn1__C)
                  0000981c    00000004     empty_pem4f.oem4f (.const:ti_sysbios_knl_Swi_Module__loggerFxn4__C)
                  00009820    00000004     empty_pem4f.oem4f (.const:ti_sysbios_knl_Swi_Module__loggerObj__C)
                  00009824    00000004     empty_pem4f.oem4f (.const:ti_sysbios_knl_Swi_Object__count__C)
                  00009828    00000004     empty_pem4f.oem4f (.const:ti_sysbios_knl_Task_A_badTimeout__C)
                  0000982c    00000004     empty_pem4f.oem4f (.const:ti_sysbios_knl_Task_A_sleepTaskDisabled__C)
                  00009830    00000004     empty_pem4f.oem4f (.const:ti_sysbios_knl_Task_E_spOutOfBounds__C)
                  00009834    00000004     empty_pem4f.oem4f (.const:ti_sysbios_knl_Task_E_stackOverflow__C)
                  00009838    00000004     empty_pem4f.oem4f (.const:ti_sysbios_knl_Task_LD_block__C)
                  0000983c    00000004     empty_pem4f.oem4f (.const:ti_sysbios_knl_Task_LD_exit__C)
                  00009840    00000004     empty_pem4f.oem4f (.const:ti_sysbios_knl_Task_LD_ready__C)
                  00009844    00000004     empty_pem4f.oem4f (.const:ti_sysbios_knl_Task_LM_sleep__C)
                  00009848    00000004     empty_pem4f.oem4f (.const:ti_sysbios_knl_Task_LM_switch__C)
                  0000984c    00000004     empty_pem4f.oem4f (.const:ti_sysbios_knl_Task_Module_State_inactiveQ__O)
                  00009850    00000004     empty_pem4f.oem4f (.const:ti_sysbios_knl_Task_Module__diagsEnabled__C)
                  00009854    00000004     empty_pem4f.oem4f (.const:ti_sysbios_knl_Task_Module__diagsIncluded__C)
                  00009858    00000004     empty_pem4f.oem4f (.const:ti_sysbios_knl_Task_Module__diagsMask__C)
                  0000985c    00000004     empty_pem4f.oem4f (.const:ti_sysbios_knl_Task_Module__loggerFxn2__C)
                  00009860    00000004     empty_pem4f.oem4f (.const:ti_sysbios_knl_Task_Module__loggerFxn4__C)
                  00009864    00000004     empty_pem4f.oem4f (.const:ti_sysbios_knl_Task_Module__loggerObj__C)
                  00009868    00000004     empty_pem4f.oem4f (.const:ti_sysbios_knl_Task_Object__count__C)
                  0000986c    00000004     empty_pem4f.oem4f (.const:ti_sysbios_knl_Task_allBlockedFunc__C)
                  00009870    00000004     empty_pem4f.oem4f (.const:ti_sysbios_knl_Task_numConstructedTasks__C)
                  00009874    00000004     empty_pem4f.oem4f (.const:ti_sysbios_utils_Load_LS_cpuLoad__C)
                  00009878    00000004     empty_pem4f.oem4f (.const:ti_sysbios_utils_Load_LS_hwiLoad__C)
                  0000987c    00000004     empty_pem4f.oem4f (.const:ti_sysbios_utils_Load_Module__diagsEnabled__C)
                  00009880    00000004     empty_pem4f.oem4f (.const:ti_sysbios_utils_Load_Module__diagsIncluded__C)
                  00009884    00000004     empty_pem4f.oem4f (.const:ti_sysbios_utils_Load_Module__diagsMask__C)
                  00009888    00000004     empty_pem4f.oem4f (.const:ti_sysbios_utils_Load_Module__loggerFxn1__C)
                  0000988c    00000004     empty_pem4f.oem4f (.const:ti_sysbios_utils_Load_Module__loggerFxn2__C)
                  00009890    00000004     empty_pem4f.oem4f (.const:ti_sysbios_utils_Load_Module__loggerObj__C)
                  00009894    00000004     empty_pem4f.oem4f (.const:ti_sysbios_utils_Load_postUpdate__C)
                  00009898    00000004     empty_pem4f.oem4f (.const:ti_sysbios_utils_Load_windowInMs__C)
                  0000989c    00000004     empty_pem4f.oem4f (.const:ti_uia_loggers_LoggerStopMode_Module__diagsEnabled__C)
                  000098a0    00000004     empty_pem4f.oem4f (.const:ti_uia_loggers_LoggerStopMode_Module__diagsIncluded__C)
                  000098a4    00000004     empty_pem4f.oem4f (.const:ti_uia_loggers_LoggerStopMode_Module__diagsMask__C)
                  000098a8    00000004     empty_pem4f.oem4f (.const:ti_uia_loggers_LoggerStopMode_Object__count__C)
                  000098ac    00000004     empty_pem4f.oem4f (.const:ti_uia_runtime_ILoggerSnapshot_Interface__BASE__C)
                  000098b0    00000004     empty_pem4f.oem4f (.const:ti_uia_runtime_IUIATransfer_Interface__BASE__C)
                  000098b4    00000004     empty_pem4f.oem4f (.const:xdc_runtime_Assert_E_assertFailed__C)
                  000098b8    00000004     empty_pem4f.oem4f (.const:xdc_runtime_Core_A_initializedParams__C)
                  000098bc    00000004     empty_pem4f.oem4f (.const:xdc_runtime_Core_Module__diagsEnabled__C)
                  000098c0    00000004     empty_pem4f.oem4f (.const:xdc_runtime_Core_Module__diagsIncluded__C)
                  000098c4    00000004     empty_pem4f.oem4f (.const:xdc_runtime_Core_Module__diagsMask__C)
                  000098c8    00000004     empty_pem4f.oem4f (.const:xdc_runtime_Error_E_memory__C)
                  000098cc    00000004     empty_pem4f.oem4f (.const:xdc_runtime_Error_Module__diagsEnabled__C)
                  000098d0    00000004     empty_pem4f.oem4f (.const:xdc_runtime_Error_Module__diagsIncluded__C)
                  000098d4    00000004     empty_pem4f.oem4f (.const:xdc_runtime_Error_Module__diagsMask__C)
                  000098d8    00000004     empty_pem4f.oem4f (.const:xdc_runtime_Error_Module__loggerFxn8__C)
                  000098dc    00000004     empty_pem4f.oem4f (.const:xdc_runtime_Error_Module__loggerObj__C)
                  000098e0    00000004     empty_pem4f.oem4f (.const:xdc_runtime_Error_policyFxn__C)
                  000098e4    00000004     empty_pem4f.oem4f (.const:xdc_runtime_Error_raiseHook__C)
                  000098e8    00000004     empty_pem4f.oem4f (.const:xdc_runtime_IFilterLogger_Interface__BASE__C)
                  000098ec    00000004     empty_pem4f.oem4f (.const:xdc_runtime_IGateProvider_Interface__BASE__C)
                  000098f0    00000004     empty_pem4f.oem4f (.const:xdc_runtime_IHeap_Interface__BASE__C)
                  000098f4    00000004     empty_pem4f.oem4f (.const:xdc_runtime_ILogger_Interface__BASE__C)
                  000098f8    00000004     empty_pem4f.oem4f (.const:xdc_runtime_IModule_Interface__BASE__C)
                  000098fc    00000004     empty_pem4f.oem4f (.const:xdc_runtime_Log_L_error__C)
                  00009900    00000004     empty_pem4f.oem4f (.const:xdc_runtime_Memory_defaultHeapInstance__C)
                  00009904    00000004     empty_pem4f.oem4f (.const:xdc_runtime_Startup_execImpl__C)
                  00009908    00000004     empty_pem4f.oem4f (.const:xdc_runtime_Startup_lastFxns__A)
                  0000990c    00000004     empty_pem4f.oem4f (.const:xdc_runtime_Startup_maxPasses__C)
                  00009910    00000004     empty_pem4f.oem4f (.const:xdc_runtime_Startup_sfxnRts__C)
                  00009914    00000004     empty_pem4f.oem4f (.const:xdc_runtime_Startup_sfxnTab__C)
                  00009918    00000004     empty_pem4f.oem4f (.const:xdc_runtime_SysMin_bufSize__C)
                  0000991c    00000004     empty_pem4f.oem4f (.const:xdc_runtime_SysMin_outputFunc__C)
                  00009920    00000004     empty_pem4f.oem4f (.const:xdc_runtime_System_Module__gateObj__C)
                  00009924    00000004     empty_pem4f.oem4f (.const:xdc_runtime_System_abortFxn__C)
                  00009928    00000004     empty_pem4f.oem4f (.const:xdc_runtime_System_exitFxn__C)
                  0000992c    00000004     empty_pem4f.oem4f (.const:xdc_runtime_System_extendFxn__C)
                  00009930    00000004     empty_pem4f.oem4f (.const:xdc_runtime_System_maxAtexitHandlers__C)
                  00009934    00000004     empty_pem4f.oem4f (.const:xdc_runtime_Text_charTab__C)
                  00009938    00000004     empty_pem4f.oem4f (.const:xdc_runtime_Text_nameEmpty__C)
                  0000993c    00000004     empty_pem4f.oem4f (.const:xdc_runtime_Text_nameStatic__C)
                  00009940    00000004     empty_pem4f.oem4f (.const:xdc_runtime_Text_nameUnknown__C)
                  00009944    00000004     empty_pem4f.oem4f (.const:xdc_runtime_Text_nodeTab__C)
                  00009948    00000004     empty_pem4f.oem4f (.const:xdc_runtime_Text_visitRopeFxn__C)
                  0000994c    00000002     empty_pem4f.oem4f (.const:ti_sysbios_family_arm_m3_Hwi_Module__id__C)
                  0000994e    00000002     empty_pem4f.oem4f (.const:ti_sysbios_family_arm_m3_Hwi_Module__loggerDefined__C)
                  00009950    00000002     empty_pem4f.oem4f (.const:ti_sysbios_gates_GateMutex_Module__id__C)
                  00009952    00000002     empty_pem4f.oem4f (.const:ti_sysbios_hal_Hwi_Module__id__C)
                  00009954    00000002     empty_pem4f.oem4f (.const:ti_sysbios_heaps_HeapMem_Module__id__C)
                  00009956    00000002     empty_pem4f.oem4f (.const:ti_sysbios_knl_Clock_Module__id__C)
                  00009958    00000002     empty_pem4f.oem4f (.const:ti_sysbios_knl_Clock_Module__loggerDefined__C)
                  0000995a    00000002     empty_pem4f.oem4f (.const:ti_sysbios_knl_Semaphore_Module__id__C)
                  0000995c    00000002     empty_pem4f.oem4f (.const:ti_sysbios_knl_Semaphore_Module__loggerDefined__C)
                  0000995e    00000002     empty_pem4f.oem4f (.const:ti_sysbios_knl_Swi_Module__id__C)
                  00009960    00000002     empty_pem4f.oem4f (.const:ti_sysbios_knl_Swi_Module__loggerDefined__C)
                  00009962    00000002     empty_pem4f.oem4f (.const:ti_sysbios_knl_Task_Module__id__C)
                  00009964    00000002     empty_pem4f.oem4f (.const:ti_sysbios_knl_Task_Module__loggerDefined__C)
                  00009966    00000002     empty_pem4f.oem4f (.const:ti_sysbios_knl_Task_initStackFlag__C)
                  00009968    00000002     empty_pem4f.oem4f (.const:ti_sysbios_utils_Load_Module__id__C)
                  0000996a    00000002     empty_pem4f.oem4f (.const:ti_sysbios_utils_Load_Module__loggerDefined__C)
                  0000996c    00000002     empty_pem4f.oem4f (.const:ti_sysbios_utils_Load_hwiEnabled__C)
                  0000996e    00000002     empty_pem4f.oem4f (.const:ti_sysbios_utils_Load_updateInIdle__C)
                  00009970    00000002     empty_pem4f.oem4f (.const:ti_uia_loggers_LoggerStopMode_Module__id__C)
                  00009972    00000002     empty_pem4f.oem4f (.const:ti_uia_loggers_LoggerStopMode_isTimestampEnabled__C)
                  00009974    00000002     empty_pem4f.oem4f (.const:xdc_runtime_Core_Module__id__C)
                  00009976    00000002     empty_pem4f.oem4f (.const:xdc_runtime_Error_Module__loggerDefined__C)
                  00009978    00000002     empty_pem4f.oem4f (.const:xdc_runtime_Error_maxDepth__C)
                  0000997a    00000002     empty_pem4f.oem4f (.const:xdc_runtime_Memory_Module__id__C)
                  0000997c    00000002     empty_pem4f.oem4f (.const:xdc_runtime_SysMin_flushAtExit__C)
                  0000997e    00000002     empty_pem4f.oem4f (.const:xdc_runtime_Text_charCnt__C)
                  00009980    00000002     empty_pem4f.oem4f (.const:xdc_runtime_Text_isLoaded__C)
                  00009982    00000002     empty_pem4f.oem4f (.const:xdc_runtime_Text_registryModsLastId__C)
                  00009984    00000002     empty_pem4f.oem4f (.const:xdc_runtime_Text_unnamedModsLastId__C)

.cinit     0    00009988    00000530     
                  00009988    000004f7     (.cinit..data.load) [load image, compression = rle]
                  00009e7f    00000001     --HOLE-- [fill = 0]
                  00009e80    0000000c     (__TI_handler_table)
                  00009e8c    00000004     --HOLE-- [fill = 0]
                  00009e90    00000008     (.cinit..bss.load) [load image, compression = zero_init]
                  00009e98    00000008     (.cinit..vecs.load) [load image, compression = zero_init]
                  00009ea0    00000018     (__TI_cinit_table)

.vecs      0    20000000    00000360     UNINITIALIZED
                  20000000    00000360     empty_pem4f.oem4f (.vecs)

.bss       0    20000380    00003e30     UNINITIALIZED
                  20000380    00001a00     empty_pem4f.oem4f (.bss:taskStackSection)
                  20001d80    00001000     empty_pem4f.oem4f (.bss:ti_sysbios_heaps_HeapMem_Instance_State_0_buf__A)
                  20002d80    00000400     empty_pem4f.oem4f (.bss:ti_uia_loggers_LoggerStopMode_Instance_State_1_packetArray__A)
                  20003180    00000400     empty_pem4f.oem4f (.bss:ti_uia_loggers_LoggerStopMode_Instance_State_2_packetArray__A)
                  20003580    00000400     empty_pem4f.oem4f (.bss:xdc_runtime_SysMin_Module_State_0_outbuf__A)
                  20003980    00000360     empty_pem4f.oem4f (.bss:ti_sysbios_family_arm_m3_Hwi_dispatchTable)
                  20003ce0    00000008     (.common:parmbuf)
                  20003ce8    00000018     --HOLE--
                  20003d00    00000200     empty_pem4f.oem4f (.bss:ti_uia_loggers_LoggerStopMode_Instance_State_0_packetArray__A)
                  20003f00    00000120     rtsv7M4_T_le_v4SPD16_eabi.lib : trgmsg.obj (.bss:__CIOBUF_)
                  20004020    00000060     --HOLE--
                  20004080    00000030     empty_pem4f.oem4f (.bss:ti_uia_loggers_LoggerStopMode_Instance_State_0_hdr__A)
                  200040b0    00000050     --HOLE--
                  20004100    00000030     empty_pem4f.oem4f (.bss:ti_uia_loggers_LoggerStopMode_Instance_State_1_hdr__A)
                  20004130    00000050     --HOLE--
                  20004180    00000030     empty_pem4f.oem4f (.bss:ti_uia_loggers_LoggerStopMode_Instance_State_2_hdr__A)

.stack     0    200041b0    00001000     UNINITIALIZED
                  200041b0    00001000     --HOLE--

.data      0    200051b0    000007ab     UNINITIALIZED
                  200051b0    000001a8     empty_pem4f.oem4f (.data)
                  20005358    00000130     empty_pem4f.oem4f (.data:ti_sysbios_knl_Task_Object__table__V)
                  20005488    0000009c     empty_pem4f.oem4f (.data:ti_uia_loggers_LoggerStopMode_Object__table__V)
                  20005524    00000098     empty_pem4f.oem4f (.data:ti_sysbios_utils_Load_Module__state__V)
                  200055bc    00000080     empty_pem4f.oem4f (.data:ti_sysbios_family_arm_lm4_Timer_Object__table__V)
                  2000563c    00000080     empty_pem4f.oem4f (.data:ti_sysbios_knl_Swi_Module_State_0_readyQ__A)
                  200056bc    00000080     empty_pem4f.oem4f (.data:ti_sysbios_knl_Task_Module_State_0_readyQ__A)
                  2000573c    00000060     empty_pem4f.oem4f (.data:ti_sysbios_family_arm_m3_Hwi_Object__table__V)
                  2000579c    00000044     empty_pem4f.oem4f (.data:ti_sysbios_knl_Task_Module__state__V)
                  200057e0    00000038     empty_pem4f.oem4f (.data:ti_sysbios_gates_GateMutex_Object__table__V)
                  20005818    00000034     empty_pem4f.oem4f (.data:ti_sysbios_family_arm_m3_Hwi_Module__state__V)
                  2000584c    00000030     empty_pem4f.oem4f (.data:ti_sysbios_family_arm_lm4_Timer_Module_State_0_device__A)
                  2000587c    00000030     empty_pem4f.oem4f (.data:ti_sysbios_knl_Swi_Object__table__V)
                  200058ac    0000002c     empty_pem4f.oem4f (.data:ti_sysbios_knl_Clock_Module__state__V)
                  200058d8    00000028     empty_pem4f.oem4f (.data:ti_sysbios_knl_Semaphore_Object__table__V)
                  20005900    00000024     empty_pem4f.oem4f (.data:ti_sysbios_BIOS_Module__state__V)
                  20005924    00000010     light_sensor.obj (.data)
                  20005934    00000008     drivers_tivaware.aem4f : GPIOTiva.oem4f (.data)
                  2000593c    00000008     rtsv7M4_T_le_v4SPD16_eabi.lib : _lock.obj (.data)
                  20005944    00000008                                   : exit.obj (.data)
                  2000594c    00000008     ti.uia.runtime.aem4f : QueueDescriptor.oem4f (.data)
                  20005954    00000004     rtsv7M4_T_le_v4SPD16_eabi.lib : stkdepth_vars.obj (.data)
                  20005958    00000002     drive.obj (.data)
                  2000595a    00000001     motors.obj (.data)


LINKER GENERATED COPY TABLES

__TI_cinit_table @ 00009ea0 records: 3, size/record: 8, table size: 24
	.data: load addr=00009988, load size=000004f7 bytes, run addr=200051b0, run size=000007ab bytes, compression=rle
	.bss: load addr=00009e90, load size=00000008 bytes, run addr=20000380, run size=00003e30 bytes, compression=zero_init
	.vecs: load addr=00009e98, load size=00000008 bytes, run addr=20000000, run size=00000360 bytes, compression=zero_init


LINKER GENERATED HANDLER TABLE

__TI_handler_table @ 00009e80 records: 3, size/record: 4, table size: 12
	index: 0, handler: __TI_zero_init
	index: 1, handler: __TI_decompress_rle24
	index: 2, handler: __TI_decompress_none


GLOBAL SYMBOLS: SORTED ALPHABETICALLY BY Name 

address    name
--------   ----
00005de9   C$$EXIT
0000559b   C$$IO$$
0000955c   Drive_task
00004e41   EK_TM4C123GXL_initGPIO
00006009   EK_TM4C123GXL_initGeneral
000066d1   GPIODirModeSet
0000297d   GPIOPadConfigSet
00005bad   GPIOPinConfigure
00007165   GPIOPinRead
00006e9d   GPIOPinTypeGPIOInput
00006cc7   GPIOPinTypeGPIOOutput
00006eaf   GPIOPinTypePWM
0000716b   GPIOPinWrite
00009620   GPIO_config
00006799   GPIO_init
00006089   GPIO_toggle
00006725   GPIO_write
00001339   HOSTclock
00001301   HOSTclose
000012c3   HOSTgetenv
00001267   HOSTlseek
00001215   HOSTopen
000011c9   HOSTread
0000116b   HOSTrename
00001131   HOSTtime
000010f9   HOSTunlink
000010ad   HOSTwrite
00005379   IntEnable
00009558   Light_sensor
00006901   PWMGenConfigure
000070a5   PWMGenEnable
00006ec1   PWMGenPeriodGet
00006f2d   PWMGenPeriodSet
00006ed3   PWMOutputState
00006aa9   PWMPulseWidthSet
00001bfd   Robot_PWM_init
0000003d   Robot_drive_task
00002e19   Robot_lightsnsr_task
UNDEFED    SHT$$INIT_ARRAY$$Base
UNDEFED    SHT$$INIT_ARRAY$$Limit
00009548   Sema_lightsense
00009544   Sema_lightsense_f
00002f31   SysCtlClockGet
00006dfd   SysCtlPWMClockSet
00006309   SysCtlPeripheralEnable
2000543c   TSK_idle
00009550   Timer2A
0000954c   Timer2B
00007171   TimerClockSourceSet
00005511   TimerConfigure
0000706d   TimerEnable
000071ad   TimerIntClear
0000713d   TimerIntEnable
00006ee5   TimerLoadSet
00000000   __ASM__
20003f00   __CIOBUF_
0000004e   __ISA__
00000061   __PLAT__
200051b0   __STACK_END
00001000   __STACK_SIZE
200042b0   __STACK_TOP
00000082   __TARG__
00009ea0   __TI_CINIT_Base
00009eb8   __TI_CINIT_Limit
00009e80   __TI_Handler_Table_Base
00009e8c   __TI_Handler_Table_Limit
00000001   __TI_args_main
00004609   __TI_auto_init
20005944   __TI_cleanup_ptr
0000707b   __TI_decompress_none
0000717d   __TI_decompress_rle24
20005948   __TI_dtors_ptr
0000559f   __TI_readmsg
00000000   __TI_static_base__
00005571   __TI_writemsg
00006ef7   __TI_zero_init
000000a8   __TRDR__
00005145   __aeabi_memclr
00005145   __aeabi_memclr4
00005145   __aeabi_memclr8
00004747   __aeabi_memcpy
00004747   __aeabi_memcpy4
00004747   __aeabi_memcpy8
00005147   __aeabi_memset
00005147   __aeabi_memset4
00005147   __aeabi_memset8
00005fc5   __aeabi_uidiv
00005fc5   __aeabi_uidivmod
ffffffff   __binit__
ffffffff   __c_args__
200041b0   __stack
00007177   __xdc__init
20005354   __xdc__init__addr
00006ce1   _args_main
000058c5   _c_int00
2000593c   _lock
00006e33   _nop
00006e2b   _register_lock
00006e25   _register_unlock
20005940   _unlock
00005ded   abort
ffffffff   binit
00005da5   copy_in
20005959   drivestate
20005958   dutycycle
000039ed   error_calc
00005df5   exit
00004ec9   fwd_pid
000093fc   gpioHWAttrs
00006e11   heartBeatFxn
00009540   heartBeatTask
00006f3d   lightsense_CLK
00009554   lightsense_clock
20005924   lightsnsr_val1
20005928   lightsnsr_val2
2000592c   lightsnsr_val3
20005930   lightsnsr_val4
0000491d   main
20005954   main_func_sp
00004747   memcpy
0000514d   memset
2000595a   num_moves
000046a9   pid_terms_calc
00004f49   rev_pid
00005bf5   stop_motors
00006f4d   strcpy
00006e39   strlen
000096e4   ti_catalog_arm_cortexm4_tiva_ce_Boot_A_mustUseEnhancedClockMode__C
000096e8   ti_catalog_arm_cortexm4_tiva_ce_Boot_Module__diagsEnabled__C
000096ec   ti_catalog_arm_cortexm4_tiva_ce_Boot_Module__diagsIncluded__C
000096f0   ti_catalog_arm_cortexm4_tiva_ce_Boot_Module__diagsMask__C
000091e6   ti_catalog_arm_cortexm4_tiva_ce_Boot_Module__id__C
00007099   ti_catalog_arm_cortexm4_tiva_ce_Boot_init__I
0000325d   ti_catalog_arm_cortexm4_tiva_ce_Boot_sysCtlClockSetI__I
000049b5   ti_catalog_arm_cortexm4_tiva_ce_Boot_sysCtlClockSet__E
00007183   ti_catalog_arm_cortexm4_tiva_ce_Boot_sysCtlDelayI__I
20005900   ti_sysbios_BIOS_Module__state__V
000071b1   ti_sysbios_BIOS_RtsGateProxy_enter__E
000071b5   ti_sysbios_BIOS_RtsGateProxy_leave__E
000071c9   ti_sysbios_BIOS_RtsGateProxy_query__E
00006475   ti_sysbios_BIOS_atExitFunc__I
000067bd   ti_sysbios_BIOS_errorRaiseHook__I
00006db9   ti_sysbios_BIOS_exitFunc__I
00006f5d   ti_sysbios_BIOS_getCpuFreq__E
000047e3   ti_sysbios_BIOS_nullFunc__I
000067e1   ti_sysbios_BIOS_registerRTSLock__I
00006805   ti_sysbios_BIOS_removeRTSLock__I
00006ae5   ti_sysbios_BIOS_rtsLock__I
00006cf9   ti_sysbios_BIOS_rtsUnlock__I
00006f6d   ti_sysbios_BIOS_setThreadType__E
00006829   ti_sysbios_BIOS_startFunc__I
00006f7d   ti_sysbios_BIOS_start__E
2000584c   ti_sysbios_family_arm_lm4_Timer_Module_State_0_device__A
200051d8   ti_sysbios_family_arm_lm4_Timer_Module_State_0_handles__A
200051d0   ti_sysbios_family_arm_lm4_Timer_Module__root__V
00006d11   ti_sysbios_family_arm_lm4_Timer_Module__startupDone__F
00006d11   ti_sysbios_family_arm_lm4_Timer_Module__startupDone__S
200051f0   ti_sysbios_family_arm_lm4_Timer_Module__state__V
000057b1   ti_sysbios_family_arm_lm4_Timer_Module_startup__E
200055bc   ti_sysbios_family_arm_lm4_Timer_Object__table__V
000096f4   ti_sysbios_family_arm_lm4_Timer_enableFunc__C
000042c1   ti_sysbios_family_arm_lm4_Timer_enableTimers__I
00004215   ti_sysbios_family_arm_lm4_Timer_enableTiva__I
000070b1   ti_sysbios_family_arm_lm4_Timer_getMaxTicks__E
000071b9   ti_sysbios_family_arm_lm4_Timer_getPeriod__E
000055d1   ti_sysbios_family_arm_lm4_Timer_isrStub__E
00007145   ti_sysbios_family_arm_lm4_Timer_masterDisable__I
000071bd   ti_sysbios_family_arm_lm4_Timer_masterEnable__I
000096f8   ti_sysbios_family_arm_lm4_Timer_numTimerDevices__C
00001db9   ti_sysbios_family_arm_lm4_Timer_start__E
000096fc   ti_sysbios_family_arm_lm4_Timer_startupNeeded__C
00006049   ti_sysbios_family_arm_lm4_Timer_startup__E
00005e2d   ti_sysbios_family_arm_lm4_Timer_stop__E
00006923   ti_sysbios_family_arm_lm4_Timer_write__I
200051fc   ti_sysbios_family_arm_lm4_TimestampProvider_Module__state__V
00007189   ti_sysbios_family_arm_lm4_TimestampProvider_Module_startup__E
00003d1d   ti_sysbios_family_arm_lm4_TimestampProvider_get32__E
00001f39   ti_sysbios_family_arm_lm4_TimestampProvider_get64__E
00006f5d   ti_sysbios_family_arm_lm4_TimestampProvider_getFreq__E
00006f8d   ti_sysbios_family_arm_lm4_TimestampProvider_rolloverFunc__E
000070bd   ti_sysbios_family_arm_lm4_TimestampProvider_startTimer__E
000096ba   ti_sysbios_family_arm_lm4_TimestampProvider_useClockTimer__C
00009700   ti_sysbios_family_arm_m3_Hwi_E_NMI__C
00009704   ti_sysbios_family_arm_m3_Hwi_E_busFault__C
00009708   ti_sysbios_family_arm_m3_Hwi_E_debugMon__C
0000970c   ti_sysbios_family_arm_m3_Hwi_E_hardFault__C
00009710   ti_sysbios_family_arm_m3_Hwi_E_memFault__C
00009714   ti_sysbios_family_arm_m3_Hwi_E_noIsr__C
00009718   ti_sysbios_family_arm_m3_Hwi_E_reserved__C
0000971c   ti_sysbios_family_arm_m3_Hwi_E_svCall__C
00009720   ti_sysbios_family_arm_m3_Hwi_E_usageFault__C
00006ba9   ti_sysbios_family_arm_m3_Hwi_Handle__label__S
00009724   ti_sysbios_family_arm_m3_Hwi_LD_end__C
00009728   ti_sysbios_family_arm_m3_Hwi_LM_begin__C
2000520c   ti_sysbios_family_arm_m3_Hwi_Module_State_0_excActive__A
20005210   ti_sysbios_family_arm_m3_Hwi_Module_State_0_excContext__A
20005214   ti_sysbios_family_arm_m3_Hwi_Module_State_0_excStack__A
0000972c   ti_sysbios_family_arm_m3_Hwi_Module__diagsEnabled__C
00009730   ti_sysbios_family_arm_m3_Hwi_Module__diagsIncluded__C
00009734   ti_sysbios_family_arm_m3_Hwi_Module__diagsMask__C
0000994c   ti_sysbios_family_arm_m3_Hwi_Module__id__C
0000994e   ti_sysbios_family_arm_m3_Hwi_Module__loggerDefined__C
00009738   ti_sysbios_family_arm_m3_Hwi_Module__loggerFxn1__C
0000973c   ti_sysbios_family_arm_m3_Hwi_Module__loggerFxn8__C
00009740   ti_sysbios_family_arm_m3_Hwi_Module__loggerObj__C
20005204   ti_sysbios_family_arm_m3_Hwi_Module__root__V
00006d29   ti_sysbios_family_arm_m3_Hwi_Module__startupDone__F
00006d29   ti_sysbios_family_arm_m3_Hwi_Module__startupDone__S
20005818   ti_sysbios_family_arm_m3_Hwi_Module__state__V
00003c59   ti_sysbios_family_arm_m3_Hwi_Module_startup__E
00009744   ti_sysbios_family_arm_m3_Hwi_NUM_INTERRUPTS__C
00009748   ti_sysbios_family_arm_m3_Hwi_Object__count__C
00006e4d   ti_sysbios_family_arm_m3_Hwi_Object__get__S
2000573c   ti_sysbios_family_arm_m3_Hwi_Object__table__V
0000974c   ti_sysbios_family_arm_m3_Hwi_ccr__C
000070c9   ti_sysbios_family_arm_m3_Hwi_disableFxn__E
00005e71   ti_sysbios_family_arm_m3_Hwi_disableInterrupt__E
0000249d   ti_sysbios_family_arm_m3_Hwi_dispatchC__I
20003980   ti_sysbios_family_arm_m3_Hwi_dispatchTable
00003649   ti_sysbios_family_arm_m3_Hwi_dispatch__I
0000714d   ti_sysbios_family_arm_m3_Hwi_doSwiRestore__I
0000684d   ti_sysbios_family_arm_m3_Hwi_doTaskRestore__I
00005eb5   ti_sysbios_family_arm_m3_Hwi_enableInterrupt__E
000020a1   ti_sysbios_family_arm_m3_Hwi_excBusFault__I
000040b5   ti_sysbios_family_arm_m3_Hwi_excDebugMon__I
00000649   ti_sysbios_family_arm_m3_Hwi_excDumpRegs__I
00006969   ti_sysbios_family_arm_m3_Hwi_excHandlerAsm__I
00009750   ti_sysbios_family_arm_m3_Hwi_excHandlerFunc__C
00001a05   ti_sysbios_family_arm_m3_Hwi_excHandlerMax__I
00006989   ti_sysbios_family_arm_m3_Hwi_excHandler__I
00003e99   ti_sysbios_family_arm_m3_Hwi_excHardFault__I
000096bc   ti_sysbios_family_arm_m3_Hwi_excHookFuncs__A
00009754   ti_sysbios_family_arm_m3_Hwi_excHookFuncs__C
0000235d   ti_sysbios_family_arm_m3_Hwi_excMemFault__I
0000633d   ti_sysbios_family_arm_m3_Hwi_excNmi__I
000061f1   ti_sysbios_family_arm_m3_Hwi_excNoIsr__I
00005c3d   ti_sysbios_family_arm_m3_Hwi_excReserved__I
000060c5   ti_sysbios_family_arm_m3_Hwi_excSvCall__I
00002209   ti_sysbios_family_arm_m3_Hwi_excUsageFault__I
00006101   ti_sysbios_family_arm_m3_Hwi_getStackInfo__E
00004d29   ti_sysbios_family_arm_m3_Hwi_initNVIC__E
0000591d   ti_sysbios_family_arm_m3_Hwi_initStacks__E
00009758   ti_sysbios_family_arm_m3_Hwi_nullIsrFunc__C
e000e000   ti_sysbios_family_arm_m3_Hwi_nvic
0000674d   ti_sysbios_family_arm_m3_Hwi_pendSV__I
0000975c   ti_sysbios_family_arm_m3_Hwi_priGroup__C
20000000   ti_sysbios_family_arm_m3_Hwi_ramVectors
00000000   ti_sysbios_family_arm_m3_Hwi_resetVectors
0000718f   ti_sysbios_family_arm_m3_Hwi_restoreFxn__E
00006771   ti_sysbios_family_arm_m3_Hwi_return
00007155   ti_sysbios_family_arm_m3_Hwi_startup__E
00006e61   ti_sysbios_family_arm_m3_Hwi_switchFromBootStack__E
000071c1   ti_sysbios_family_arm_m3_TaskSupport_Module__startupDone__S
00004db5   ti_sysbios_family_arm_m3_TaskSupport_buildTaskStack
000070d5   ti_sysbios_family_arm_m3_TaskSupport_checkStack__E
00006f9d   ti_sysbios_family_arm_m3_TaskSupport_glue
00006229   ti_sysbios_family_arm_m3_TaskSupport_start__E
00006d41   ti_sysbios_family_arm_m3_TaskSupport_swap__E
00006ac7   ti_sysbios_family_xxx_Hwi_switchAndRunFunc
00006bc3   ti_sysbios_gates_GateHwi_Handle__label__S
0000491b   ti_sysbios_gates_GateHwi_Instance_init__E
000094b0   ti_sysbios_gates_GateHwi_Module__FXNS__C
20005218   ti_sysbios_gates_GateHwi_Module__root__V
00009560   ti_sysbios_gates_GateHwi_Object__DESC__C
00009638   ti_sysbios_gates_GateHwi_Object__PARAMS__C
000064a5   ti_sysbios_gates_GateHwi_Object__create__S
000069a9   ti_sysbios_gates_GateHwi_Object__delete__S
20005220   ti_sysbios_gates_GateHwi_Object__table__V
000070e1   ti_sysbios_gates_GateHwi_enter__E
00007195   ti_sysbios_gates_GateHwi_leave__E
000071c5   ti_sysbios_gates_GateHwi_query__E
00009760   ti_sysbios_gates_GateMutex_A_badContext__C
00006bdd   ti_sysbios_gates_GateMutex_Handle__label__S
00009764   ti_sysbios_gates_GateMutex_Instance_State_sem__O
00006fad   ti_sysbios_gates_GateMutex_Instance_finalize__E
00006b01   ti_sysbios_gates_GateMutex_Instance_init__E
000094d4   ti_sysbios_gates_GateMutex_Module__FXNS__C
00009768   ti_sysbios_gates_GateMutex_Module__diagsEnabled__C
0000976c   ti_sysbios_gates_GateMutex_Module__diagsIncluded__C
00009770   ti_sysbios_gates_GateMutex_Module__diagsMask__C
00009950   ti_sysbios_gates_GateMutex_Module__id__C
20005224   ti_sysbios_gates_GateMutex_Module__root__V
00009580   ti_sysbios_gates_GateMutex_Object__DESC__C
[...]
00006fcd   ti_sysbios_knl_Swi_disable__E
00006fdd   ti_sysbios_knl_Task_Object__get__S
00006fed   ti_sysbios_knl_Task_disable__E
00006ffd   ti_uia_loggers_LoggerStopMode_Object__get__S
0000700d   ti_uia_loggers_LoggerStopMode_isEmpty__E
0000701d   xdc_runtime_Gate_leaveSystem__E
0000702d   xdc_runtime_Memory_free__E
0000703d   xdc_runtime_SysMin_ready__E
0000703d   xdc_runtime_System_SupportProxy_ready__E
0000704d   xdc_runtime_System_vsnprintf__E
0000705d   xdc_runtime_Text_visitRope__I
0000706d   TimerEnable
0000707b   __TI_decompress_none
00007089   ti_sysbios_knl_Queue_empty__E
00007099   ti_catalog_arm_cortexm4_tiva_ce_Boot_init__I
000070a5   PWMGenEnable
000070b1   ti_sysbios_family_arm_lm4_Timer_getMaxTicks__E
000070bd   ti_sysbios_family_arm_lm4_TimestampProvider_startTimer__E
000070c9   ti_sysbios_family_arm_m3_Hwi_disableFxn__E
000070c9   ti_sysbios_hal_Hwi_HwiProxy_disable__E
000070c9   ti_sysbios_hal_Hwi_disable__E
000070d5   ti_sysbios_family_arm_m3_TaskSupport_checkStack__E
000070d5   ti_sysbios_knl_Task_SupportProxy_checkStack__E
000070e1   ti_sysbios_gates_GateHwi_enter__E
000070ed   ti_sysbios_knl_Queue_Object__get__S
000070f9   xdc_runtime_Error_init__E
00007105   xdc_runtime_Gate_enterSystem__E
00007111   xdc_runtime_Memory_calloc__E
0000711d   xdc_runtime_Memory_getMaxDefaultTypeAlign__E
0000713d   TimerIntEnable
00007145   ti_sysbios_family_arm_lm4_Timer_masterDisable__I
0000714d   ti_sysbios_family_arm_m3_Hwi_doSwiRestore__I
00007155   ti_sysbios_family_arm_m3_Hwi_startup__E
00007155   ti_sysbios_hal_Hwi_HwiProxy_startup__E
00007155   ti_sysbios_hal_Hwi_startup__E
0000715d   ti_sysbios_knl_Idle_loop__E
00007165   GPIOPinRead
0000716b   GPIOPinWrite
00007171   TimerClockSourceSet
00007177   __xdc__init
0000717d   __TI_decompress_rle24
00007183   ti_catalog_arm_cortexm4_tiva_ce_Boot_sysCtlDelayI__I
00007189   ti_sysbios_family_arm_lm4_TimestampProvider_Module_startup__E
0000718f   ti_sysbios_family_arm_m3_Hwi_restoreFxn__E
0000718f   ti_sysbios_hal_Hwi_HwiProxy_restore__E
0000718f   ti_sysbios_hal_Hwi_restore__E
00007195   ti_sysbios_gates_GateHwi_leave__E
0000719b   ti_sysbios_heaps_HeapMem_isBlocking__E
000071a1   ti_sysbios_knl_Queue_Instance_init__E
000071a7   xdc_runtime_System_Module_startup__E
000071ad   TimerIntClear
000071b1   ti_sysbios_BIOS_RtsGateProxy_enter__E
000071b5   ti_sysbios_BIOS_RtsGateProxy_leave__E
000071b9   ti_sysbios_family_arm_lm4_Timer_getPeriod__E
000071bd   ti_sysbios_family_arm_lm4_Timer_masterEnable__I
000071c1   ti_sysbios_family_arm_m3_TaskSupport_Module__startupDone__S
000071c5   ti_sysbios_gates_GateHwi_query__E
000071c5   xdc_runtime_Main_Module_GateProxy_query__E
000071c5   xdc_runtime_System_Module_GateProxy_query__E
000071c9   ti_sysbios_BIOS_RtsGateProxy_query__E
000071c9   ti_sysbios_gates_GateMutex_query__E
000071c9   ti_sysbios_heaps_HeapMem_Module_GateProxy_query__E
000071cd   ti_sysbios_hal_Hwi_HwiProxy_Module__startupDone__S
000071d1   ti_sysbios_heaps_HeapMem_Module_GateProxy_enter__E
000071d5   ti_sysbios_heaps_HeapMem_Module_GateProxy_leave__E
000071d9   ti_sysbios_knl_Clock_TimerProxy_Module__startupDone__S
000071dd   ti_sysbios_knl_Clock_TimerProxy_getMaxTicks__E
000071e1   ti_sysbios_knl_Clock_TimerProxy_getPeriod__E
000071e5   ti_sysbios_knl_Queue_destruct
000071e9   ti_sysbios_knl_Semaphore_destruct
000071ed   ti_sysbios_knl_Task_SupportProxy_Module__startupDone__S
000071f1   ti_sysbios_knl_Task_startup__E
000071f5   ti_uia_loggers_LoggerStopMode_getContents__E
000071f9   ti_uia_loggers_LoggerStopMode_getFilterLevel__E
000071fd   ti_uia_loggers_LoggerStopMode_getInstanceId__E
00007201   ti_uia_loggers_LoggerStopMode_getMaxLength__E
00007205   ti_uia_loggers_LoggerStopMode_getPriority__E
00007209   ti_uia_loggers_LoggerStopMode_getTransferType__E
0000720d   xdc_runtime_Error_getSite__E
00007211   xdc_runtime_Memory_HeapProxy_alloc__E
00007215   xdc_runtime_Memory_HeapProxy_free__E
00007219   xdc_runtime_System_Module_GateProxy_enter__E
0000721d   xdc_runtime_System_Module_GateProxy_leave__E
00007221   xdc_runtime_System_aprintf_va__F
00007225   xdc_runtime_System_printf_va__F
00007228   xdc_runtime_Text_charTab__A
000090e5   xdc_runtime_Error_policy__C
000090e6   xdc_runtime_Text_nodeTab__A
000091e6   ti_catalog_arm_cortexm4_tiva_ce_Boot_Module__id__C
00009354   ti_uia_loggers_LoggerStopMode_Module__FXNS__C
000093fc   gpioHWAttrs
00009438   ti_sysbios_heaps_HeapMem_Module__FXNS__C
00009460   ti_uia_loggers_LoggerStopMode_Object__PARAMS__C
00009488   xdc_runtime_Startup_sfxnTab__A
000094b0   ti_sysbios_gates_GateHwi_Module__FXNS__C
000094d4   ti_sysbios_gates_GateMutex_Module__FXNS__C
000094f8   ti_sysbios_heaps_HeapMem_Object__PARAMS__C
0000951c   ti_sysbios_knl_Semaphore_Object__PARAMS__C
00009540   heartBeatTask
00009544   Sema_lightsense_f
00009548   Sema_lightsense
0000954c   Timer2B
00009550   Timer2A
00009554   lightsense_clock
00009558   Light_sensor
0000955c   Drive_task
00009560   ti_sysbios_gates_GateHwi_Object__DESC__C
00009580   ti_sysbios_gates_GateMutex_Object__DESC__C
000095a0   ti_sysbios_heaps_HeapMem_Object__DESC__C
000095c0   ti_sysbios_knl_Queue_Object__DESC__C
000095e0   ti_sysbios_knl_Semaphore_Object__DESC__C
00009600   ti_uia_loggers_LoggerStopMode_Object__DESC__C
00009620   GPIO_config
00009638   ti_sysbios_gates_GateHwi_Object__PARAMS__C
00009650   ti_sysbios_gates_GateMutex_Object__PARAMS__C
00009668   ti_sysbios_knl_Queue_Object__PARAMS__C
00009680   xdc_runtime_Startup_firstFxns__A
00009694   xdc_runtime_Startup_sfxnRts__A
000096ba   ti_sysbios_family_arm_lm4_TimestampProvider_useClockTimer__C
000096bc   ti_sysbios_family_arm_m3_Hwi_excHookFuncs__A
000096c4   ti_sysbios_knl_Idle_funcList__A
000096cc   ti_sysbios_knl_Idle_funcList__C
000096d4   xdc_runtime_Startup_firstFxns__C
000096dc   xdc_runtime_Startup_lastFxns__C
000096e4   ti_catalog_arm_cortexm4_tiva_ce_Boot_A_mustUseEnhancedClockMode__C
000096e8   ti_catalog_arm_cortexm4_tiva_ce_Boot_Module__diagsEnabled__C
000096ec   ti_catalog_arm_cortexm4_tiva_ce_Boot_Module__diagsIncluded__C
000096f0   ti_catalog_arm_cortexm4_tiva_ce_Boot_Module__diagsMask__C
000096f4   ti_sysbios_family_arm_lm4_Timer_enableFunc__C
000096f8   ti_sysbios_family_arm_lm4_Timer_numTimerDevices__C
000096fc   ti_sysbios_family_arm_lm4_Timer_startupNeeded__C
00009700   ti_sysbios_family_arm_m3_Hwi_E_NMI__C
00009704   ti_sysbios_family_arm_m3_Hwi_E_busFault__C
00009708   ti_sysbios_family_arm_m3_Hwi_E_debugMon__C
0000970c   ti_sysbios_family_arm_m3_Hwi_E_hardFault__C
00009710   ti_sysbios_family_arm_m3_Hwi_E_memFault__C
00009714   ti_sysbios_family_arm_m3_Hwi_E_noIsr__C
00009718   ti_sysbios_family_arm_m3_Hwi_E_reserved__C
0000971c   ti_sysbios_family_arm_m3_Hwi_E_svCall__C
00009720   ti_sysbios_family_arm_m3_Hwi_E_usageFault__C
00009724   ti_sysbios_family_arm_m3_Hwi_LD_end__C
00009728   ti_sysbios_family_arm_m3_Hwi_LM_begin__C
0000972c   ti_sysbios_family_arm_m3_Hwi_Module__diagsEnabled__C
00009730   ti_sysbios_family_arm_m3_Hwi_Module__diagsIncluded__C
00009734   ti_sysbios_family_arm_m3_Hwi_Module__diagsMask__C
00009738   ti_sysbios_family_arm_m3_Hwi_Module__loggerFxn1__C
0000973c   ti_sysbios_family_arm_m3_Hwi_Module__loggerFxn8__C
00009740   ti_sysbios_family_arm_m3_Hwi_Module__loggerObj__C
00009744   ti_sysbios_family_arm_m3_Hwi_NUM_INTERRUPTS__C
00009748   ti_sysbios_family_arm_m3_Hwi_Object__count__C
0000974c   ti_sysbios_family_arm_m3_Hwi_ccr__C
00009750   ti_sysbios_family_arm_m3_Hwi_excHandlerFunc__C
00009754   ti_sysbios_family_arm_m3_Hwi_excHookFuncs__C
00009758   ti_sysbios_family_arm_m3_Hwi_nullIsrFunc__C
0000975c   ti_sysbios_family_arm_m3_Hwi_priGroup__C
00009760   ti_sysbios_gates_GateMutex_A_badContext__C
00009764   ti_sysbios_gates_GateMutex_Instance_State_sem__O
00009768   ti_sysbios_gates_GateMutex_Module__diagsEnabled__C
0000976c   ti_sysbios_gates_GateMutex_Module__diagsIncluded__C
00009770   ti_sysbios_gates_GateMutex_Module__diagsMask__C
00009774   ti_sysbios_hal_Hwi_E_stackOverflow__C
00009778   ti_sysbios_heaps_HeapMem_A_align__C
0000977c   ti_sysbios_heaps_HeapMem_A_heapSize__C
00009780   ti_sysbios_heaps_HeapMem_A_invalidFree__C
00009784   ti_sysbios_heaps_HeapMem_A_zeroBlock__C
00009788   ti_sysbios_heaps_HeapMem_E_memory__C
0000978c   ti_sysbios_heaps_HeapMem_Module__diagsEnabled__C
00009790   ti_sysbios_heaps_HeapMem_Module__diagsIncluded__C
00009794   ti_sysbios_heaps_HeapMem_Module__diagsMask__C
00009798   ti_sysbios_heaps_HeapMem_Module__gateObj__C
0000979c   ti_sysbios_heaps_HeapMem_Object__count__C
000097a0   ti_sysbios_heaps_HeapMem_reqAlign__C
000097a4   ti_sysbios_knl_Clock_LM_begin__C
000097a8   ti_sysbios_knl_Clock_LM_tick__C
000097ac   ti_sysbios_knl_Clock_LW_delayed__C
000097b0   ti_sysbios_knl_Clock_Module_State_clockQ__O
000097b4   ti_sysbios_knl_Clock_Module__diagsEnabled__C
000097b8   ti_sysbios_knl_Clock_Module__diagsIncluded__C
000097bc   ti_sysbios_knl_Clock_Module__diagsMask__C
000097c0   ti_sysbios_knl_Clock_Module__loggerFxn1__C
000097c4   ti_sysbios_knl_Clock_Module__loggerFxn2__C
000097c8   ti_sysbios_knl_Clock_Module__loggerObj__C
000097cc   ti_sysbios_knl_Semaphore_A_badContext__C
000097d0   ti_sysbios_knl_Semaphore_A_noEvents__C
000097d4   ti_sysbios_knl_Semaphore_A_overflow__C
000097d8   ti_sysbios_knl_Semaphore_A_pendTaskDisabled__C
000097dc   ti_sysbios_knl_Semaphore_Instance_State_pendQ__O
000097e0   ti_sysbios_knl_Semaphore_LM_pend__C
000097e4   ti_sysbios_knl_Semaphore_LM_post__C
000097e8   ti_sysbios_knl_Semaphore_Module__diagsEnabled__C
000097ec   ti_sysbios_knl_Semaphore_Module__diagsIncluded__C
000097f0   ti_sysbios_knl_Semaphore_Module__diagsMask__C
000097f4   ti_sysbios_knl_Semaphore_Module__loggerFxn2__C
000097f8   ti_sysbios_knl_Semaphore_Module__loggerFxn4__C
000097fc   ti_sysbios_knl_Semaphore_Module__loggerObj__C
00009800   ti_sysbios_knl_Swi_LD_end__C
00009804   ti_sysbios_knl_Swi_LM_begin__C
00009808   ti_sysbios_knl_Swi_LM_post__C
0000980c   ti_sysbios_knl_Swi_Module__diagsEnabled__C
00009810   ti_sysbios_knl_Swi_Module__diagsIncluded__C
00009814   ti_sysbios_knl_Swi_Module__diagsMask__C
00009818   ti_sysbios_knl_Swi_Module__loggerFxn1__C
0000981c   ti_sysbios_knl_Swi_Module__loggerFxn4__C
00009820   ti_sysbios_knl_Swi_Module__loggerObj__C
00009824   ti_sysbios_knl_Swi_Object__count__C
00009828   ti_sysbios_knl_Task_A_badTimeout__C
0000982c   ti_sysbios_knl_Task_A_sleepTaskDisabled__C
00009830   ti_sysbios_knl_Task_E_spOutOfBounds__C
00009834   ti_sysbios_knl_Task_E_stackOverflow__C
00009838   ti_sysbios_knl_Task_LD_block__C
0000983c   ti_sysbios_knl_Task_LD_exit__C
00009840   ti_sysbios_knl_Task_LD_ready__C
00009844   ti_sysbios_knl_Task_LM_sleep__C
00009848   ti_sysbios_knl_Task_LM_switch__C
0000984c   ti_sysbios_knl_Task_Module_State_inactiveQ__O
00009850   ti_sysbios_knl_Task_Module__diagsEnabled__C
00009854   ti_sysbios_knl_Task_Module__diagsIncluded__C
00009858   ti_sysbios_knl_Task_Module__diagsMask__C
0000985c   ti_sysbios_knl_Task_Module__loggerFxn2__C
00009860   ti_sysbios_knl_Task_Module__loggerFxn4__C
00009864   ti_sysbios_knl_Task_Module__loggerObj__C
00009868   ti_sysbios_knl_Task_Object__count__C
0000986c   ti_sysbios_knl_Task_allBlockedFunc__C
00009870   ti_sysbios_knl_Task_numConstructedTasks__C
00009874   ti_sysbios_utils_Load_LS_cpuLoad__C
00009878   ti_sysbios_utils_Load_LS_hwiLoad__C
0000987c   ti_sysbios_utils_Load_Module__diagsEnabled__C
00009880   ti_sysbios_utils_Load_Module__diagsIncluded__C
00009884   ti_sysbios_utils_Load_Module__diagsMask__C
00009888   ti_sysbios_utils_Load_Module__loggerFxn1__C
0000988c   ti_sysbios_utils_Load_Module__loggerFxn2__C
00009890   ti_sysbios_utils_Load_Module__loggerObj__C
00009894   ti_sysbios_utils_Load_postUpdate__C
00009898   ti_sysbios_utils_Load_windowInMs__C
0000989c   ti_uia_loggers_LoggerStopMode_Module__diagsEnabled__C
000098a0   ti_uia_loggers_LoggerStopMode_Module__diagsIncluded__C
000098a4   ti_uia_loggers_LoggerStopMode_Module__diagsMask__C
000098a8   ti_uia_loggers_LoggerStopMode_Object__count__C
000098ac   ti_uia_runtime_ILoggerSnapshot_Interface__BASE__C
000098b0   ti_uia_runtime_IUIATransfer_Interface__BASE__C
000098b4   xdc_runtime_Assert_E_assertFailed__C
000098b8   xdc_runtime_Core_A_initializedParams__C
000098bc   xdc_runtime_Core_Module__diagsEnabled__C
000098c0   xdc_runtime_Core_Module__diagsIncluded__C
000098c4   xdc_runtime_Core_Module__diagsMask__C
000098c8   xdc_runtime_Error_E_memory__C
000098cc   xdc_runtime_Error_Module__diagsEnabled__C
000098d0   xdc_runtime_Error_Module__diagsIncluded__C
000098d4   xdc_runtime_Error_Module__diagsMask__C
000098d8   xdc_runtime_Error_Module__loggerFxn8__C
000098dc   xdc_runtime_Error_Module__loggerObj__C
000098e0   xdc_runtime_Error_policyFxn__C
000098e4   xdc_runtime_Error_raiseHook__C
000098e8   xdc_runtime_IFilterLogger_Interface__BASE__C
000098ec   xdc_runtime_IGateProvider_Interface__BASE__C
000098f0   xdc_runtime_IHeap_Interface__BASE__C
000098f4   xdc_runtime_ILogger_Interface__BASE__C
000098f8   xdc_runtime_IModule_Interface__BASE__C
000098fc   xdc_runtime_Log_L_error__C
00009900   xdc_runtime_Memory_defaultHeapInstance__C
00009904   xdc_runtime_Startup_execImpl__C
00009908   xdc_runtime_Startup_lastFxns__A
0000990c   xdc_runtime_Startup_maxPasses__C
00009910   xdc_runtime_Startup_sfxnRts__C
00009914   xdc_runtime_Startup_sfxnTab__C
00009918   xdc_runtime_SysMin_bufSize__C
0000991c   xdc_runtime_SysMin_outputFunc__C
00009920   xdc_runtime_System_Module__gateObj__C
00009924   xdc_runtime_System_abortFxn__C
00009928   xdc_runtime_System_exitFxn__C
0000992c   xdc_runtime_System_extendFxn__C
00009930   xdc_runtime_System_maxAtexitHandlers__C
00009934   xdc_runtime_Text_charTab__C
00009938   xdc_runtime_Text_nameEmpty__C
0000993c   xdc_runtime_Text_nameStatic__C
00009940   xdc_runtime_Text_nameUnknown__C
00009944   xdc_runtime_Text_nodeTab__C
00009948   xdc_runtime_Text_visitRopeFxn__C
0000994c   ti_sysbios_family_arm_m3_Hwi_Module__id__C
0000994e   ti_sysbios_family_arm_m3_Hwi_Module__loggerDefined__C
00009950   ti_sysbios_gates_GateMutex_Module__id__C
00009952   ti_sysbios_hal_Hwi_Module__id__C
00009954   ti_sysbios_heaps_HeapMem_Module__id__C
00009956   ti_sysbios_knl_Clock_Module__id__C
00009958   ti_sysbios_knl_Clock_Module__loggerDefined__C
0000995a   ti_sysbios_knl_Semaphore_Module__id__C
0000995c   ti_sysbios_knl_Semaphore_Module__loggerDefined__C
0000995e   ti_sysbios_knl_Swi_Module__id__C
00009960   ti_sysbios_knl_Swi_Module__loggerDefined__C
00009962   ti_sysbios_knl_Task_Module__id__C
00009964   ti_sysbios_knl_Task_Module__loggerDefined__C
00009966   ti_sysbios_knl_Task_initStackFlag__C
00009968   ti_sysbios_utils_Load_Module__id__C
0000996a   ti_sysbios_utils_Load_Module__loggerDefined__C
0000996c   ti_sysbios_utils_Load_hwiEnabled__C
0000996e   ti_sysbios_utils_Load_updateInIdle__C
00009970   ti_uia_loggers_LoggerStopMode_Module__id__C
00009972   ti_uia_loggers_LoggerStopMode_isTimestampEnabled__C
00009974   xdc_runtime_Core_Module__id__C
00009976   xdc_runtime_Error_Module__loggerDefined__C
00009978   xdc_runtime_Error_maxDepth__C
0000997a   xdc_runtime_Memory_Module__id__C
0000997c   xdc_runtime_SysMin_flushAtExit__C
0000997e   xdc_runtime_Text_charCnt__C
00009980   xdc_runtime_Text_isLoaded__C
00009982   xdc_runtime_Text_registryModsLastId__C
00009984   xdc_runtime_Text_unnamedModsLastId__C
00009e80   __TI_Handler_Table_Base
00009e8c   __TI_Handler_Table_Limit
00009ea0   __TI_CINIT_Base
00009eb8   __TI_CINIT_Limit
20000000   ti_sysbios_family_arm_m3_Hwi_ramVectors
20000380   ti_sysbios_knl_Task_Instance_State_0_stack__A
20000580   ti_sysbios_knl_Task_Instance_State_1_stack__A
20000d80   ti_sysbios_knl_Task_Instance_State_2_stack__A
20001580   ti_sysbios_knl_Task_Instance_State_3_stack__A
20001d80   ti_sysbios_heaps_HeapMem_Instance_State_0_buf__A
20002d80   ti_uia_loggers_LoggerStopMode_Instance_State_1_packetArray__A
20003180   ti_uia_loggers_LoggerStopMode_Instance_State_2_packetArray__A
20003580   xdc_runtime_SysMin_Module_State_0_outbuf__A
20003980   ti_sysbios_family_arm_m3_Hwi_dispatchTable
20003d00   ti_uia_loggers_LoggerStopMode_Instance_State_0_packetArray__A
20003f00   __CIOBUF_
20004080   ti_uia_loggers_LoggerStopMode_Instance_State_0_hdr__A
20004100   ti_uia_loggers_LoggerStopMode_Instance_State_1_hdr__A
20004180   ti_uia_loggers_LoggerStopMode_Instance_State_2_hdr__A
200041b0   __stack
200042b0   __STACK_TOP
200051b0   __STACK_END
200051b0   xdc_runtime_Diags_dictElems
200051d0   ti_sysbios_family_arm_lm4_Timer_Module__root__V
200051d8   ti_sysbios_family_arm_lm4_Timer_Module_State_0_handles__A
200051f0   ti_sysbios_family_arm_lm4_Timer_Module__state__V
200051fc   ti_sysbios_family_arm_lm4_TimestampProvider_Module__state__V
20005204   ti_sysbios_family_arm_m3_Hwi_Module__root__V
2000520c   ti_sysbios_family_arm_m3_Hwi_Module_State_0_excActive__A
20005210   ti_sysbios_family_arm_m3_Hwi_Module_State_0_excContext__A
20005214   ti_sysbios_family_arm_m3_Hwi_Module_State_0_excStack__A
20005218   ti_sysbios_gates_GateHwi_Module__root__V
20005220   ti_sysbios_gates_GateHwi_Object__table__V
20005224   ti_sysbios_gates_GateMutex_Module__root__V
2000522c   ti_sysbios_hal_Hwi_Module__root__V
20005234   ti_sysbios_hal_Hwi_Object__table__V
20005244   ti_sysbios_heaps_HeapMem_Module__root__V
2000524c   ti_sysbios_heaps_HeapMem_Object__table__V
20005264   ti_sysbios_knl_Clock_Module__root__V
2000526c   ti_sysbios_knl_Clock_Object__table__V
2000528c   ti_sysbios_knl_Event_Module__root__V
20005298   ti_sysbios_knl_Queue_Module__root__V
200052a0   ti_sysbios_knl_Semaphore_Module__root__V
200052a8   ti_sysbios_knl_Swi_Module__root__V
200052b0   ti_sysbios_knl_Swi_Module__state__V
200052cc   ti_sysbios_knl_Task_Module__root__V
200052d8   ti_sysbios_knl_Task_Module_State_0_idleTask__A
200052dc   ti_sysbios_utils_Load_Module_State_0_taskStartTime__A
200052e0   ti_sysbios_utils_Load_Module_State_0_runningTask__A
200052e4   ti_uia_loggers_LoggerStopMode_Module__root__V
200052ec   ti_uia_loggers_LoggerStopMode_Module__state__V
200052f4   ti_uia_runtime_QueueDescriptor_Module__state__V
20005300   xdc_runtime_Error_Module__state__V
20005302   xdc_runtime_Main_Module__root__V
20005304   xdc_runtime_Memory_Module__state__V
20005308   xdc_runtime_Registry_Module__state__V
20005310   xdc_runtime_Startup_Module__state__V
20005318   xdc_runtime_SysMin_Module__state__V
20005324   xdc_runtime_System_Module_State_0_atexitHandlers__A
20005344   xdc_runtime_System_Module__state__V
2000534c   xdc_runtime_Text_Module__state__V
20005354   __xdc__init__addr
20005358   ti_sysbios_knl_Task_Object__table__V
2000543c   TSK_idle
20005488   ti_uia_loggers_LoggerStopMode_Object__table__V
20005524   ti_sysbios_utils_Load_Module__state__V
200055bc   ti_sysbios_family_arm_lm4_Timer_Object__table__V
2000563c   ti_sysbios_knl_Swi_Module_State_0_readyQ__A
200056bc   ti_sysbios_knl_Task_Module_State_0_readyQ__A
2000573c   ti_sysbios_family_arm_m3_Hwi_Object__table__V
2000579c   ti_sysbios_knl_Task_Module__state__V
200057e0   ti_sysbios_gates_GateMutex_Object__table__V
20005818   ti_sysbios_family_arm_m3_Hwi_Module__state__V
2000584c   ti_sysbios_family_arm_lm4_Timer_Module_State_0_device__A
2000587c   ti_sysbios_knl_Swi_Object__table__V
200058ac   ti_sysbios_knl_Clock_Module__state__V
200058d8   ti_sysbios_knl_Semaphore_Object__table__V
20005900   ti_sysbios_BIOS_Module__state__V
20005924   lightsnsr_val1
20005928   lightsnsr_val2
2000592c   lightsnsr_val3
20005930   lightsnsr_val4
2000593c   _lock
20005940   _unlock
20005944   __TI_cleanup_ptr
20005948   __TI_dtors_ptr
2000594c   ti_uia_runtime_QueueDescriptor_gPtrToFirstDescriptor
20005950   ti_uia_runtime_QueueDescriptor_gUpdateCount
20005954   main_func_sp
20005958   dutycycle
20005959   drivestate
2000595a   num_moves
e000e000   ti_sysbios_family_arm_m3_Hwi_nvic
ffffffff   __binit__
ffffffff   __c_args__
ffffffff   binit
UNDEFED    SHT$$INIT_ARRAY$$Base
UNDEFED    SHT$$INIT_ARRAY$$Limit

[710 symbols]
