******************************************************************************
                  TI ARM Linker PC v5.1.9                      
******************************************************************************
>> Linked Wed Feb 18 01:45:48 2015

OUTPUT FILE NAME:   <Senior Design.out>
ENTRY POINT SYMBOL: "_c_int00"  address: 00005a09


MEMORY CONFIGURATION

         name            origin    length      used     unused   attr    fill
----------------------  --------  ---------  --------  --------  ----  --------
  FLASH                 00000000   00040000  00009ff2  0003600e  R  X
  SRAM                  20000000   00008000  0000593b  000026c5  RW X


SEGMENT ALLOCATION MAP

run origin  load origin   length   init length attrs members
----------  ----------- ---------- ----------- ----- -------
00000000    00000000    00009ff8   00009ff8    r-x
  00000000    00000000    0000003c   0000003c    r-- .resetVecs
  0000003c    0000003c    00007330   00007330    r-x .text
  0000736c    0000736c    0000275e   0000275e    r-- .const
  00009ad0    00009ad0    00000528   00000528    r-- .cinit
20000000    20000000    00000360   00000000    rw-
  20000000    20000000    00000360   00000000    rw- .vecs
20000380    20000380    000055db   00000000    rw-
  20000380    20000380    00003e30   00000000    rw- .bss
  200041b0    200041b0    00001000   00000000    rw- .stack
  200051b0    200051b0    000007ab   00000000    rw- .data


SECTION ALLOCATION MAP

 output                                  attributes/
section   page    origin      length       input sections
--------  ----  ----------  ----------   ----------------
.bootVecs 
*          0    00000000    00000008     DSECT
                  00000000    00000008     boot.aem4f : boot.oem4f (.bootVecs)

.resetVecs 
*          0    00000000    0000003c     
                  00000000    0000003c     empty_pem4f.oem4f (.resetVecs)

xdc.meta   0    00000000    000000d0     COPY SECTION
                  00000000    000000d0     empty_pem4f.oem4f (xdc.meta)

.text      0    0000003c    00007330     
                  0000003c    00000644     drive.obj (.text:Robot_drive_task)
                  00000680    00000424     sysbios.aem4f : BIOS.obj (.text:ti_sysbios_family_arm_m3_Hwi_excDumpRegs__I)
                  00000aa4    0000033c     ti.targets.arm.rtsarm.aem4f : System.oem4f (.text:xdc_runtime_System_doPrint__I)
                  00000de0    00000304     sysbios.aem4f : BIOS.obj (.text:ti_sysbios_knl_Semaphore_pend__E)
                  000010e4    000002d4     rtsv7M4_T_le_v4SPD16_eabi.lib : trgdrv.obj (.text)
                  000013b8    00000248     sysbios.aem4f : BIOS.obj (.text:ti_sysbios_heaps_HeapMem_free__E)
                  00001600    00000234                   : BIOS.obj (.text:ti_sysbios_heaps_HeapMem_alloc__E)
                  00001834    00000208                   : BIOS.obj (.text:ti_sysbios_knl_Task_sleep__E)
                  00001a3c    000001f8                   : BIOS.obj (.text:ti_sysbios_family_arm_m3_Hwi_excHandlerMax__I)
                  00001c34    000001bc     motors.obj (.text:Robot_PWM_init)
                  00001df0    00000180     sysbios.aem4f : BIOS.obj (.text:ti_sysbios_family_arm_lm4_Timer_start__E)
                  00001f70    00000168                   : BIOS.obj (.text:ti_sysbios_family_arm_lm4_TimestampProvider_get64__E)
                  000020d8    00000168                   : BIOS.obj (.text:ti_sysbios_family_arm_m3_Hwi_excBusFault__I)
                  00002240    00000158     light_sensor.obj (.text:Robot_lightsnsr_task)
                  00002398    00000154     sysbios.aem4f : BIOS.obj (.text:ti_sysbios_family_arm_m3_Hwi_excUsageFault__I)
                  000024ec    00000140                   : BIOS.obj (.text:ti_sysbios_family_arm_m3_Hwi_excMemFault__I)
                  0000262c    00000138                   : BIOS.obj (.text:ti_sysbios_family_arm_m3_Hwi_dispatchC__I)
                  00002764    00000138                   : BIOS.obj (.text:ti_sysbios_heaps_HeapMem_Instance_init__E)
                  0000289c    00000138                   : BIOS.obj (.text:ti_sysbios_knl_Semaphore_post__E)
                  000029d4    00000138     empty_pem4f.oem4f (.text:ti_uia_loggers_LoggerStopMode_writeMemoryRange__E)
                  00002b0c    00000130     driverlib.lib : gpio.obj (.text:GPIOPadConfigSet)
                  00002c3c    0000012c     sysbios.aem4f : BIOS.obj (.text:ti_sysbios_knl_Clock_workFunc__E)
                  00002d68    00000120                   : BIOS.obj (.text:ti_sysbios_knl_Swi_run__I)
                  00002e88    00000120     ti.targets.arm.rtsarm.aem4f : Error.oem4f (.text:xdc_runtime_Error_policyDefault__E)
                  00002fa8    00000118     driverlib.lib : sysctl.obj (.text:SysCtlClockGet)
                  000030c0    00000110     empty_pem4f.oem4f (.text:ti_uia_loggers_LoggerStopMode_write8__E)
                  000031d0    00000104     ti.targets.arm.rtsarm.aem4f : Core-mem.oem4f (.text:xdc_runtime_Core_createObject__I)
                  000032d4    00000100     Boot.aem4f : Boot_sysctl.oem4f (.text:ti_catalog_arm_cortexm4_tiva_ce_Boot_sysCtlClockSetI__I)
                  000033d4    000000fc     ti.targets.arm.rtsarm.aem4f : Startup.oem4f (.text:xdc_runtime_Startup_startMods__I)
                  000034d0    000000f8     empty_pem4f.oem4f (.text:ti_uia_loggers_LoggerStopMode_write4__E)
                  000035c8    000000f8     empty_pem4f.oem4f (.text:xdc_runtime_System_printfExtend__I)
                  000036c0    000000f4     sysbios.aem4f : m3_Hwi_asm.obj (.text:ti_sysbios_family_arm_m3_Hwi_dispatch__I)
                  000037b4    000000ec     empty_pem4f.oem4f (.text:ti_uia_loggers_LoggerStopMode_write2__E)
                  000038a0    000000e8     empty_pem4f.oem4f (.text:ti_uia_loggers_LoggerStopMode_write1__E)
                  00003988    000000dc     empty_pem4f.oem4f (.text:ti_uia_loggers_LoggerStopMode_write0__E)
                  00003a64    000000d8     drive.obj (.text:error_calc)
                  00003b3c    000000cc     motors.obj (.text:fw_motors)
                  00003c08    000000cc     ti.targets.arm.rtsarm.aem4f : Core-smem.oem4f (.text:xdc_runtime_Core_constructObject__I)
                  00003cd4    000000c8     sysbios.aem4f : BIOS.obj (.text:ti_sysbios_knl_Task_schedule__I)
                  00003d9c    000000c4                   : BIOS.obj (.text:ti_sysbios_family_arm_m3_Hwi_Module_startup__E)
                  00003e60    000000c0                   : BIOS.obj (.text:ti_sysbios_family_arm_lm4_TimestampProvider_get32__E)
                  00003f20    000000bc                   : BIOS.obj (.text:ti_sysbios_knl_Task_startCore__E)
                  00003fdc    000000b4                   : BIOS.obj (.text:ti_sysbios_family_arm_m3_Hwi_excHardFault__I)
                  00004090    000000b4                   : BIOS.obj (.text:ti_sysbios_gates_GateMutex_enter__E)
                  00004144    000000b4                   : BIOS.obj (.text:ti_sysbios_knl_Task_checkStacks__E)
                  000041f8    000000b0                   : BIOS.obj (.text:ti_sysbios_family_arm_m3_Hwi_excDebugMon__I)
                  000042a8    000000b0                   : BIOS.obj (.text:ti_sysbios_utils_Load_idleFxn__E)
                  00004358    000000ac                   : BIOS.obj (.text:ti_sysbios_family_arm_lm4_Timer_enableTiva__I)
                  00004404    000000a8                   : BIOS.obj (.text:ti_sysbios_family_arm_lm4_Timer_enableTimers__I)
                  000044ac    000000a8                   : BIOS.obj (.text:ti_sysbios_knl_Swi_post__E)
                  00004554    000000a8                   : BIOS.obj (.text:ti_sysbios_knl_Task_blockI__E)
                  000045fc    000000a8                   : BIOS.obj (.text:ti_sysbios_knl_Task_postInit__I)
                  000046a4    000000a8                   : BIOS.obj (.text:ti_sysbios_utils_Load_updateLoads__E)
                  0000474c    000000a0     auto_init.aem4f : auto_init.oem4f (.text)
                  000047ec    0000009e     drive.obj (.text:pid_terms_calc)
                  0000488a    0000009c     rtsv7M4_T_le_v4SPD16_eabi.lib : memcpy_t2.obj (.text)
                  00004926    00000002     empty_pem4f.oem4f (.text:ti_sysbios_BIOS_nullFunc__I)
                  00004928    0000009c     sysbios.aem4f : BIOS.obj (.text:ti_sysbios_knl_Semaphore_Instance_init__E)
                  000049c4    0000009a     ti.targets.arm.rtsarm.aem4f : Text.oem4f (.text:xdc_runtime_Text_putSite__E)
                  00004a5e    00000002     sysbios.aem4f : BIOS.obj (.text:ti_sysbios_gates_GateHwi_Instance_init__E)
                  00004a60    00000098     empty.obj (.text:main)
                  00004af8    00000094     Boot.aem4f : Boot.oem4f (.text:ti_catalog_arm_cortexm4_tiva_ce_Boot_sysCtlClockSet__E)
                  00004b8c    00000094     sysbios.aem4f : BIOS.obj (.text:ti_sysbios_knl_Task_exit__E)
                  00004c20    00000094                   : BIOS.obj (.text:ti_sysbios_knl_Task_unblockI__E)
                  00004cb4    00000094     light_sensor.obj (.text:timer2B_ISR)
                  00004d48    00000094     ti.targets.arm.rtsarm.aem4f : Text.oem4f (.text:xdc_runtime_Text_putMod__E)
                  00004ddc    00000090     ti.uia.loggers.aem4f : LoggerStopMode.oem4f (.text:ti_uia_loggers_LoggerStopMode_initQueueDescriptor__E)
                  00004e6c    0000008c     sysbios.aem4f : BIOS.obj (.text:ti_sysbios_family_arm_m3_Hwi_initNVIC__E)
                  00004ef8    0000008c                   : m3_TaskSupport_asm.obj (.text:ti_sysbios_family_arm_m3_TaskSupport_buildTaskStack)
                  00004f84    00000088     EK_TM4C123GXL.obj (.text:EK_TM4C123GXL_initGPIO)
                  0000500c    00000080     motors.obj (.text:fwd_pid)
                  0000508c    00000080     motors.obj (.text:rev_pid)
                  0000510c    00000080     motors.obj (.text:tl_pid)
                  0000518c    00000080     motors.obj (.text:tr_pid)
                  0000520c    0000007c     sysbios.aem4f : BIOS.obj (.text:ti_sysbios_utils_Load_logLoads__I)
                  00005288    0000007a     rtsv7M4_T_le_v4SPD16_eabi.lib : memset_t2.obj (.text)
                  00005302    00000002     empty_pem4f.oem4f (.text:ti_uia_loggers_LoggerStopMode_setFilterLevel__E)
                  00005304    00000070     ti.uia.runtime.aem4f : QueueDescriptor.oem4f (.text:ti_uia_runtime_QueueDescriptor_addToList__E)
                  00005374    00000070     ti.targets.arm.rtsarm.aem4f : Memory.oem4f (.text:xdc_runtime_Memory_alloc__E)
                  000053e4    0000006c     sysbios.aem4f : BIOS.obj (.text:ti_sysbios_utils_Load_updateThreadContexts__E)
                  00005450    0000006c     ti.targets.arm.rtsarm.aem4f : Error.oem4f (.text:xdc_runtime_Error_print__E)
                  000054bc    00000068     driverlib.lib : interrupt.obj (.text:IntEnable)
                  00005524    00000066     ti.targets.arm.rtsarm.aem4f : Core-mem.oem4f (.text:xdc_runtime_Core_deleteObject__I)
                  0000558a    00000002     ti.uia.loggers.aem4f : LoggerStopMode.oem4f (.text:ti_uia_loggers_LoggerStopMode_setPriority__E)
                  0000558c    00000064     sysbios.aem4f : BIOS.obj (.text:ti_sysbios_utils_Load_logCPULoad__I)
                  000055f0    00000062     ti.uia.loggers.aem4f : LoggerStopMode.oem4f (.text:ti_uia_loggers_LoggerStopMode_flush__E)
                  00005652    00000002     empty_pem4f.oem4f (.text:xdc_runtime_Startup_reset__I)
                  00005654    00000060     driverlib.lib : timer.obj (.text:TimerConfigure)
                  000056b4    00000060     rtsv7M4_T_le_v4SPD16_eabi.lib : trgmsg.obj (.text)
                  00005714    00000060     sysbios.aem4f : BIOS.obj (.text:ti_sysbios_family_arm_lm4_Timer_isrStub__E)
                  00005774    00000060                   : BIOS.obj (.text:ti_sysbios_knl_Clock_logTick__E)
                  000057d4    00000060                   : BIOS.obj (.text:ti_sysbios_knl_Task_Module_startup__E)
                  00005834    00000060     ti.targets.arm.rtsarm.aem4f : System.oem4f (.text:xdc_runtime_System_formatNum__I)
                  00005894    0000005e     rtsv7M4_T_le_v4SPD16_eabi.lib : copy_decompress_rle.obj (.text)
                  000058f2    00000002     --HOLE-- [fill = 0]
                  000058f4    0000005c     sysbios.aem4f : BIOS.obj (.text:ti_sysbios_family_arm_lm4_Timer_Module_startup__E)
                  00005950    0000005c     light_sensor.obj (.text:timer2A_ISR)
                  000059ac    0000005b     ti.targets.arm.rtsarm.aem4f : Text.oem4f (.text:xdc_runtime_Text_putLab__E)
                  00005a07    00000001     --HOLE-- [fill = 0]
                  00005a08    00000058     boot.aem4f : boot.oem4f (.text)
                  00005a60    00000058     sysbios.aem4f : m3_Hwi_asm_switch.obj (.text:ti_sysbios_family_arm_m3_Hwi_initStacks__E)
                  00005ab8    00000058                   : BIOS.obj (.text:ti_sysbios_knl_Swi_restoreHwi__E)
                  00005b10    00000058                   : BIOS.obj (.text:ti_sysbios_knl_Swi_schedule__I)
                  00005b68    00000050                   : BIOS.obj (.text:ti_sysbios_utils_Load_updateCurrentThreadTime__E)
                  00005bb8    00000050     ti.targets.arm.rtsarm.aem4f : Startup.oem4f (.text:xdc_runtime_Startup_exec__E)
                  00005c08    00000050                                 : Text.oem4f (.text:xdc_runtime_Text_visitRope2__I)
                  00005c58    0000004c     sysbios.aem4f : BIOS.obj (.text:ti_sysbios_knl_Swi_runLoop__I)
                  00005ca4    0000004c     ti.uia.loggers.aem4f : LoggerStopMode.oem4f (.text:ti_uia_loggers_LoggerStopMode_Module_startup__E)
                  00005cf0    00000048     driverlib.lib : gpio.obj (.text:GPIOPinConfigure)
                  00005d38    00000048     motors.obj (.text:stop_motors)
                  00005d80    00000048     sysbios.aem4f : BIOS.obj (.text:ti_sysbios_family_arm_m3_Hwi_excReserved__I)
                  00005dc8    00000048                   : BIOS.obj (.text:ti_sysbios_heaps_HeapMem_getStats__E)
                  00005e10    00000048     ti.uia.loggers.aem4f : LoggerStopMode.oem4f (.text:ti_uia_loggers_LoggerStopMode_initBuffer__I)
                  00005e58    00000048     ti.targets.arm.rtsarm.aem4f : Assert.oem4f (.text:xdc_runtime_Assert_raise__I)
                  00005ea0    00000046                                 : Core-params.oem4f (.text:xdc_runtime_Core_assignParams__I)
                  00005ee6    00000002     --HOLE-- [fill = 0]
                  00005ee8    00000044     rtsv7M4_T_le_v4SPD16_eabi.lib : cpy_tbl.obj (.text)
                  00005f2c    00000044                                   : exit.obj (.text)
                  00005f70    00000044     sysbios.aem4f : BIOS.obj (.text:ti_sysbios_family_arm_lm4_Timer_stop__E)
                  00005fb4    00000044                   : BIOS.obj (.text:ti_sysbios_family_arm_m3_Hwi_disableInterrupt__E)
                  00005ff8    00000044                   : BIOS.obj (.text:ti_sysbios_family_arm_m3_Hwi_enableInterrupt__E)
                  0000603c    00000044                   : BIOS.obj (.text:ti_sysbios_knl_Task_allBlockedFunction__I)
                  00006080    00000044     ti.targets.arm.rtsarm.aem4f : Error.oem4f (.text:xdc_runtime_Error_setX__E)
                  000060c4    00000044                                 : SysMin.oem4f (.text:xdc_runtime_SysMin_flush__E)
                  00006108    00000042     rtsv7M4_T_le_v4SPD16_eabi.lib : u_divt2.obj (.text)
                  0000614a    00000002     --HOLE-- [fill = 0]
                  0000614c    00000040     EK_TM4C123GXL.obj (.text:EK_TM4C123GXL_initGeneral)
                  0000618c    00000040     sysbios.aem4f : BIOS.obj (.text:ti_sysbios_family_arm_lm4_Timer_startup__E)
                  000061cc    0000003c     drivers_tivaware.aem4f : GPIOTiva.oem4f (.text:GPIO_toggle)
                  00006208    0000003c     sysbios.aem4f : BIOS.obj (.text:ti_sysbios_family_arm_m3_Hwi_excSvCall__I)
                  00006244    0000003c                   : BIOS.obj (.text:ti_sysbios_family_arm_m3_Hwi_getStackInfo__E)
                  00006280    0000003c                   : BIOS.obj (.text:ti_sysbios_heaps_HeapMem_init__I)
                  000062bc    0000003c                   : BIOS.obj (.text:ti_sysbios_knl_Swi_startup__E)
                  000062f8    0000003c     ti.targets.arm.rtsarm.aem4f : Text.oem4f (.text:xdc_runtime_Text_xprintf__I)
                  00006334    00000038     sysbios.aem4f : BIOS.obj (.text:ti_sysbios_family_arm_m3_Hwi_excNoIsr__I)
                  0000636c    00000038                   : BIOS.obj (.text:ti_sysbios_family_arm_m3_TaskSupport_start__E)
                  000063a4    00000038                   : BIOS.obj (.text:ti_sysbios_knl_Task_processVitalTaskFlag__I)
                  000063dc    00000038     ti.targets.arm.rtsarm.aem4f : SysMin.oem4f (.text:xdc_runtime_SysMin_putch__E)
                  00006414    00000038                                 : System.oem4f (.text:xdc_runtime_System_atexit__E)
                  0000644c    00000034     driverlib.lib : sysctl.obj (.text:SysCtlPeripheralEnable)
                  00006480    00000034     sysbios.aem4f : BIOS.obj (.text:ti_sysbios_family_arm_m3_Hwi_excNmi__I)
                  000064b4    00000034                   : BIOS.obj (.text:ti_sysbios_hal_Hwi_checkStack)
                  000064e8    00000034     ti.uia.loggers.aem4f : LoggerStopMode.oem4f (.text:ti_uia_loggers_LoggerStopMode_reset__E)
                  0000651c    00000034     ti.targets.arm.rtsarm.aem4f : Core-label.oem4f (.text:xdc_runtime_Core_assignLabel__I)
                  00006550    00000033                                 : Text.oem4f (.text:xdc_runtime_Text_printVisFxn__I)
                  00006583    00000001     --HOLE-- [fill = 0]
                  00006584    00000032     sysbios.aem4f : BIOS.obj (.text:ti_sysbios_knl_Semaphore_pendTimeout__I)
                  000065b6    00000002     --HOLE-- [fill = 0]
                  000065b8    00000030     empty_pem4f.oem4f (.text:ti_sysbios_BIOS_atExitFunc__I)
                  000065e8    00000030     empty_pem4f.oem4f (.text:ti_sysbios_gates_GateHwi_Object__create__S)
                  00006618    00000030     empty_pem4f.oem4f (.text:ti_sysbios_gates_GateMutex_Object__create__S)
                  00006648    00000030     empty_pem4f.oem4f (.text:ti_sysbios_heaps_HeapMem_Object__create__S)
                  00006678    00000030     empty_pem4f.oem4f (.text:ti_sysbios_knl_Semaphore_construct)
                  000066a8    00000030     empty_pem4f.oem4f (.text:ti_uia_loggers_LoggerStopMode_Object__create__S)
                  000066d8    00000030     ti.targets.arm.rtsarm.aem4f : SysMin.oem4f (.text:xdc_runtime_SysMin_abort__E)
                  00006708    00000030                                 : System.oem4f (.text:xdc_runtime_System_processAtExit__E)
                  00006738    0000002c     sysbios.aem4f : BIOS.obj (.text:ti_sysbios_hal_Hwi_initStack)
                  00006764    0000002c     empty_pem4f.oem4f (.text:ti_sysbios_knl_Clock_doTick__I)
                  00006790    0000002c     empty_pem4f.oem4f (.text:ti_sysbios_knl_Queue_construct)
                  000067bc    0000002c     sysbios.aem4f : BIOS.obj (.text:ti_sysbios_knl_Task_restore__E)
                  000067e8    0000002c     ti.targets.arm.rtsarm.aem4f : Text.oem4f (.text:xdc_runtime_Text_cordText__E)
                  00006814    0000002a     driverlib.lib : gpio.obj (.text:GPIODirModeSet)
                  0000683e    0000002a     ti.targets.arm.rtsarm.aem4f : System.oem4f (.text:xdc_runtime_System_putchar__I)
                  00006868    00000028     drivers_tivaware.aem4f : GPIOTiva.oem4f (.text:GPIO_write)
                  00006890    00000026     sysbios.aem4f : m3_Hwi_asm.obj (.text:ti_sysbios_family_arm_m3_Hwi_pendSV__I)
                  000068b6    00000026     ti.targets.arm.rtsarm.aem4f : System.oem4f (.text:xdc_runtime_System_avprintf__E)
                  000068dc    00000024     drivers_tivaware.aem4f : GPIOTiva.oem4f (.text:GPIO_init)
                  00006900    00000024     empty_pem4f.oem4f (.text:ti_sysbios_BIOS_errorRaiseHook__I)
                  00006924    00000024     empty_pem4f.oem4f (.text:ti_sysbios_BIOS_registerRTSLock__I)
                  00006948    00000024     empty_pem4f.oem4f (.text:ti_sysbios_BIOS_removeRTSLock__I)
                  0000696c    00000024     empty_pem4f.oem4f (.text:ti_sysbios_BIOS_startFunc__I)
                  00006990    00000024     sysbios.aem4f : BIOS.obj (.text:ti_sysbios_family_arm_m3_Hwi_doTaskRestore__I)
                  000069b4    00000024     empty_pem4f.oem4f (.text:ti_sysbios_gates_GateMutex_Object__delete__S)
                  000069d8    00000024     sysbios.aem4f : BIOS.obj (.text:ti_sysbios_knl_Clock_Module_startup__E)
                  000069fc    00000024                   : BIOS.obj (.text:ti_sysbios_knl_Swi_Module_startup__E)
                  00006a20    00000024     ti.targets.arm.rtsarm.aem4f : System.oem4f (.text:xdc_runtime_System_vprintf__E)
                  00006a44    00000022     driverlib.lib : pwm.obj (.text:PWMGenConfigure)
                  00006a66    00000022     sysbios.aem4f : BIOS.obj (.text:ti_sysbios_family_arm_lm4_Timer_write__I)
                  00006a88    00000022     empty_pem4f.oem4f (.text:xdc_runtime_SysMin_output__I)
                  00006aaa    00000002     --HOLE-- [fill = 0]
                  00006aac    00000020     sysbios.aem4f : m3_Hwi_asm.obj (.text:ti_sysbios_family_arm_m3_Hwi_excHandlerAsm__I)
                  00006acc    00000020                   : BIOS.obj (.text:ti_sysbios_family_arm_m3_Hwi_excHandler__I)
                  00006aec    00000020     empty_pem4f.oem4f (.text:ti_sysbios_gates_GateHwi_Object__delete__S)
                  00006b0c    00000020     empty_pem4f.oem4f (.text:ti_sysbios_heaps_HeapMem_Object__delete__S)
                  00006b2c    00000020     sysbios.aem4f : BIOS.obj (.text:ti_sysbios_knl_Idle_run__E)
                  00006b4c    00000020     empty_pem4f.oem4f (.text:ti_sysbios_knl_Semaphore_Object__destruct__S)
                  00006b6c    00000020     sysbios.aem4f : BIOS.obj (.text:ti_sysbios_knl_Task_enter__I)
                  00006b8c    00000020     empty_pem4f.oem4f (.text:ti_uia_loggers_LoggerStopMode_Object__delete__S)
                  00006bac    00000020     ti.targets.arm.rtsarm.aem4f : Registry.oem4f (.text:xdc_runtime_Registry_findById__E)
                  00006bcc    00000020                                 : SysMin.oem4f (.text:xdc_runtime_SysMin_Module_startup__E)
                  00006bec    0000001e     driverlib.lib : pwm.obj (.text:PWMPulseWidthSet)
                  00006c0a    0000001e     sysbios.aem4f : m3_Hwi_asm_switch.obj (.text:ti_sysbios_family_xxx_Hwi_switchAndRunFunc)
                  00006c28    0000001c     empty_pem4f.oem4f (.text:ti_sysbios_BIOS_rtsLock__I)
                  00006c44    0000001c     sysbios.aem4f : BIOS.obj (.text:ti_sysbios_gates_GateMutex_Instance_init__E)
                  00006c60    0000001c     empty_pem4f.oem4f (.text:ti_sysbios_knl_Queue_Object__destruct__S)
                  00006c7c    0000001c     ti.targets.arm.rtsarm.aem4f : Error.oem4f (.text:xdc_runtime_Error_raiseX__E)
                  00006c98    0000001c                                 : Memory.oem4f (.text:xdc_runtime_Memory_valloc__E)
                  00006cb4    0000001c                                 : SysMin.oem4f (.text:xdc_runtime_SysMin_exit__E)
                  00006cd0    0000001c                                 : System.oem4f (.text:xdc_runtime_System_abort__E)
                  00006cec    0000001a     empty_pem4f.oem4f (.text:ti_sysbios_family_arm_m3_Hwi_Handle__label__S)
                  00006d06    0000001a     empty_pem4f.oem4f (.text:ti_sysbios_gates_GateHwi_Handle__label__S)
                  00006d20    0000001a     empty_pem4f.oem4f (.text:ti_sysbios_gates_GateMutex_Handle__label__S)
                  00006d3a    0000001a     empty_pem4f.oem4f (.text:ti_sysbios_heaps_HeapMem_Handle__label__S)
                  00006d54    0000001a     empty_pem4f.oem4f (.text:ti_sysbios_knl_Swi_Handle__label__S)
                  00006d6e    0000001a     empty_pem4f.oem4f (.text:ti_sysbios_knl_Task_Handle__label__S)
                  00006d88    0000001a     sysbios.aem4f : BIOS.obj (.text:ti_sysbios_knl_Task_sleepTimeout__I)
                  00006da2    0000001a     empty_pem4f.oem4f (.text:ti_uia_loggers_LoggerStopMode_Handle__label__S)
                  00006dbc    0000001a     ti.uia.loggers.aem4f : LoggerStopMode.oem4f (.text:ti_uia_loggers_LoggerStopMode_Instance_init__E)
                  00006dd6    0000001a     empty_pem4f.oem4f (.text:xdc_runtime_System_aprintf__E)
                  00006df0    0000001a     empty_pem4f.oem4f (.text:xdc_runtime_System_printf__E)
                  00006e0a    00000018     driverlib.lib : gpio.obj (.text:GPIOPinTypeGPIOOutput)
                  00006e22    00000002     --HOLE-- [fill = 0]
                  00006e24    00000018     rtsv7M4_T_le_v4SPD16_eabi.lib : args_main.obj (.text)
                  00006e3c    00000018     empty_pem4f.oem4f (.text:ti_sysbios_BIOS_rtsUnlock__I)
                  00006e54    00000018     empty_pem4f.oem4f (.text:ti_sysbios_family_arm_lm4_Timer_Module__startupDone__F)
                  00006e6c    00000018     empty_pem4f.oem4f (.text:ti_sysbios_family_arm_m3_Hwi_Module__startupDone__F)
                  00006e84    00000018     sysbios.aem4f : m3_TaskSupport_asm.obj (.text:ti_sysbios_family_arm_m3_TaskSupport_swap__E)
                  00006e9c    00000018                   : BIOS.obj (.text:ti_sysbios_gates_GateMutex_leave__E)
                  00006eb4    00000018     ti.targets.arm.rtsarm.aem4f : Error.oem4f (.text:xdc_runtime_Error_check__E)
                  00006ecc    00000018                                 : System.oem4f (.text:xdc_runtime_System_exit__E)
                  00006ee4    00000018                                 : Text.oem4f (.text:xdc_runtime_Text_ropeText__E)
                  00006efc    00000016     empty_pem4f.oem4f (.text:ti_sysbios_BIOS_exitFunc__I)
                  00006f12    00000016     ti.uia.loggers.aem4f : LoggerStopMode.oem4f (.text:ti_uia_loggers_LoggerStopMode_disable__E)
                  00006f28    00000016                          : LoggerStopMode.oem4f (.text:ti_uia_loggers_LoggerStopMode_enable__E)
                  00006f3e    00000002     --HOLE-- [fill = 0]
                  00006f40    00000014     driverlib.lib : sysctl.obj (.text:SysCtlPWMClockSet)
                  00006f54    00000014     empty.obj (.text:heartBeatFxn)
                  00006f68    00000014     rtsv7M4_T_le_v4SPD16_eabi.lib : _lock.obj (.text)
                  00006f7c    00000014                                   : strlen.obj (.text)
                  00006f90    00000014     empty_pem4f.oem4f (.text:ti_sysbios_family_arm_m3_Hwi_Object__get__S)
                  00006fa4    00000014     sysbios.aem4f : BIOS.obj (.text:ti_sysbios_family_arm_m3_Hwi_switchFromBootStack__E)
                  00006fb8    00000014     empty_pem4f.oem4f (.text:ti_sysbios_heaps_HeapMem_Object__get__S)
                  00006fcc    00000014     empty_pem4f.oem4f (.text:ti_sysbios_knl_Swi_Object__get__S)
                  00006fe0    00000012     driverlib.lib : gpio.obj (.text:GPIOPinTypeGPIOInput)
                  00006ff2    00000012                   : gpio.obj (.text:GPIOPinTypePWM)
                  00007004    00000012                   : pwm.obj (.text:PWMGenPeriodGet)
                  00007016    00000012                   : pwm.obj (.text:PWMOutputState)
                  00007028    00000012                   : timer.obj (.text:TimerLoadSet)
                  0000703a    00000012     rtsv7M4_T_le_v4SPD16_eabi.lib : copy_zero_init.obj (.text:decompress:ZI)
                  0000704c    00000012     sysbios.aem4f : BIOS.obj (.text:ti_sysbios_hal_Hwi_Module_startup__E)
                  0000705e    00000012     empty_pem4f.oem4f (.text:xdc_runtime_Startup_exec__I)
                  00007070    00000010     driverlib.lib : pwm.obj (.text:PWMGenPeriodSet)
                  00007080    00000010     light_sensor.obj (.text:lightsense_CLK)
                  00007090    00000010     rtsv7M4_T_le_v4SPD16_eabi.lib : strcpy.obj (.text)
                  000070a0    00000010     sysbios.aem4f : BIOS.obj (.text:ti_sysbios_BIOS_getCpuFreq__E)
                  000070b0    00000010                   : BIOS.obj (.text:ti_sysbios_BIOS_setThreadType__E)
                  000070c0    00000010                   : BIOS.obj (.text:ti_sysbios_BIOS_start__E)
                  000070d0    00000010                   : BIOS.obj (.text:ti_sysbios_family_arm_lm4_TimestampProvider_rolloverFunc__E)
                  000070e0    00000010                   : m3_TaskSupport_asm.obj (.text:ti_sysbios_family_arm_m3_TaskSupport_glue)
                  000070f0    00000010                   : BIOS.obj (.text:ti_sysbios_gates_GateMutex_Instance_finalize__E)
                  00007100    00000010                   : BIOS.obj (.text:ti_sysbios_knl_Semaphore_Instance_finalize__E)
                  00007110    00000010                   : BIOS.obj (.text:ti_sysbios_knl_Swi_disable__E)
                  00007120    00000010     empty_pem4f.oem4f (.text:ti_sysbios_knl_Task_Object__get__S)
                  00007130    00000010     sysbios.aem4f : BIOS.obj (.text:ti_sysbios_knl_Task_disable__E)
                  00007140    00000010     empty_pem4f.oem4f (.text:ti_uia_loggers_LoggerStopMode_Object__get__S)
                  00007150    00000010     ti.uia.loggers.aem4f : LoggerStopMode.oem4f (.text:ti_uia_loggers_LoggerStopMode_isEmpty__E)
                  00007160    00000010     ti.targets.arm.rtsarm.aem4f : Gate.oem4f (.text:xdc_runtime_Gate_leaveSystem__E)
                  00007170    00000010                                 : Memory.oem4f (.text:xdc_runtime_Memory_free__E)
                  00007180    00000010                                 : SysMin.oem4f (.text:xdc_runtime_SysMin_ready__E)
                  00007190    00000010                                 : System.oem4f (.text:xdc_runtime_System_vsnprintf__E)
                  000071a0    00000010     empty_pem4f.oem4f (.text:xdc_runtime_Text_visitRope__I)
                  000071b0    0000000e     driverlib.lib : timer.obj (.text:TimerEnable)
                  000071be    0000000e     rtsv7M4_T_le_v4SPD16_eabi.lib : copy_decompress_none.obj (.text:decompress:none)
                  000071cc    0000000e     sysbios.aem4f : BIOS.obj (.text:ti_sysbios_knl_Queue_empty__E)
                  000071da    00000002     --HOLE-- [fill = 0]
                  000071dc    0000000c     empty_pem4f.oem4f (.text:.bootCodeSection:ti_catalog_arm_cortexm4_tiva_ce_Boot_init__I)
                  000071e8    0000000c     driverlib.lib : pwm.obj (.text:PWMGenEnable)
                  000071f4    0000000c     sysbios.aem4f : BIOS.obj (.text:ti_sysbios_family_arm_lm4_Timer_getMaxTicks__E)
                  00007200    0000000c                   : BIOS.obj (.text:ti_sysbios_family_arm_lm4_TimestampProvider_startTimer__E)
                  0000720c    0000000c                   : BIOS.obj (.text:ti_sysbios_family_arm_m3_Hwi_disableFxn__E)
                  00007218    0000000c                   : BIOS.obj (.text:ti_sysbios_family_arm_m3_TaskSupport_checkStack__E)
                  00007224    0000000c                   : BIOS.obj (.text:ti_sysbios_gates_GateHwi_enter__E)
                  00007230    0000000c     empty_pem4f.oem4f (.text:ti_sysbios_knl_Queue_Object__get__S)
                  0000723c    0000000c     ti.targets.arm.rtsarm.aem4f : Error.oem4f (.text:xdc_runtime_Error_init__E)
                  00007248    0000000c                                 : Gate.oem4f (.text:xdc_runtime_Gate_enterSystem__E)
                  00007254    0000000c                                 : Memory.oem4f (.text:xdc_runtime_Memory_calloc__E)
                  00007260    0000000c                                 : Memory.oem4f (.text:xdc_runtime_Memory_getMaxDefaultTypeAlign__E)
                  0000726c    0000000a     empty_pem4f.oem4f (.text:xdc_runtime_IHeap_alloc)
                  00007276    0000000a     empty_pem4f.oem4f (.text:xdc_runtime_IHeap_free)
                  00007280    00000008     driverlib.lib : timer.obj (.text:TimerIntEnable)
                  00007288    00000008     sysbios.aem4f : BIOS.obj (.text:ti_sysbios_family_arm_lm4_Timer_masterDisable__I)
                  00007290    00000008                   : BIOS.obj (.text:ti_sysbios_family_arm_m3_Hwi_doSwiRestore__I)
                  00007298    00000008                   : BIOS.obj (.text:ti_sysbios_family_arm_m3_Hwi_startup__E)
                  000072a0    00000008                   : BIOS.obj (.text:ti_sysbios_knl_Idle_loop__E)
                  000072a8    00000006     driverlib.lib : gpio.obj (.text:GPIOPinRead)
                  000072ae    00000006                   : gpio.obj (.text:GPIOPinWrite)
                  000072b4    00000006                   : timer.obj (.text:TimerClockSourceSet)
                  000072ba    00000006     ti.targets.arm.rtsarm.aem4f : xdc_noinit.oem4f (.text:__xdc__init)
                  000072c0    00000006     rtsv7M4_T_le_v4SPD16_eabi.lib : copy_decompress_rle.obj (.text:decompress:rle24)
                  000072c6    00000006     Boot.aem4f : Boot_sysctl.oem4f (.text:ti_catalog_arm_cortexm4_tiva_ce_Boot_sysCtlDelayI__I)
                  000072cc    00000006     sysbios.aem4f : BIOS.obj (.text:ti_sysbios_family_arm_lm4_TimestampProvider_Module_startup__E)
                  000072d2    00000006                   : BIOS.obj (.text:ti_sysbios_family_arm_m3_Hwi_restoreFxn__E)
                  000072d8    00000006                   : BIOS.obj (.text:ti_sysbios_gates_GateHwi_leave__E)
                  000072de    00000006                   : BIOS.obj (.text:ti_sysbios_heaps_HeapMem_isBlocking__E)
                  000072e4    00000006                   : BIOS.obj (.text:ti_sysbios_knl_Queue_Instance_init__E)
                  000072ea    00000006     ti.targets.arm.rtsarm.aem4f : System.oem4f (.text:xdc_runtime_System_Module_startup__E)
                  000072f0    00000004     driverlib.lib : timer.obj (.text:TimerIntClear)
                  000072f4    00000004     empty_pem4f.oem4f (.text:ti_sysbios_BIOS_RtsGateProxy_enter__E)
                  000072f8    00000004     empty_pem4f.oem4f (.text:ti_sysbios_BIOS_RtsGateProxy_leave__E)
                  000072fc    00000004     sysbios.aem4f : BIOS.obj (.text:ti_sysbios_family_arm_lm4_Timer_getPeriod__E)
                  00007300    00000004                   : BIOS.obj (.text:ti_sysbios_family_arm_lm4_Timer_masterEnable__I)
                  00007304    00000004     empty_pem4f.oem4f (.text:ti_sysbios_family_arm_m3_TaskSupport_Module__startupDone__S)
                  00007308    00000004     sysbios.aem4f : BIOS.obj (.text:ti_sysbios_gates_GateHwi_query__E)
                  0000730c    00000004                   : BIOS.obj (.text:ti_sysbios_gates_GateMutex_query__E)
                  00007310    00000004     empty_pem4f.oem4f (.text:ti_sysbios_hal_Hwi_HwiProxy_Module__startupDone__S)
                  00007314    00000004     empty_pem4f.oem4f (.text:ti_sysbios_heaps_HeapMem_Module_GateProxy_enter__E)
                  00007318    00000004     empty_pem4f.oem4f (.text:ti_sysbios_heaps_HeapMem_Module_GateProxy_leave__E)
                  0000731c    00000004     empty_pem4f.oem4f (.text:ti_sysbios_knl_Clock_TimerProxy_Module__startupDone__S)
                  00007320    00000004     empty_pem4f.oem4f (.text:ti_sysbios_knl_Clock_TimerProxy_getMaxTicks__E)
                  00007324    00000004     empty_pem4f.oem4f (.text:ti_sysbios_knl_Clock_TimerProxy_getPeriod__E)
                  00007328    00000004     empty_pem4f.oem4f (.text:ti_sysbios_knl_Queue_destruct)
                  0000732c    00000004     empty_pem4f.oem4f (.text:ti_sysbios_knl_Semaphore_destruct)
                  00007330    00000004     empty_pem4f.oem4f (.text:ti_sysbios_knl_Task_SupportProxy_Module__startupDone__S)
                  00007334    00000004     sysbios.aem4f : BIOS.obj (.text:ti_sysbios_knl_Task_startup__E)
                  00007338    00000004     ti.uia.loggers.aem4f : LoggerStopMode.oem4f (.text:ti_uia_loggers_LoggerStopMode_getContents__E)
                  0000733c    00000004     empty_pem4f.oem4f (.text:ti_uia_loggers_LoggerStopMode_getFilterLevel__E)
                  00007340    00000004     ti.uia.loggers.aem4f : LoggerStopMode.oem4f (.text:ti_uia_loggers_LoggerStopMode_getInstanceId__E)
                  00007344    00000004                          : LoggerStopMode.oem4f (.text:ti_uia_loggers_LoggerStopMode_getMaxLength__E)
                  00007348    00000004                          : LoggerStopMode.oem4f (.text:ti_uia_loggers_LoggerStopMode_getPriority__E)
                  0000734c    00000004                          : LoggerStopMode.oem4f (.text:ti_uia_loggers_LoggerStopMode_getTransferType__E)
                  00007350    00000004     ti.targets.arm.rtsarm.aem4f : Error.oem4f (.text:xdc_runtime_Error_getSite__E)
                  00007354    00000004     empty_pem4f.oem4f (.text:xdc_runtime_Memory_HeapProxy_alloc__E)
                  00007358    00000004     empty_pem4f.oem4f (.text:xdc_runtime_Memory_HeapProxy_free__E)
                  0000735c    00000004     empty_pem4f.oem4f (.text:xdc_runtime_System_Module_GateProxy_enter__E)
                  00007360    00000004     empty_pem4f.oem4f (.text:xdc_runtime_System_Module_GateProxy_leave__E)
                  00007364    00000004     ti.targets.arm.rtsarm.aem4f : System.oem4f (.text:xdc_runtime_System_aprintf_va__F)
                  00007368    00000004                                 : System.oem4f (.text:xdc_runtime_System_printf_va__F)

.const     0    0000736c    0000275e     
                  0000736c    00001ebd     empty_pem4f.oem4f (.const:xdc_runtime_Text_charTab__A)
                  00009229    00000001     empty_pem4f.oem4f (.const:xdc_runtime_Error_policy__C)
                  0000922a    00000100     empty_pem4f.oem4f (.const:xdc_runtime_Text_nodeTab__A)
                  0000932a    00000002     empty_pem4f.oem4f (.const:ti_catalog_arm_cortexm4_tiva_ce_Boot_Module__id__C)
                  0000932c    00000090     driverlib.lib : gpio.obj (.const:g_pui32GPIOBaseAddrs)
                  000093bc    00000070                   : interrupt.obj (.const)
                  0000942c    0000006c                   : sysctl.obj (.const:g_pui32Xtals)
                  00009498    00000060     empty_pem4f.oem4f (.const:ti_uia_loggers_LoggerStopMode_Module__FXNS__C)
                  000094f8    00000048     empty_pem4f.oem4f (.const:.string)
                  00009540    0000003c     EK_TM4C123GXL.obj (.const:gpioHWAttrs)
                  0000957c    00000028     empty_pem4f.oem4f (.const:ti_sysbios_heaps_HeapMem_Module__FXNS__C)
                  000095a4    00000028     empty_pem4f.oem4f (.const:ti_uia_loggers_LoggerStopMode_Object__PARAMS__C)
                  000095cc    00000028     empty_pem4f.oem4f (.const:xdc_runtime_Startup_sfxnTab__A)
                  000095f4    00000024     empty_pem4f.oem4f (.const:ti_sysbios_gates_GateHwi_Module__FXNS__C)
                  00009618    00000024     empty_pem4f.oem4f (.const:ti_sysbios_gates_GateMutex_Module__FXNS__C)
                  0000963c    00000024     empty_pem4f.oem4f (.const:ti_sysbios_heaps_HeapMem_Object__PARAMS__C)
                  00009660    00000024     empty_pem4f.oem4f (.const:ti_sysbios_knl_Semaphore_Object__PARAMS__C)
                  00009684    00000020     empty_pem4f.oem4f (.const)
                  000096a4    00000020     empty_pem4f.oem4f (.const:ti_sysbios_gates_GateHwi_Object__DESC__C)
                  000096c4    00000020     empty_pem4f.oem4f (.const:ti_sysbios_gates_GateMutex_Object__DESC__C)
                  000096e4    00000020     empty_pem4f.oem4f (.const:ti_sysbios_heaps_HeapMem_Object__DESC__C)
                  00009704    00000020     empty_pem4f.oem4f (.const:ti_sysbios_knl_Queue_Object__DESC__C)
                  00009724    00000020     empty_pem4f.oem4f (.const:ti_sysbios_knl_Semaphore_Object__DESC__C)
                  00009744    00000020     empty_pem4f.oem4f (.const:ti_uia_loggers_LoggerStopMode_Object__DESC__C)
                  00009764    00000018     EK_TM4C123GXL.obj (.const:GPIO_config)
                  0000977c    00000018     empty_pem4f.oem4f (.const:ti_sysbios_gates_GateHwi_Object__PARAMS__C)
                  00009794    00000018     empty_pem4f.oem4f (.const:ti_sysbios_gates_GateMutex_Object__PARAMS__C)
                  000097ac    00000018     empty_pem4f.oem4f (.const:ti_sysbios_knl_Queue_Object__PARAMS__C)
                  000097c4    00000014     empty_pem4f.oem4f (.const:xdc_runtime_Startup_firstFxns__A)
                  000097d8    00000014     empty_pem4f.oem4f (.const:xdc_runtime_Startup_sfxnRts__A)
                  000097ec    00000011     ti.targets.arm.rtsarm.aem4f : System.oem4f (.const:.string)
                  000097fd    00000001     --HOLE-- [fill = 0]
                  000097fe    00000002     empty_pem4f.oem4f (.const:ti_sysbios_family_arm_lm4_TimestampProvider_useClockTimer__C)
                  00009800    00000008     empty_pem4f.oem4f (.const:ti_sysbios_family_arm_m3_Hwi_excHookFuncs__A)
                  00009808    00000008     empty_pem4f.oem4f (.const:ti_sysbios_knl_Idle_funcList__A)
                  00009810    00000008     empty_pem4f.oem4f (.const:ti_sysbios_knl_Idle_funcList__C)
                  00009818    00000008     empty_pem4f.oem4f (.const:xdc_runtime_Startup_firstFxns__C)
                  00009820    00000008     empty_pem4f.oem4f (.const:xdc_runtime_Startup_lastFxns__C)
                  00009828    00000004     empty_pem4f.oem4f (.const:ti_catalog_arm_cortexm4_tiva_ce_Boot_A_mustUseEnhancedClockMode__C)
                  0000982c    00000004     empty_pem4f.oem4f (.const:ti_catalog_arm_cortexm4_tiva_ce_Boot_Module__diagsEnabled__C)
                  00009830    00000004     empty_pem4f.oem4f (.const:ti_catalog_arm_cortexm4_tiva_ce_Boot_Module__diagsIncluded__C)
                  00009834    00000004     empty_pem4f.oem4f (.const:ti_catalog_arm_cortexm4_tiva_ce_Boot_Module__diagsMask__C)
                  00009838    00000004     empty_pem4f.oem4f (.const:ti_sysbios_family_arm_lm4_Timer_enableFunc__C)
                  0000983c    00000004     empty_pem4f.oem4f (.const:ti_sysbios_family_arm_lm4_Timer_numTimerDevices__C)
                  00009840    00000004     empty_pem4f.oem4f (.const:ti_sysbios_family_arm_lm4_Timer_startupNeeded__C)
                  00009844    00000004     empty_pem4f.oem4f (.const:ti_sysbios_family_arm_m3_Hwi_E_NMI__C)
                  00009848    00000004     empty_pem4f.oem4f (.const:ti_sysbios_family_arm_m3_Hwi_E_busFault__C)
                  0000984c    00000004     empty_pem4f.oem4f (.const:ti_sysbios_family_arm_m3_Hwi_E_debugMon__C)
                  00009850    00000004     empty_pem4f.oem4f (.const:ti_sysbios_family_arm_m3_Hwi_E_hardFault__C)
                  00009854    00000004     empty_pem4f.oem4f (.const:ti_sysbios_family_arm_m3_Hwi_E_memFault__C)
                  00009858    00000004     empty_pem4f.oem4f (.const:ti_sysbios_family_arm_m3_Hwi_E_noIsr__C)
                  0000985c    00000004     empty_pem4f.oem4f (.const:ti_sysbios_family_arm_m3_Hwi_E_reserved__C)
                  00009860    00000004     empty_pem4f.oem4f (.const:ti_sysbios_family_arm_m3_Hwi_E_svCall__C)
                  00009864    00000004     empty_pem4f.oem4f (.const:ti_sysbios_family_arm_m3_Hwi_E_usageFault__C)
                  00009868    00000004     empty_pem4f.oem4f (.const:ti_sysbios_family_arm_m3_Hwi_LD_end__C)
                  0000986c    00000004     empty_pem4f.oem4f (.const:ti_sysbios_family_arm_m3_Hwi_LM_begin__C)
                  00009870    00000004     empty_pem4f.oem4f (.const:ti_sysbios_family_arm_m3_Hwi_Module__diagsEnabled__C)
                  00009874    00000004     empty_pem4f.oem4f (.const:ti_sysbios_family_arm_m3_Hwi_Module__diagsIncluded__C)
                  00009878    00000004     empty_pem4f.oem4f (.const:ti_sysbios_family_arm_m3_Hwi_Module__diagsMask__C)
                  0000987c    00000004     empty_pem4f.oem4f (.const:ti_sysbios_family_arm_m3_Hwi_Module__loggerFxn1__C)
                  00009880    00000004     empty_pem4f.oem4f (.const:ti_sysbios_family_arm_m3_Hwi_Module__loggerFxn8__C)
                  00009884    00000004     empty_pem4f.oem4f (.const:ti_sysbios_family_arm_m3_Hwi_Module__loggerObj__C)
                  00009888    00000004     empty_pem4f.oem4f (.const:ti_sysbios_family_arm_m3_Hwi_NUM_INTERRUPTS__C)
                  0000988c    00000004     empty_pem4f.oem4f (.const:ti_sysbios_family_arm_m3_Hwi_Object__count__C)
                  00009890    00000004     empty_pem4f.oem4f (.const:ti_sysbios_family_arm_m3_Hwi_ccr__C)
                  00009894    00000004     empty_pem4f.oem4f (.const:ti_sysbios_family_arm_m3_Hwi_excHandlerFunc__C)
                  00009898    00000004     empty_pem4f.oem4f (.const:ti_sysbios_family_arm_m3_Hwi_excHookFuncs__C)
                  0000989c    00000004     empty_pem4f.oem4f (.const:ti_sysbios_family_arm_m3_Hwi_nullIsrFunc__C)
                  000098a0    00000004     empty_pem4f.oem4f (.const:ti_sysbios_family_arm_m3_Hwi_priGroup__C)
                  000098a4    00000004     empty_pem4f.oem4f (.const:ti_sysbios_gates_GateMutex_A_badContext__C)
                  000098a8    00000004     empty_pem4f.oem4f (.const:ti_sysbios_gates_GateMutex_Instance_State_sem__O)
                  000098ac    00000004     empty_pem4f.oem4f (.const:ti_sysbios_gates_GateMutex_Module__diagsEnabled__C)
                  000098b0    00000004     empty_pem4f.oem4f (.const:ti_sysbios_gates_GateMutex_Module__diagsIncluded__C)
                  000098b4    00000004     empty_pem4f.oem4f (.const:ti_sysbios_gates_GateMutex_Module__diagsMask__C)
                  000098b8    00000004     empty_pem4f.oem4f (.const:ti_sysbios_hal_Hwi_E_stackOverflow__C)
                  000098bc    00000004     empty_pem4f.oem4f (.const:ti_sysbios_heaps_HeapMem_A_align__C)
                  000098c0    00000004     empty_pem4f.oem4f (.const:ti_sysbios_heaps_HeapMem_A_heapSize__C)
                  000098c4    00000004     empty_pem4f.oem4f (.const:ti_sysbios_heaps_HeapMem_A_invalidFree__C)
                  000098c8    00000004     empty_pem4f.oem4f (.const:ti_sysbios_heaps_HeapMem_A_zeroBlock__C)
                  000098cc    00000004     empty_pem4f.oem4f (.const:ti_sysbios_heaps_HeapMem_E_memory__C)
                  000098d0    00000004     empty_pem4f.oem4f (.const:ti_sysbios_heaps_HeapMem_Module__diagsEnabled__C)
                  000098d4    00000004     empty_pem4f.oem4f (.const:ti_sysbios_heaps_HeapMem_Module__diagsIncluded__C)
                  000098d8    00000004     empty_pem4f.oem4f (.const:ti_sysbios_heaps_HeapMem_Module__diagsMask__C)
                  000098dc    00000004     empty_pem4f.oem4f (.const:ti_sysbios_heaps_HeapMem_Module__gateObj__C)
                  000098e0    00000004     empty_pem4f.oem4f (.const:ti_sysbios_heaps_HeapMem_Object__count__C)
                  000098e4    00000004     empty_pem4f.oem4f (.const:ti_sysbios_heaps_HeapMem_reqAlign__C)
                  000098e8    00000004     empty_pem4f.oem4f (.const:ti_sysbios_knl_Clock_LM_begin__C)
                  000098ec    00000004     empty_pem4f.oem4f (.const:ti_sysbios_knl_Clock_LM_tick__C)
                  000098f0    00000004     empty_pem4f.oem4f (.const:ti_sysbios_knl_Clock_LW_delayed__C)
                  000098f4    00000004     empty_pem4f.oem4f (.const:ti_sysbios_knl_Clock_Module_State_clockQ__O)
                  000098f8    00000004     empty_pem4f.oem4f (.const:ti_sysbios_knl_Clock_Module__diagsEnabled__C)
                  000098fc    00000004     empty_pem4f.oem4f (.const:ti_sysbios_knl_Clock_Module__diagsIncluded__C)
                  00009900    00000004     empty_pem4f.oem4f (.const:ti_sysbios_knl_Clock_Module__diagsMask__C)
                  00009904    00000004     empty_pem4f.oem4f (.const:ti_sysbios_knl_Clock_Module__loggerFxn1__C)
                  00009908    00000004     empty_pem4f.oem4f (.const:ti_sysbios_knl_Clock_Module__loggerFxn2__C)
                  0000990c    00000004     empty_pem4f.oem4f (.const:ti_sysbios_knl_Clock_Module__loggerObj__C)
                  00009910    00000004     empty_pem4f.oem4f (.const:ti_sysbios_knl_Semaphore_A_badContext__C)
                  00009914    00000004     empty_pem4f.oem4f (.const:ti_sysbios_knl_Semaphore_A_noEvents__C)
                  00009918    00000004     empty_pem4f.oem4f (.const:ti_sysbios_knl_Semaphore_A_overflow__C)
                  0000991c    00000004     empty_pem4f.oem4f (.const:ti_sysbios_knl_Semaphore_A_pendTaskDisabled__C)
                  00009920    00000004     empty_pem4f.oem4f (.const:ti_sysbios_knl_Semaphore_Instance_State_pendQ__O)
                  00009924    00000004     empty_pem4f.oem4f (.const:ti_sysbios_knl_Semaphore_LM_pend__C)
                  00009928    00000004     empty_pem4f.oem4f (.const:ti_sysbios_knl_Semaphore_LM_post__C)
                  0000992c    00000004     empty_pem4f.oem4f (.const:ti_sysbios_knl_Semaphore_Module__diagsEnabled__C)
                  00009930    00000004     empty_pem4f.oem4f (.const:ti_sysbios_knl_Semaphore_Module__diagsIncluded__C)
                  00009934    00000004     empty_pem4f.oem4f (.const:ti_sysbios_knl_Semaphore_Module__diagsMask__C)
                  00009938    00000004     empty_pem4f.oem4f (.const:ti_sysbios_knl_Semaphore_Module__loggerFxn2__C)
                  0000993c    00000004     empty_pem4f.oem4f (.const:ti_sysbios_knl_Semaphore_Module__loggerFxn4__C)
                  00009940    00000004     empty_pem4f.oem4f (.const:ti_sysbios_knl_Semaphore_Module__loggerObj__C)
                  00009944    00000004     empty_pem4f.oem4f (.const:ti_sysbios_knl_Swi_LD_end__C)
                  00009948    00000004     empty_pem4f.oem4f (.const:ti_sysbios_knl_Swi_LM_begin__C)
                  0000994c    00000004     empty_pem4f.oem4f (.const:ti_sysbios_knl_Swi_LM_post__C)
                  00009950    00000004     empty_pem4f.oem4f (.const:ti_sysbios_knl_Swi_Module__diagsEnabled__C)
                  00009954    00000004     empty_pem4f.oem4f (.const:ti_sysbios_knl_Swi_Module__diagsIncluded__C)
                  00009958    00000004     empty_pem4f.oem4f (.const:ti_sysbios_knl_Swi_Module__diagsMask__C)
                  0000995c    00000004     empty_pem4f.oem4f (.const:ti_sysbios_knl_Swi_Module__loggerFxn1__C)
                  00009960    00000004     empty_pem4f.oem4f (.const:ti_sysbios_knl_Swi_Module__loggerFxn4__C)
                  00009964    00000004     empty_pem4f.oem4f (.const:ti_sysbios_knl_Swi_Module__loggerObj__C)
                  00009968    00000004     empty_pem4f.oem4f (.const:ti_sysbios_knl_Swi_Object__count__C)
                  0000996c    00000004     empty_pem4f.oem4f (.const:ti_sysbios_knl_Task_A_badTimeout__C)
                  00009970    00000004     empty_pem4f.oem4f (.const:ti_sysbios_knl_Task_A_sleepTaskDisabled__C)
                  00009974    00000004     empty_pem4f.oem4f (.const:ti_sysbios_knl_Task_E_spOutOfBounds__C)
                  00009978    00000004     empty_pem4f.oem4f (.const:ti_sysbios_knl_Task_E_stackOverflow__C)
                  0000997c    00000004     empty_pem4f.oem4f (.const:ti_sysbios_knl_Task_LD_block__C)
                  00009980    00000004     empty_pem4f.oem4f (.const:ti_sysbios_knl_Task_LD_exit__C)
                  00009984    00000004     empty_pem4f.oem4f (.const:ti_sysbios_knl_Task_LD_ready__C)
                  00009988    00000004     empty_pem4f.oem4f (.const:ti_sysbios_knl_Task_LM_sleep__C)
                  0000998c    00000004     empty_pem4f.oem4f (.const:ti_sysbios_knl_Task_LM_switch__C)
                  00009990    00000004     empty_pem4f.oem4f (.const:ti_sysbios_knl_Task_Module_State_inactiveQ__O)
                  00009994    00000004     empty_pem4f.oem4f (.const:ti_sysbios_knl_Task_Module__diagsEnabled__C)
                  00009998    00000004     empty_pem4f.oem4f (.const:ti_sysbios_knl_Task_Module__diagsIncluded__C)
                  0000999c    00000004     empty_pem4f.oem4f (.const:ti_sysbios_knl_Task_Module__diagsMask__C)
                  000099a0    00000004     empty_pem4f.oem4f (.const:ti_sysbios_knl_Task_Module__loggerFxn2__C)
                  000099a4    00000004     empty_pem4f.oem4f (.const:ti_sysbios_knl_Task_Module__loggerFxn4__C)
                  000099a8    00000004     empty_pem4f.oem4f (.const:ti_sysbios_knl_Task_Module__loggerObj__C)
                  000099ac    00000004     empty_pem4f.oem4f (.const:ti_sysbios_knl_Task_Object__count__C)
                  000099b0    00000004     empty_pem4f.oem4f (.const:ti_sysbios_knl_Task_allBlockedFunc__C)
                  000099b4    00000004     empty_pem4f.oem4f (.const:ti_sysbios_knl_Task_numConstructedTasks__C)
                  000099b8    00000004     empty_pem4f.oem4f (.const:ti_sysbios_utils_Load_LS_cpuLoad__C)
                  000099bc    00000004     empty_pem4f.oem4f (.const:ti_sysbios_utils_Load_LS_hwiLoad__C)
                  000099c0    00000004     empty_pem4f.oem4f (.const:ti_sysbios_utils_Load_Module__diagsEnabled__C)
                  000099c4    00000004     empty_pem4f.oem4f (.const:ti_sysbios_utils_Load_Module__diagsIncluded__C)
                  000099c8    00000004     empty_pem4f.oem4f (.const:ti_sysbios_utils_Load_Module__diagsMask__C)
                  000099cc    00000004     empty_pem4f.oem4f (.const:ti_sysbios_utils_Load_Module__loggerFxn1__C)
                  000099d0    00000004     empty_pem4f.oem4f (.const:ti_sysbios_utils_Load_Module__loggerFxn2__C)
                  000099d4    00000004     empty_pem4f.oem4f (.const:ti_sysbios_utils_Load_Module__loggerObj__C)
                  000099d8    00000004     empty_pem4f.oem4f (.const:ti_sysbios_utils_Load_postUpdate__C)
                  000099dc    00000004     empty_pem4f.oem4f (.const:ti_sysbios_utils_Load_windowInMs__C)
                  000099e0    00000004     empty_pem4f.oem4f (.const:ti_uia_loggers_LoggerStopMode_Module__diagsEnabled__C)
                  000099e4    00000004     empty_pem4f.oem4f (.const:ti_uia_loggers_LoggerStopMode_Module__diagsIncluded__C)
                  000099e8    00000004     empty_pem4f.oem4f (.const:ti_uia_loggers_LoggerStopMode_Module__diagsMask__C)
                  000099ec    00000004     empty_pem4f.oem4f (.const:ti_uia_loggers_LoggerStopMode_Object__count__C)
                  000099f0    00000004     empty_pem4f.oem4f (.const:ti_uia_runtime_ILoggerSnapshot_Interface__BASE__C)
                  000099f4    00000004     empty_pem4f.oem4f (.const:ti_uia_runtime_IUIATransfer_Interface__BASE__C)
                  000099f8    00000004     empty_pem4f.oem4f (.const:xdc_runtime_Assert_E_assertFailed__C)
                  000099fc    00000004     empty_pem4f.oem4f (.const:xdc_runtime_Core_A_initializedParams__C)
                  00009a00    00000004     empty_pem4f.oem4f (.const:xdc_runtime_Core_Module__diagsEnabled__C)
                  00009a04    00000004     empty_pem4f.oem4f (.const:xdc_runtime_Core_Module__diagsIncluded__C)
                  00009a08    00000004     empty_pem4f.oem4f (.const:xdc_runtime_Core_Module__diagsMask__C)
                  00009a0c    00000004     empty_pem4f.oem4f (.const:xdc_runtime_Error_E_memory__C)
                  00009a10    00000004     empty_pem4f.oem4f (.const:xdc_runtime_Error_Module__diagsEnabled__C)
                  00009a14    00000004     empty_pem4f.oem4f (.const:xdc_runtime_Error_Module__diagsIncluded__C)
                  00009a18    00000004     empty_pem4f.oem4f (.const:xdc_runtime_Error_Module__diagsMask__C)
                  00009a1c    00000004     empty_pem4f.oem4f (.const:xdc_runtime_Error_Module__loggerFxn8__C)
                  00009a20    00000004     empty_pem4f.oem4f (.const:xdc_runtime_Error_Module__loggerObj__C)
                  00009a24    00000004     empty_pem4f.oem4f (.const:xdc_runtime_Error_policyFxn__C)
                  00009a28    00000004     empty_pem4f.oem4f (.const:xdc_runtime_Error_raiseHook__C)
                  00009a2c    00000004     empty_pem4f.oem4f (.const:xdc_runtime_IFilterLogger_Interface__BASE__C)
                  00009a30    00000004     empty_pem4f.oem4f (.const:xdc_runtime_IGateProvider_Interface__BASE__C)
                  00009a34    00000004     empty_pem4f.oem4f (.const:xdc_runtime_IHeap_Interface__BASE__C)
                  00009a38    00000004     empty_pem4f.oem4f (.const:xdc_runtime_ILogger_Interface__BASE__C)
                  00009a3c    00000004     empty_pem4f.oem4f (.const:xdc_runtime_IModule_Interface__BASE__C)
                  00009a40    00000004     empty_pem4f.oem4f (.const:xdc_runtime_Log_L_error__C)
                  00009a44    00000004     empty_pem4f.oem4f (.const:xdc_runtime_Memory_defaultHeapInstance__C)
                  00009a48    00000004     empty_pem4f.oem4f (.const:xdc_runtime_Startup_execImpl__C)
                  00009a4c    00000004     empty_pem4f.oem4f (.const:xdc_runtime_Startup_lastFxns__A)
                  00009a50    00000004     empty_pem4f.oem4f (.const:xdc_runtime_Startup_maxPasses__C)
                  00009a54    00000004     empty_pem4f.oem4f (.const:xdc_runtime_Startup_sfxnRts__C)
                  00009a58    00000004     empty_pem4f.oem4f (.const:xdc_runtime_Startup_sfxnTab__C)
                  00009a5c    00000004     empty_pem4f.oem4f (.const:xdc_runtime_SysMin_bufSize__C)
                  00009a60    00000004     empty_pem4f.oem4f (.const:xdc_runtime_SysMin_outputFunc__C)
                  00009a64    00000004     empty_pem4f.oem4f (.const:xdc_runtime_System_Module__gateObj__C)
                  00009a68    00000004     empty_pem4f.oem4f (.const:xdc_runtime_System_abortFxn__C)
                  00009a6c    00000004     empty_pem4f.oem4f (.const:xdc_runtime_System_exitFxn__C)
                  00009a70    00000004     empty_pem4f.oem4f (.const:xdc_runtime_System_extendFxn__C)
                  00009a74    00000004     empty_pem4f.oem4f (.const:xdc_runtime_System_maxAtexitHandlers__C)
                  00009a78    00000004     empty_pem4f.oem4f (.const:xdc_runtime_Text_charTab__C)
                  00009a7c    00000004     empty_pem4f.oem4f (.const:xdc_runtime_Text_nameEmpty__C)
                  00009a80    00000004     empty_pem4f.oem4f (.const:xdc_runtime_Text_nameStatic__C)
                  00009a84    00000004     empty_pem4f.oem4f (.const:xdc_runtime_Text_nameUnknown__C)
                  00009a88    00000004     empty_pem4f.oem4f (.const:xdc_runtime_Text_nodeTab__C)
                  00009a8c    00000004     empty_pem4f.oem4f (.const:xdc_runtime_Text_visitRopeFxn__C)
                  00009a90    00000002     empty_pem4f.oem4f (.const:ti_sysbios_family_arm_m3_Hwi_Module__id__C)
                  00009a92    00000002     empty_pem4f.oem4f (.const:ti_sysbios_family_arm_m3_Hwi_Module__loggerDefined__C)
                  00009a94    00000002     empty_pem4f.oem4f (.const:ti_sysbios_gates_GateMutex_Module__id__C)
                  00009a96    00000002     empty_pem4f.oem4f (.const:ti_sysbios_hal_Hwi_Module__id__C)
                  00009a98    00000002     empty_pem4f.oem4f (.const:ti_sysbios_heaps_HeapMem_Module__id__C)
                  00009a9a    00000002     empty_pem4f.oem4f (.const:ti_sysbios_knl_Clock_Module__id__C)
                  00009a9c    00000002     empty_pem4f.oem4f (.const:ti_sysbios_knl_Clock_Module__loggerDefined__C)
                  00009a9e    00000002     empty_pem4f.oem4f (.const:ti_sysbios_knl_Semaphore_Module__id__C)
                  00009aa0    00000002     empty_pem4f.oem4f (.const:ti_sysbios_knl_Semaphore_Module__loggerDefined__C)
                  00009aa2    00000002     empty_pem4f.oem4f (.const:ti_sysbios_knl_Swi_Module__id__C)
                  00009aa4    00000002     empty_pem4f.oem4f (.const:ti_sysbios_knl_Swi_Module__loggerDefined__C)
                  00009aa6    00000002     empty_pem4f.oem4f (.const:ti_sysbios_knl_Task_Module__id__C)
                  00009aa8    00000002     empty_pem4f.oem4f (.const:ti_sysbios_knl_Task_Module__loggerDefined__C)
                  00009aaa    00000002     empty_pem4f.oem4f (.const:ti_sysbios_knl_Task_initStackFlag__C)
                  00009aac    00000002     empty_pem4f.oem4f (.const:ti_sysbios_utils_Load_Module__id__C)
                  00009aae    00000002     empty_pem4f.oem4f (.const:ti_sysbios_utils_Load_Module__loggerDefined__C)
                  00009ab0    00000002     empty_pem4f.oem4f (.const:ti_sysbios_utils_Load_hwiEnabled__C)
                  00009ab2    00000002     empty_pem4f.oem4f (.const:ti_sysbios_utils_Load_updateInIdle__C)
                  00009ab4    00000002     empty_pem4f.oem4f (.const:ti_uia_loggers_LoggerStopMode_Module__id__C)
                  00009ab6    00000002     empty_pem4f.oem4f (.const:ti_uia_loggers_LoggerStopMode_isTimestampEnabled__C)
                  00009ab8    00000002     empty_pem4f.oem4f (.const:xdc_runtime_Core_Module__id__C)
                  00009aba    00000002     empty_pem4f.oem4f (.const:xdc_runtime_Error_Module__loggerDefined__C)
                  00009abc    00000002     empty_pem4f.oem4f (.const:xdc_runtime_Error_maxDepth__C)
                  00009abe    00000002     empty_pem4f.oem4f (.const:xdc_runtime_Memory_Module__id__C)
                  00009ac0    00000002     empty_pem4f.oem4f (.const:xdc_runtime_SysMin_flushAtExit__C)
                  00009ac2    00000002     empty_pem4f.oem4f (.const:xdc_runtime_Text_charCnt__C)
                  00009ac4    00000002     empty_pem4f.oem4f (.const:xdc_runtime_Text_isLoaded__C)
                  00009ac6    00000002     empty_pem4f.oem4f (.const:xdc_runtime_Text_registryModsLastId__C)
                  00009ac8    00000002     empty_pem4f.oem4f (.const:xdc_runtime_Text_unnamedModsLastId__C)

.cinit     0    00009ad0    00000528     
                  00009ad0    000004f4     (.cinit..data.load) [load image, compression = rle]
                  00009fc4    0000000c     (__TI_handler_table)
                  00009fd0    00000008     (.cinit..bss.load) [load image, compression = zero_init]
                  00009fd8    00000008     (.cinit..vecs.load) [load image, compression = zero_init]
                  00009fe0    00000018     (__TI_cinit_table)

.vecs      0    20000000    00000360     UNINITIALIZED
                  20000000    00000360     empty_pem4f.oem4f (.vecs)

.bss       0    20000380    00003e30     UNINITIALIZED
                  20000380    00001a00     empty_pem4f.oem4f (.bss:taskStackSection)
                  20001d80    00001000     empty_pem4f.oem4f (.bss:ti_sysbios_heaps_HeapMem_Instance_State_0_buf__A)
                  20002d80    00000400     empty_pem4f.oem4f (.bss:ti_uia_loggers_LoggerStopMode_Instance_State_1_packetArray__A)
                  20003180    00000400     empty_pem4f.oem4f (.bss:ti_uia_loggers_LoggerStopMode_Instance_State_2_packetArray__A)
                  20003580    00000400     empty_pem4f.oem4f (.bss:xdc_runtime_SysMin_Module_State_0_outbuf__A)
                  20003980    00000360     empty_pem4f.oem4f (.bss:ti_sysbios_family_arm_m3_Hwi_dispatchTable)
                  20003ce0    00000008     (.common:parmbuf)
                  20003ce8    00000018     --HOLE--
                  20003d00    00000200     empty_pem4f.oem4f (.bss:ti_uia_loggers_LoggerStopMode_Instance_State_0_packetArray__A)
                  20003f00    00000120     rtsv7M4_T_le_v4SPD16_eabi.lib : trgmsg.obj (.bss:__CIOBUF_)
                  20004020    00000060     --HOLE--
                  20004080    00000030     empty_pem4f.oem4f (.bss:ti_uia_loggers_LoggerStopMode_Instance_State_0_hdr__A)
                  200040b0    00000050     --HOLE--
                  20004100    00000030     empty_pem4f.oem4f (.bss:ti_uia_loggers_LoggerStopMode_Instance_State_1_hdr__A)
                  20004130    00000050     --HOLE--
                  20004180    00000030     empty_pem4f.oem4f (.bss:ti_uia_loggers_LoggerStopMode_Instance_State_2_hdr__A)

.stack     0    200041b0    00001000     UNINITIALIZED
                  200041b0    00001000     --HOLE--

.data      0    200051b0    000007ab     UNINITIALIZED
                  200051b0    000001a8     empty_pem4f.oem4f (.data)
                  20005358    00000130     empty_pem4f.oem4f (.data:ti_sysbios_knl_Task_Object__table__V)
                  20005488    0000009c     empty_pem4f.oem4f (.data:ti_uia_loggers_LoggerStopMode_Object__table__V)
                  20005524    00000098     empty_pem4f.oem4f (.data:ti_sysbios_utils_Load_Module__state__V)
                  200055bc    00000080     empty_pem4f.oem4f (.data:ti_sysbios_family_arm_lm4_Timer_Object__table__V)
                  2000563c    00000080     empty_pem4f.oem4f (.data:ti_sysbios_knl_Swi_Module_State_0_readyQ__A)
                  200056bc    00000080     empty_pem4f.oem4f (.data:ti_sysbios_knl_Task_Module_State_0_readyQ__A)
                  2000573c    00000060     empty_pem4f.oem4f (.data:ti_sysbios_family_arm_m3_Hwi_Object__table__V)
                  2000579c    00000044     empty_pem4f.oem4f (.data:ti_sysbios_knl_Task_Module__state__V)
                  200057e0    00000038     empty_pem4f.oem4f (.data:ti_sysbios_gates_GateMutex_Object__table__V)
                  20005818    00000034     empty_pem4f.oem4f (.data:ti_sysbios_family_arm_m3_Hwi_Module__state__V)
                  2000584c    00000030     empty_pem4f.oem4f (.data:ti_sysbios_family_arm_lm4_Timer_Module_State_0_device__A)
                  2000587c    00000030     empty_pem4f.oem4f (.data:ti_sysbios_knl_Swi_Object__table__V)
                  200058ac    0000002c     empty_pem4f.oem4f (.data:ti_sysbios_knl_Clock_Module__state__V)
                  200058d8    00000028     empty_pem4f.oem4f (.data:ti_sysbios_knl_Semaphore_Object__table__V)
                  20005900    00000024     empty_pem4f.oem4f (.data:ti_sysbios_BIOS_Module__state__V)
                  20005924    00000010     light_sensor.obj (.data)
                  20005934    00000008     drivers_tivaware.aem4f : GPIOTiva.oem4f (.data)
                  2000593c    00000008     rtsv7M4_T_le_v4SPD16_eabi.lib : _lock.obj (.data)
                  20005944    00000008                                   : exit.obj (.data)
                  2000594c    00000008     ti.uia.runtime.aem4f : QueueDescriptor.oem4f (.data)
                  20005954    00000004     rtsv7M4_T_le_v4SPD16_eabi.lib : stkdepth_vars.obj (.data)
                  20005958    00000002     drive.obj (.data)
                  2000595a    00000001     motors.obj (.data)


LINKER GENERATED COPY TABLES

__TI_cinit_table @ 00009fe0 records: 3, size/record: 8, table size: 24
	.data: load addr=00009ad0, load size=000004f4 bytes, run addr=200051b0, run size=000007ab bytes, compression=rle
	.bss: load addr=00009fd0, load size=00000008 bytes, run addr=20000380, run size=00003e30 bytes, compression=zero_init
	.vecs: load addr=00009fd8, load size=00000008 bytes, run addr=20000000, run size=00000360 bytes, compression=zero_init


LINKER GENERATED HANDLER TABLE

__TI_handler_table @ 00009fc4 records: 3, size/record: 4, table size: 12
	index: 0, handler: __TI_zero_init
	index: 1, handler: __TI_decompress_rle24
	index: 2, handler: __TI_decompress_none


GLOBAL SYMBOLS: SORTED ALPHABETICALLY BY Name 

address    name
--------   ----
00005f2d   C$$EXIT
000056df   C$$IO$$
000096a0   Drive_task
00004f85   EK_TM4C123GXL_initGPIO
0000614d   EK_TM4C123GXL_initGeneral
00006815   GPIODirModeSet
00002b0d   GPIOPadConfigSet
00005cf1   GPIOPinConfigure
000072a9   GPIOPinRead
00006fe1   GPIOPinTypeGPIOInput
00006e0b   GPIOPinTypeGPIOOutput
00006ff3   GPIOPinTypePWM
000072af   GPIOPinWrite
00009764   GPIO_config
000068dd   GPIO_init
000061cd   GPIO_toggle
00006869   GPIO_write
00001371   HOSTclock
00001339   HOSTclose
000012fb   HOSTgetenv
0000129f   HOSTlseek
0000124d   HOSTopen
00001201   HOSTread
000011a3   HOSTrename
00001169   HOSTtime
00001131   HOSTunlink
000010e5   HOSTwrite
000054bd   IntEnable
0000969c   Light_sensor
00006a45   PWMGenConfigure
000071e9   PWMGenEnable
00007005   PWMGenPeriodGet
00007071   PWMGenPeriodSet
00007017   PWMOutputState
00006bed   PWMPulseWidthSet
00001c35   Robot_PWM_init
0000003d   Robot_drive_task
00002241   Robot_lightsnsr_task
UNDEFED    SHT$$INIT_ARRAY$$Base
UNDEFED    SHT$$INIT_ARRAY$$Limit
0000968c   Sema_lightsense
00009688   Sema_lightsense_f
00002fa9   SysCtlClockGet
00006f41   SysCtlPWMClockSet
0000644d   SysCtlPeripheralEnable
2000543c   TSK_idle
00009694   Timer2A
00009690   Timer2B
000072b5   TimerClockSourceSet
00005655   TimerConfigure
000071b1   TimerEnable
000072f1   TimerIntClear
00007281   TimerIntEnable
00007029   TimerLoadSet
00000000   __ASM__
20003f00   __CIOBUF_
0000004e   __ISA__
00000061   __PLAT__
200051b0   __STACK_END
00001000   __STACK_SIZE
200042b0   __STACK_TOP
00000082   __TARG__
00009fe0   __TI_CINIT_Base
00009ff8   __TI_CINIT_Limit
00009fc4   __TI_Handler_Table_Base
00009fd0   __TI_Handler_Table_Limit
00000001   __TI_args_main
0000474d   __TI_auto_init
20005944   __TI_cleanup_ptr
000071bf   __TI_decompress_none
000072c1   __TI_decompress_rle24
20005948   __TI_dtors_ptr
000056e3   __TI_readmsg
00000000   __TI_static_base__
000056b5   __TI_writemsg
0000703b   __TI_zero_init
000000a8   __TRDR__
00005289   __aeabi_memclr
00005289   __aeabi_memclr4
00005289   __aeabi_memclr8
0000488b   __aeabi_memcpy
0000488b   __aeabi_memcpy4
0000488b   __aeabi_memcpy8
0000528b   __aeabi_memset
0000528b   __aeabi_memset4
0000528b   __aeabi_memset8
00006109   __aeabi_uidiv
00006109   __aeabi_uidivmod
ffffffff   __binit__
ffffffff   __c_args__
200041b0   __stack
000072bb   __xdc__init
20005354   __xdc__init__addr
00006e25   _args_main
00005a09   _c_int00
2000593c   _lock
00006f77   _nop
00006f6f   _register_lock
00006f69   _register_unlock
20005940   _unlock
00005f31   abort
ffffffff   binit
00005ee9   copy_in
20005959   drivestate
20005958   dutycycle
00003a65   error_calc
00005f39   exit
00003b3d   fw_motors
0000500d   fwd_pid
00009540   gpioHWAttrs
00006f55   heartBeatFxn
00009684   heartBeatTask
00007081   lightsense_CLK
00009698   lightsense_clock
20005924   lightsnsr_val1
20005928   lightsnsr_val2
2000592c   lightsnsr_val3
20005930   lightsnsr_val4
00004a61   main
20005954   main_func_sp
0000488b   memcpy
00005291   memset
2000595a   num_moves
000047ed   pid_terms_calc
0000508d   rev_pid
00005d39   stop_motors
00007091   strcpy
00006f7d   strlen
00009828   ti_catalog_arm_cortexm4_tiva_ce_Boot_A_mustUseEnhancedClockMode__C
0000982c   ti_catalog_arm_cortexm4_tiva_ce_Boot_Module__diagsEnabled__C
00009830   ti_catalog_arm_cortexm4_tiva_ce_Boot_Module__diagsIncluded__C
00009834   ti_catalog_arm_cortexm4_tiva_ce_Boot_Module__diagsMask__C
0000932a   ti_catalog_arm_cortexm4_tiva_ce_Boot_Module__id__C
000071dd   ti_catalog_arm_cortexm4_tiva_ce_Boot_init__I
000032d5   ti_catalog_arm_cortexm4_tiva_ce_Boot_sysCtlClockSetI__I
00004af9   ti_catalog_arm_cortexm4_tiva_ce_Boot_sysCtlClockSet__E
000072c7   ti_catalog_arm_cortexm4_tiva_ce_Boot_sysCtlDelayI__I
20005900   ti_sysbios_BIOS_Module__state__V
000072f5   ti_sysbios_BIOS_RtsGateProxy_enter__E
000072f9   ti_sysbios_BIOS_RtsGateProxy_leave__E
0000730d   ti_sysbios_BIOS_RtsGateProxy_query__E
000065b9   ti_sysbios_BIOS_atExitFunc__I
00006901   ti_sysbios_BIOS_errorRaiseHook__I
00006efd   ti_sysbios_BIOS_exitFunc__I
000070a1   ti_sysbios_BIOS_getCpuFreq__E
00004927   ti_sysbios_BIOS_nullFunc__I
00006925   ti_sysbios_BIOS_registerRTSLock__I
00006949   ti_sysbios_BIOS_removeRTSLock__I
00006c29   ti_sysbios_BIOS_rtsLock__I
00006e3d   ti_sysbios_BIOS_rtsUnlock__I
000070b1   ti_sysbios_BIOS_setThreadType__E
0000696d   ti_sysbios_BIOS_startFunc__I
000070c1   ti_sysbios_BIOS_start__E
2000584c   ti_sysbios_family_arm_lm4_Timer_Module_State_0_device__A
200051d8   ti_sysbios_family_arm_lm4_Timer_Module_State_0_handles__A
200051d0   ti_sysbios_family_arm_lm4_Timer_Module__root__V
00006e55   ti_sysbios_family_arm_lm4_Timer_Module__startupDone__F
00006e55   ti_sysbios_family_arm_lm4_Timer_Module__startupDone__S
200051f0   ti_sysbios_family_arm_lm4_Timer_Module__state__V
000058f5   ti_sysbios_family_arm_lm4_Timer_Module_startup__E
200055bc   ti_sysbios_family_arm_lm4_Timer_Object__table__V
00009838   ti_sysbios_family_arm_lm4_Timer_enableFunc__C
00004405   ti_sysbios_family_arm_lm4_Timer_enableTimers__I
00004359   ti_sysbios_family_arm_lm4_Timer_enableTiva__I
000071f5   ti_sysbios_family_arm_lm4_Timer_getMaxTicks__E
000072fd   ti_sysbios_family_arm_lm4_Timer_getPeriod__E
00005715   ti_sysbios_family_arm_lm4_Timer_isrStub__E
00007289   ti_sysbios_family_arm_lm4_Timer_masterDisable__I
00007301   ti_sysbios_family_arm_lm4_Timer_masterEnable__I
0000983c   ti_sysbios_family_arm_lm4_Timer_numTimerDevices__C
00001df1   ti_sysbios_family_arm_lm4_Timer_start__E
00009840   ti_sysbios_family_arm_lm4_Timer_startupNeeded__C
0000618d   ti_sysbios_family_arm_lm4_Timer_startup__E
00005f71   ti_sysbios_family_arm_lm4_Timer_stop__E
00006a67   ti_sysbios_family_arm_lm4_Timer_write__I
200051fc   ti_sysbios_family_arm_lm4_TimestampProvider_Module__state__V
000072cd   ti_sysbios_family_arm_lm4_TimestampProvider_Module_startup__E
00003e61   ti_sysbios_family_arm_lm4_TimestampProvider_get32__E
00001f71   ti_sysbios_family_arm_lm4_TimestampProvider_get64__E
000070a1   ti_sysbios_family_arm_lm4_TimestampProvider_getFreq__E
000070d1   ti_sysbios_family_arm_lm4_TimestampProvider_rolloverFunc__E
00007201   ti_sysbios_family_arm_lm4_TimestampProvider_startTimer__E
000097fe   ti_sysbios_family_arm_lm4_TimestampProvider_useClockTimer__C
00009844   ti_sysbios_family_arm_m3_Hwi_E_NMI__C
00009848   ti_sysbios_family_arm_m3_Hwi_E_busFault__C
0000984c   ti_sysbios_family_arm_m3_Hwi_E_debugMon__C
00009850   ti_sysbios_family_arm_m3_Hwi_E_hardFault__C
00009854   ti_sysbios_family_arm_m3_Hwi_E_memFault__C
00009858   ti_sysbios_family_arm_m3_Hwi_E_noIsr__C
0000985c   ti_sysbios_family_arm_m3_Hwi_E_reserved__C
00009860   ti_sysbios_family_arm_m3_Hwi_E_svCall__C
00009864   ti_sysbios_family_arm_m3_Hwi_E_usageFault__C
00006ced   ti_sysbios_family_arm_m3_Hwi_Handle__label__S
00009868   ti_sysbios_family_arm_m3_Hwi_LD_end__C
0000986c   ti_sysbios_family_arm_m3_Hwi_LM_begin__C
2000520c   ti_sysbios_family_arm_m3_Hwi_Module_State_0_excActive__A
20005210   ti_sysbios_family_arm_m3_Hwi_Module_State_0_excContext__A
20005214   ti_sysbios_family_arm_m3_Hwi_Module_State_0_excStack__A
00009870   ti_sysbios_family_arm_m3_Hwi_Module__diagsEnabled__C
00009874   ti_sysbios_family_arm_m3_Hwi_Module__diagsIncluded__C
00009878   ti_sysbios_family_arm_m3_Hwi_Module__diagsMask__C
00009a90   ti_sysbios_family_arm_m3_Hwi_Module__id__C
00009a92   ti_sysbios_family_arm_m3_Hwi_Module__loggerDefined__C
0000987c   ti_sysbios_family_arm_m3_Hwi_Module__loggerFxn1__C
00009880   ti_sysbios_family_arm_m3_Hwi_Module__loggerFxn8__C
00009884   ti_sysbios_family_arm_m3_Hwi_Module__loggerObj__C
20005204   ti_sysbios_family_arm_m3_Hwi_Module__root__V
00006e6d   ti_sysbios_family_arm_m3_Hwi_Module__startupDone__F
00006e6d   ti_sysbios_family_arm_m3_Hwi_Module__startupDone__S
20005818   ti_sysbios_family_arm_m3_Hwi_Module__state__V
00003d9d   ti_sysbios_family_arm_m3_Hwi_Module_startup__E
00009888   ti_sysbios_family_arm_m3_Hwi_NUM_INTERRUPTS__C
0000988c   ti_sysbios_family_arm_m3_Hwi_Object__count__C
00006f91   ti_sysbios_family_arm_m3_Hwi_Object__get__S
2000573c   ti_sysbios_family_arm_m3_Hwi_Object__table__V
00009890   ti_sysbios_family_arm_m3_Hwi_ccr__C
0000720d   ti_sysbios_family_arm_m3_Hwi_disableFxn__E
00005fb5   ti_sysbios_family_arm_m3_Hwi_disableInterrupt__E
0000262d   ti_sysbios_family_arm_m3_Hwi_dispatchC__I
20003980   ti_sysbios_family_arm_m3_Hwi_dispatchTable
000036c1   ti_sysbios_family_arm_m3_Hwi_dispatch__I
00007291   ti_sysbios_family_arm_m3_Hwi_doSwiRestore__I
00006991   ti_sysbios_family_arm_m3_Hwi_doTaskRestore__I
00005ff9   ti_sysbios_family_arm_m3_Hwi_enableInterrupt__E
000020d9   ti_sysbios_family_arm_m3_Hwi_excBusFault__I
000041f9   ti_sysbios_family_arm_m3_Hwi_excDebugMon__I
00000681   ti_sysbios_family_arm_m3_Hwi_excDumpRegs__I
00006aad   ti_sysbios_family_arm_m3_Hwi_excHandlerAsm__I
00009894   ti_sysbios_family_arm_m3_Hwi_excHandlerFunc__C
00001a3d   ti_sysbios_family_arm_m3_Hwi_excHandlerMax__I
00006acd   ti_sysbios_family_arm_m3_Hwi_excHandler__I
00003fdd   ti_sysbios_family_arm_m3_Hwi_excHardFault__I
00009800   ti_sysbios_family_arm_m3_Hwi_excHookFuncs__A
00009898   ti_sysbios_family_arm_m3_Hwi_excHookFuncs__C
000024ed   ti_sysbios_family_arm_m3_Hwi_excMemFault__I
00006481   ti_sysbios_family_arm_m3_Hwi_excNmi__I
00006335   ti_sysbios_family_arm_m3_Hwi_excNoIsr__I
00005d81   ti_sysbios_family_arm_m3_Hwi_excReserved__I
00006209   ti_sysbios_family_arm_m3_Hwi_excSvCall__I
00002399   ti_sysbios_family_arm_m3_Hwi_excUsageFault__I
00006245   ti_sysbios_family_arm_m3_Hwi_getStackInfo__E
00004e6d   ti_sysbios_family_arm_m3_Hwi_initNVIC__E
00005a61   ti_sysbios_family_arm_m3_Hwi_initStacks__E
0000989c   ti_sysbios_family_arm_m3_Hwi_nullIsrFunc__C
e000e000   ti_sysbios_family_arm_m3_Hwi_nvic
00006891   ti_sysbios_family_arm_m3_Hwi_pendSV__I
000098a0   ti_sysbios_family_arm_m3_Hwi_priGroup__C
20000000   ti_sysbios_family_arm_m3_Hwi_ramVectors
00000000   ti_sysbios_family_arm_m3_Hwi_resetVectors
000072d3   ti_sysbios_family_arm_m3_Hwi_restoreFxn__E
000068b5   ti_sysbios_family_arm_m3_Hwi_return
00007299   ti_sysbios_family_arm_m3_Hwi_startup__E
00006fa5   ti_sysbios_family_arm_m3_Hwi_switchFromBootStack__E
00007305   ti_sysbios_family_arm_m3_TaskSupport_Module__startupDone__S
00004ef9   ti_sysbios_family_arm_m3_TaskSupport_buildTaskStack
00007219   ti_sysbios_family_arm_m3_TaskSupport_checkStack__E
000070e1   ti_sysbios_family_arm_m3_TaskSupport_glue
0000636d   ti_sysbios_family_arm_m3_TaskSupport_start__E
00006e85   ti_sysbios_family_arm_m3_TaskSupport_swap__E
00006c0b   ti_sysbios_family_xxx_Hwi_switchAndRunFunc
00006d07   ti_sysbios_gates_GateHwi_Handle__label__S
00004a5f   ti_sysbios_gates_GateHwi_Instance_init__E
000095f4   ti_sysbios_gates_GateHwi_Module__FXNS__C
20005218   ti_sysbios_gates_GateHwi_Module__root__V
000096a4   ti_sysbios_gates_GateHwi_Object__DESC__C
0000977c   ti_sysbios_gates_GateHwi_Object__PARAMS__C
000065e9   ti_sysbios_gates_GateHwi_Object__create__S
00006aed   ti_sysbios_gates_GateHwi_Object__delete__S
20005220   ti_sysbios_gates_GateHwi_Object__table__V
00007225   ti_sysbios_gates_GateHwi_enter__E
000072d9   ti_sysbios_gates_GateHwi_leave__E
00007309   ti_sysbios_gates_GateHwi_query__E
000098a4   ti_sysbios_gates_GateMutex_A_badContext__C
00006d21   ti_sysbios_gates_GateMutex_Handle__label__S
000098a8   ti_sysbios_gates_GateMutex_Instance_State_sem__O
000070f1   ti_sysbios_gates_GateMutex_Instance_finalize__E
00006c45   ti_sysbios_gates_GateMutex_Instance_init__E
00009618   ti_sysbios_gates_GateMutex_Module__FXNS__C
000098ac   ti_sysbios_gates_GateMutex_Module__diagsEnabled__C
000098b0   ti_sysbios_gates_GateMutex_Module__diagsIncluded__C
000098b4   ti_sysbios_gates_GateMutex_Module__diagsMask__C
00009a94   ti_sysbios_gates_GateMutex_Module__id__C
20005224   ti_sysbios_gates_GateMutex_Module__root__V
000096c4   ti_sysbios_gates_GateMutex_Object__DESC__C
00009794   ti_sysbios_gates_GateMutex_Object__PARAMS__C
[...]
00007111   ti_sysbios_knl_Swi_disable__E
00007121   ti_sysbios_knl_Task_Object__get__S
00007131   ti_sysbios_knl_Task_disable__E
00007141   ti_uia_loggers_LoggerStopMode_Object__get__S
00007151   ti_uia_loggers_LoggerStopMode_isEmpty__E
00007161   xdc_runtime_Gate_leaveSystem__E
00007171   xdc_runtime_Memory_free__E
00007181   xdc_runtime_SysMin_ready__E
00007181   xdc_runtime_System_SupportProxy_ready__E
00007191   xdc_runtime_System_vsnprintf__E
000071a1   xdc_runtime_Text_visitRope__I
000071b1   TimerEnable
000071bf   __TI_decompress_none
000071cd   ti_sysbios_knl_Queue_empty__E
000071dd   ti_catalog_arm_cortexm4_tiva_ce_Boot_init__I
000071e9   PWMGenEnable
000071f5   ti_sysbios_family_arm_lm4_Timer_getMaxTicks__E
00007201   ti_sysbios_family_arm_lm4_TimestampProvider_startTimer__E
0000720d   ti_sysbios_family_arm_m3_Hwi_disableFxn__E
0000720d   ti_sysbios_hal_Hwi_HwiProxy_disable__E
0000720d   ti_sysbios_hal_Hwi_disable__E
00007219   ti_sysbios_family_arm_m3_TaskSupport_checkStack__E
00007219   ti_sysbios_knl_Task_SupportProxy_checkStack__E
00007225   ti_sysbios_gates_GateHwi_enter__E
00007231   ti_sysbios_knl_Queue_Object__get__S
0000723d   xdc_runtime_Error_init__E
00007249   xdc_runtime_Gate_enterSystem__E
00007255   xdc_runtime_Memory_calloc__E
00007261   xdc_runtime_Memory_getMaxDefaultTypeAlign__E
00007281   TimerIntEnable
00007289   ti_sysbios_family_arm_lm4_Timer_masterDisable__I
00007291   ti_sysbios_family_arm_m3_Hwi_doSwiRestore__I
00007299   ti_sysbios_family_arm_m3_Hwi_startup__E
00007299   ti_sysbios_hal_Hwi_HwiProxy_startup__E
00007299   ti_sysbios_hal_Hwi_startup__E
000072a1   ti_sysbios_knl_Idle_loop__E
000072a9   GPIOPinRead
000072af   GPIOPinWrite
000072b5   TimerClockSourceSet
000072bb   __xdc__init
000072c1   __TI_decompress_rle24
000072c7   ti_catalog_arm_cortexm4_tiva_ce_Boot_sysCtlDelayI__I
000072cd   ti_sysbios_family_arm_lm4_TimestampProvider_Module_startup__E
000072d3   ti_sysbios_family_arm_m3_Hwi_restoreFxn__E
000072d3   ti_sysbios_hal_Hwi_HwiProxy_restore__E
000072d3   ti_sysbios_hal_Hwi_restore__E
000072d9   ti_sysbios_gates_GateHwi_leave__E
000072df   ti_sysbios_heaps_HeapMem_isBlocking__E
000072e5   ti_sysbios_knl_Queue_Instance_init__E
000072eb   xdc_runtime_System_Module_startup__E
000072f1   TimerIntClear
000072f5   ti_sysbios_BIOS_RtsGateProxy_enter__E
000072f9   ti_sysbios_BIOS_RtsGateProxy_leave__E
000072fd   ti_sysbios_family_arm_lm4_Timer_getPeriod__E
00007301   ti_sysbios_family_arm_lm4_Timer_masterEnable__I
00007305   ti_sysbios_family_arm_m3_TaskSupport_Module__startupDone__S
00007309   ti_sysbios_gates_GateHwi_query__E
00007309   xdc_runtime_Main_Module_GateProxy_query__E
00007309   xdc_runtime_System_Module_GateProxy_query__E
0000730d   ti_sysbios_BIOS_RtsGateProxy_query__E
0000730d   ti_sysbios_gates_GateMutex_query__E
0000730d   ti_sysbios_heaps_HeapMem_Module_GateProxy_query__E
00007311   ti_sysbios_hal_Hwi_HwiProxy_Module__startupDone__S
00007315   ti_sysbios_heaps_HeapMem_Module_GateProxy_enter__E
00007319   ti_sysbios_heaps_HeapMem_Module_GateProxy_leave__E
0000731d   ti_sysbios_knl_Clock_TimerProxy_Module__startupDone__S
00007321   ti_sysbios_knl_Clock_TimerProxy_getMaxTicks__E
00007325   ti_sysbios_knl_Clock_TimerProxy_getPeriod__E
00007329   ti_sysbios_knl_Queue_destruct
0000732d   ti_sysbios_knl_Semaphore_destruct
00007331   ti_sysbios_knl_Task_SupportProxy_Module__startupDone__S
00007335   ti_sysbios_knl_Task_startup__E
00007339   ti_uia_loggers_LoggerStopMode_getContents__E
0000733d   ti_uia_loggers_LoggerStopMode_getFilterLevel__E
00007341   ti_uia_loggers_LoggerStopMode_getInstanceId__E
00007345   ti_uia_loggers_LoggerStopMode_getMaxLength__E
00007349   ti_uia_loggers_LoggerStopMode_getPriority__E
0000734d   ti_uia_loggers_LoggerStopMode_getTransferType__E
00007351   xdc_runtime_Error_getSite__E
00007355   xdc_runtime_Memory_HeapProxy_alloc__E
00007359   xdc_runtime_Memory_HeapProxy_free__E
0000735d   xdc_runtime_System_Module_GateProxy_enter__E
00007361   xdc_runtime_System_Module_GateProxy_leave__E
00007365   xdc_runtime_System_aprintf_va__F
00007369   xdc_runtime_System_printf_va__F
0000736c   xdc_runtime_Text_charTab__A
00009229   xdc_runtime_Error_policy__C
0000922a   xdc_runtime_Text_nodeTab__A
0000932a   ti_catalog_arm_cortexm4_tiva_ce_Boot_Module__id__C
00009498   ti_uia_loggers_LoggerStopMode_Module__FXNS__C
00009540   gpioHWAttrs
0000957c   ti_sysbios_heaps_HeapMem_Module__FXNS__C
000095a4   ti_uia_loggers_LoggerStopMode_Object__PARAMS__C
000095cc   xdc_runtime_Startup_sfxnTab__A
000095f4   ti_sysbios_gates_GateHwi_Module__FXNS__C
00009618   ti_sysbios_gates_GateMutex_Module__FXNS__C
0000963c   ti_sysbios_heaps_HeapMem_Object__PARAMS__C
00009660   ti_sysbios_knl_Semaphore_Object__PARAMS__C
00009684   heartBeatTask
00009688   Sema_lightsense_f
0000968c   Sema_lightsense
00009690   Timer2B
00009694   Timer2A
00009698   lightsense_clock
0000969c   Light_sensor
000096a0   Drive_task
000096a4   ti_sysbios_gates_GateHwi_Object__DESC__C
000096c4   ti_sysbios_gates_GateMutex_Object__DESC__C
000096e4   ti_sysbios_heaps_HeapMem_Object__DESC__C
00009704   ti_sysbios_knl_Queue_Object__DESC__C
00009724   ti_sysbios_knl_Semaphore_Object__DESC__C
00009744   ti_uia_loggers_LoggerStopMode_Object__DESC__C
00009764   GPIO_config
0000977c   ti_sysbios_gates_GateHwi_Object__PARAMS__C
00009794   ti_sysbios_gates_GateMutex_Object__PARAMS__C
000097ac   ti_sysbios_knl_Queue_Object__PARAMS__C
000097c4   xdc_runtime_Startup_firstFxns__A
000097d8   xdc_runtime_Startup_sfxnRts__A
000097fe   ti_sysbios_family_arm_lm4_TimestampProvider_useClockTimer__C
00009800   ti_sysbios_family_arm_m3_Hwi_excHookFuncs__A
00009808   ti_sysbios_knl_Idle_funcList__A
00009810   ti_sysbios_knl_Idle_funcList__C
00009818   xdc_runtime_Startup_firstFxns__C
00009820   xdc_runtime_Startup_lastFxns__C
00009828   ti_catalog_arm_cortexm4_tiva_ce_Boot_A_mustUseEnhancedClockMode__C
0000982c   ti_catalog_arm_cortexm4_tiva_ce_Boot_Module__diagsEnabled__C
00009830   ti_catalog_arm_cortexm4_tiva_ce_Boot_Module__diagsIncluded__C
00009834   ti_catalog_arm_cortexm4_tiva_ce_Boot_Module__diagsMask__C
00009838   ti_sysbios_family_arm_lm4_Timer_enableFunc__C
0000983c   ti_sysbios_family_arm_lm4_Timer_numTimerDevices__C
00009840   ti_sysbios_family_arm_lm4_Timer_startupNeeded__C
00009844   ti_sysbios_family_arm_m3_Hwi_E_NMI__C
00009848   ti_sysbios_family_arm_m3_Hwi_E_busFault__C
0000984c   ti_sysbios_family_arm_m3_Hwi_E_debugMon__C
00009850   ti_sysbios_family_arm_m3_Hwi_E_hardFault__C
00009854   ti_sysbios_family_arm_m3_Hwi_E_memFault__C
00009858   ti_sysbios_family_arm_m3_Hwi_E_noIsr__C
0000985c   ti_sysbios_family_arm_m3_Hwi_E_reserved__C
00009860   ti_sysbios_family_arm_m3_Hwi_E_svCall__C
00009864   ti_sysbios_family_arm_m3_Hwi_E_usageFault__C
00009868   ti_sysbios_family_arm_m3_Hwi_LD_end__C
0000986c   ti_sysbios_family_arm_m3_Hwi_LM_begin__C
00009870   ti_sysbios_family_arm_m3_Hwi_Module__diagsEnabled__C
00009874   ti_sysbios_family_arm_m3_Hwi_Module__diagsIncluded__C
00009878   ti_sysbios_family_arm_m3_Hwi_Module__diagsMask__C
0000987c   ti_sysbios_family_arm_m3_Hwi_Module__loggerFxn1__C
00009880   ti_sysbios_family_arm_m3_Hwi_Module__loggerFxn8__C
00009884   ti_sysbios_family_arm_m3_Hwi_Module__loggerObj__C
00009888   ti_sysbios_family_arm_m3_Hwi_NUM_INTERRUPTS__C
0000988c   ti_sysbios_family_arm_m3_Hwi_Object__count__C
00009890   ti_sysbios_family_arm_m3_Hwi_ccr__C
00009894   ti_sysbios_family_arm_m3_Hwi_excHandlerFunc__C
00009898   ti_sysbios_family_arm_m3_Hwi_excHookFuncs__C
0000989c   ti_sysbios_family_arm_m3_Hwi_nullIsrFunc__C
000098a0   ti_sysbios_family_arm_m3_Hwi_priGroup__C
000098a4   ti_sysbios_gates_GateMutex_A_badContext__C
000098a8   ti_sysbios_gates_GateMutex_Instance_State_sem__O
000098ac   ti_sysbios_gates_GateMutex_Module__diagsEnabled__C
000098b0   ti_sysbios_gates_GateMutex_Module__diagsIncluded__C
000098b4   ti_sysbios_gates_GateMutex_Module__diagsMask__C
000098b8   ti_sysbios_hal_Hwi_E_stackOverflow__C
000098bc   ti_sysbios_heaps_HeapMem_A_align__C
000098c0   ti_sysbios_heaps_HeapMem_A_heapSize__C
000098c4   ti_sysbios_heaps_HeapMem_A_invalidFree__C
000098c8   ti_sysbios_heaps_HeapMem_A_zeroBlock__C
000098cc   ti_sysbios_heaps_HeapMem_E_memory__C
000098d0   ti_sysbios_heaps_HeapMem_Module__diagsEnabled__C
000098d4   ti_sysbios_heaps_HeapMem_Module__diagsIncluded__C
000098d8   ti_sysbios_heaps_HeapMem_Module__diagsMask__C
000098dc   ti_sysbios_heaps_HeapMem_Module__gateObj__C
000098e0   ti_sysbios_heaps_HeapMem_Object__count__C
000098e4   ti_sysbios_heaps_HeapMem_reqAlign__C
000098e8   ti_sysbios_knl_Clock_LM_begin__C
000098ec   ti_sysbios_knl_Clock_LM_tick__C
000098f0   ti_sysbios_knl_Clock_LW_delayed__C
000098f4   ti_sysbios_knl_Clock_Module_State_clockQ__O
000098f8   ti_sysbios_knl_Clock_Module__diagsEnabled__C
000098fc   ti_sysbios_knl_Clock_Module__diagsIncluded__C
00009900   ti_sysbios_knl_Clock_Module__diagsMask__C
00009904   ti_sysbios_knl_Clock_Module__loggerFxn1__C
00009908   ti_sysbios_knl_Clock_Module__loggerFxn2__C
0000990c   ti_sysbios_knl_Clock_Module__loggerObj__C
00009910   ti_sysbios_knl_Semaphore_A_badContext__C
00009914   ti_sysbios_knl_Semaphore_A_noEvents__C
00009918   ti_sysbios_knl_Semaphore_A_overflow__C
0000991c   ti_sysbios_knl_Semaphore_A_pendTaskDisabled__C
00009920   ti_sysbios_knl_Semaphore_Instance_State_pendQ__O
00009924   ti_sysbios_knl_Semaphore_LM_pend__C
00009928   ti_sysbios_knl_Semaphore_LM_post__C
0000992c   ti_sysbios_knl_Semaphore_Module__diagsEnabled__C
00009930   ti_sysbios_knl_Semaphore_Module__diagsIncluded__C
00009934   ti_sysbios_knl_Semaphore_Module__diagsMask__C
00009938   ti_sysbios_knl_Semaphore_Module__loggerFxn2__C
0000993c   ti_sysbios_knl_Semaphore_Module__loggerFxn4__C
00009940   ti_sysbios_knl_Semaphore_Module__loggerObj__C
00009944   ti_sysbios_knl_Swi_LD_end__C
00009948   ti_sysbios_knl_Swi_LM_begin__C
0000994c   ti_sysbios_knl_Swi_LM_post__C
00009950   ti_sysbios_knl_Swi_Module__diagsEnabled__C
00009954   ti_sysbios_knl_Swi_Module__diagsIncluded__C
00009958   ti_sysbios_knl_Swi_Module__diagsMask__C
0000995c   ti_sysbios_knl_Swi_Module__loggerFxn1__C
00009960   ti_sysbios_knl_Swi_Module__loggerFxn4__C
00009964   ti_sysbios_knl_Swi_Module__loggerObj__C
00009968   ti_sysbios_knl_Swi_Object__count__C
0000996c   ti_sysbios_knl_Task_A_badTimeout__C
00009970   ti_sysbios_knl_Task_A_sleepTaskDisabled__C
00009974   ti_sysbios_knl_Task_E_spOutOfBounds__C
00009978   ti_sysbios_knl_Task_E_stackOverflow__C
0000997c   ti_sysbios_knl_Task_LD_block__C
00009980   ti_sysbios_knl_Task_LD_exit__C
00009984   ti_sysbios_knl_Task_LD_ready__C
00009988   ti_sysbios_knl_Task_LM_sleep__C
0000998c   ti_sysbios_knl_Task_LM_switch__C
00009990   ti_sysbios_knl_Task_Module_State_inactiveQ__O
00009994   ti_sysbios_knl_Task_Module__diagsEnabled__C
00009998   ti_sysbios_knl_Task_Module__diagsIncluded__C
0000999c   ti_sysbios_knl_Task_Module__diagsMask__C
000099a0   ti_sysbios_knl_Task_Module__loggerFxn2__C
000099a4   ti_sysbios_knl_Task_Module__loggerFxn4__C
000099a8   ti_sysbios_knl_Task_Module__loggerObj__C
000099ac   ti_sysbios_knl_Task_Object__count__C
000099b0   ti_sysbios_knl_Task_allBlockedFunc__C
000099b4   ti_sysbios_knl_Task_numConstructedTasks__C
000099b8   ti_sysbios_utils_Load_LS_cpuLoad__C
000099bc   ti_sysbios_utils_Load_LS_hwiLoad__C
000099c0   ti_sysbios_utils_Load_Module__diagsEnabled__C
000099c4   ti_sysbios_utils_Load_Module__diagsIncluded__C
000099c8   ti_sysbios_utils_Load_Module__diagsMask__C
000099cc   ti_sysbios_utils_Load_Module__loggerFxn1__C
000099d0   ti_sysbios_utils_Load_Module__loggerFxn2__C
000099d4   ti_sysbios_utils_Load_Module__loggerObj__C
000099d8   ti_sysbios_utils_Load_postUpdate__C
000099dc   ti_sysbios_utils_Load_windowInMs__C
000099e0   ti_uia_loggers_LoggerStopMode_Module__diagsEnabled__C
000099e4   ti_uia_loggers_LoggerStopMode_Module__diagsIncluded__C
000099e8   ti_uia_loggers_LoggerStopMode_Module__diagsMask__C
000099ec   ti_uia_loggers_LoggerStopMode_Object__count__C
000099f0   ti_uia_runtime_ILoggerSnapshot_Interface__BASE__C
000099f4   ti_uia_runtime_IUIATransfer_Interface__BASE__C
000099f8   xdc_runtime_Assert_E_assertFailed__C
000099fc   xdc_runtime_Core_A_initializedParams__C
00009a00   xdc_runtime_Core_Module__diagsEnabled__C
00009a04   xdc_runtime_Core_Module__diagsIncluded__C
00009a08   xdc_runtime_Core_Module__diagsMask__C
00009a0c   xdc_runtime_Error_E_memory__C
00009a10   xdc_runtime_Error_Module__diagsEnabled__C
00009a14   xdc_runtime_Error_Module__diagsIncluded__C
00009a18   xdc_runtime_Error_Module__diagsMask__C
00009a1c   xdc_runtime_Error_Module__loggerFxn8__C
00009a20   xdc_runtime_Error_Module__loggerObj__C
00009a24   xdc_runtime_Error_policyFxn__C
00009a28   xdc_runtime_Error_raiseHook__C
00009a2c   xdc_runtime_IFilterLogger_Interface__BASE__C
00009a30   xdc_runtime_IGateProvider_Interface__BASE__C
00009a34   xdc_runtime_IHeap_Interface__BASE__C
00009a38   xdc_runtime_ILogger_Interface__BASE__C
00009a3c   xdc_runtime_IModule_Interface__BASE__C
00009a40   xdc_runtime_Log_L_error__C
00009a44   xdc_runtime_Memory_defaultHeapInstance__C
00009a48   xdc_runtime_Startup_execImpl__C
00009a4c   xdc_runtime_Startup_lastFxns__A
00009a50   xdc_runtime_Startup_maxPasses__C
00009a54   xdc_runtime_Startup_sfxnRts__C
00009a58   xdc_runtime_Startup_sfxnTab__C
00009a5c   xdc_runtime_SysMin_bufSize__C
00009a60   xdc_runtime_SysMin_outputFunc__C
00009a64   xdc_runtime_System_Module__gateObj__C
00009a68   xdc_runtime_System_abortFxn__C
00009a6c   xdc_runtime_System_exitFxn__C
00009a70   xdc_runtime_System_extendFxn__C
00009a74   xdc_runtime_System_maxAtexitHandlers__C
00009a78   xdc_runtime_Text_charTab__C
00009a7c   xdc_runtime_Text_nameEmpty__C
00009a80   xdc_runtime_Text_nameStatic__C
00009a84   xdc_runtime_Text_nameUnknown__C
00009a88   xdc_runtime_Text_nodeTab__C
00009a8c   xdc_runtime_Text_visitRopeFxn__C
00009a90   ti_sysbios_family_arm_m3_Hwi_Module__id__C
00009a92   ti_sysbios_family_arm_m3_Hwi_Module__loggerDefined__C
00009a94   ti_sysbios_gates_GateMutex_Module__id__C
00009a96   ti_sysbios_hal_Hwi_Module__id__C
00009a98   ti_sysbios_heaps_HeapMem_Module__id__C
00009a9a   ti_sysbios_knl_Clock_Module__id__C
00009a9c   ti_sysbios_knl_Clock_Module__loggerDefined__C
00009a9e   ti_sysbios_knl_Semaphore_Module__id__C
00009aa0   ti_sysbios_knl_Semaphore_Module__loggerDefined__C
00009aa2   ti_sysbios_knl_Swi_Module__id__C
00009aa4   ti_sysbios_knl_Swi_Module__loggerDefined__C
00009aa6   ti_sysbios_knl_Task_Module__id__C
00009aa8   ti_sysbios_knl_Task_Module__loggerDefined__C
00009aaa   ti_sysbios_knl_Task_initStackFlag__C
00009aac   ti_sysbios_utils_Load_Module__id__C
00009aae   ti_sysbios_utils_Load_Module__loggerDefined__C
00009ab0   ti_sysbios_utils_Load_hwiEnabled__C
00009ab2   ti_sysbios_utils_Load_updateInIdle__C
00009ab4   ti_uia_loggers_LoggerStopMode_Module__id__C
00009ab6   ti_uia_loggers_LoggerStopMode_isTimestampEnabled__C
00009ab8   xdc_runtime_Core_Module__id__C
00009aba   xdc_runtime_Error_Module__loggerDefined__C
00009abc   xdc_runtime_Error_maxDepth__C
00009abe   xdc_runtime_Memory_Module__id__C
00009ac0   xdc_runtime_SysMin_flushAtExit__C
00009ac2   xdc_runtime_Text_charCnt__C
00009ac4   xdc_runtime_Text_isLoaded__C
00009ac6   xdc_runtime_Text_registryModsLastId__C
00009ac8   xdc_runtime_Text_unnamedModsLastId__C
00009fc4   __TI_Handler_Table_Base
00009fd0   __TI_Handler_Table_Limit
00009fe0   __TI_CINIT_Base
00009ff8   __TI_CINIT_Limit
20000000   ti_sysbios_family_arm_m3_Hwi_ramVectors
20000380   ti_sysbios_knl_Task_Instance_State_0_stack__A
20000580   ti_sysbios_knl_Task_Instance_State_1_stack__A
20000d80   ti_sysbios_knl_Task_Instance_State_2_stack__A
20001580   ti_sysbios_knl_Task_Instance_State_3_stack__A
20001d80   ti_sysbios_heaps_HeapMem_Instance_State_0_buf__A
20002d80   ti_uia_loggers_LoggerStopMode_Instance_State_1_packetArray__A
20003180   ti_uia_loggers_LoggerStopMode_Instance_State_2_packetArray__A
20003580   xdc_runtime_SysMin_Module_State_0_outbuf__A
20003980   ti_sysbios_family_arm_m3_Hwi_dispatchTable
20003d00   ti_uia_loggers_LoggerStopMode_Instance_State_0_packetArray__A
20003f00   __CIOBUF_
20004080   ti_uia_loggers_LoggerStopMode_Instance_State_0_hdr__A
20004100   ti_uia_loggers_LoggerStopMode_Instance_State_1_hdr__A
20004180   ti_uia_loggers_LoggerStopMode_Instance_State_2_hdr__A
200041b0   __stack
200042b0   __STACK_TOP
200051b0   __STACK_END
200051b0   xdc_runtime_Diags_dictElems
200051d0   ti_sysbios_family_arm_lm4_Timer_Module__root__V
200051d8   ti_sysbios_family_arm_lm4_Timer_Module_State_0_handles__A
200051f0   ti_sysbios_family_arm_lm4_Timer_Module__state__V
200051fc   ti_sysbios_family_arm_lm4_TimestampProvider_Module__state__V
20005204   ti_sysbios_family_arm_m3_Hwi_Module__root__V
2000520c   ti_sysbios_family_arm_m3_Hwi_Module_State_0_excActive__A
20005210   ti_sysbios_family_arm_m3_Hwi_Module_State_0_excContext__A
20005214   ti_sysbios_family_arm_m3_Hwi_Module_State_0_excStack__A
20005218   ti_sysbios_gates_GateHwi_Module__root__V
20005220   ti_sysbios_gates_GateHwi_Object__table__V
20005224   ti_sysbios_gates_GateMutex_Module__root__V
2000522c   ti_sysbios_hal_Hwi_Module__root__V
20005234   ti_sysbios_hal_Hwi_Object__table__V
20005244   ti_sysbios_heaps_HeapMem_Module__root__V
2000524c   ti_sysbios_heaps_HeapMem_Object__table__V
20005264   ti_sysbios_knl_Clock_Module__root__V
2000526c   ti_sysbios_knl_Clock_Object__table__V
2000528c   ti_sysbios_knl_Event_Module__root__V
20005298   ti_sysbios_knl_Queue_Module__root__V
200052a0   ti_sysbios_knl_Semaphore_Module__root__V
200052a8   ti_sysbios_knl_Swi_Module__root__V
200052b0   ti_sysbios_knl_Swi_Module__state__V
200052cc   ti_sysbios_knl_Task_Module__root__V
200052d8   ti_sysbios_knl_Task_Module_State_0_idleTask__A
200052dc   ti_sysbios_utils_Load_Module_State_0_taskStartTime__A
200052e0   ti_sysbios_utils_Load_Module_State_0_runningTask__A
200052e4   ti_uia_loggers_LoggerStopMode_Module__root__V
200052ec   ti_uia_loggers_LoggerStopMode_Module__state__V
200052f4   ti_uia_runtime_QueueDescriptor_Module__state__V
20005300   xdc_runtime_Error_Module__state__V
20005302   xdc_runtime_Main_Module__root__V
20005304   xdc_runtime_Memory_Module__state__V
20005308   xdc_runtime_Registry_Module__state__V
20005310   xdc_runtime_Startup_Module__state__V
20005318   xdc_runtime_SysMin_Module__state__V
20005324   xdc_runtime_System_Module_State_0_atexitHandlers__A
20005344   xdc_runtime_System_Module__state__V
2000534c   xdc_runtime_Text_Module__state__V
20005354   __xdc__init__addr
20005358   ti_sysbios_knl_Task_Object__table__V
2000543c   TSK_idle
20005488   ti_uia_loggers_LoggerStopMode_Object__table__V
20005524   ti_sysbios_utils_Load_Module__state__V
200055bc   ti_sysbios_family_arm_lm4_Timer_Object__table__V
2000563c   ti_sysbios_knl_Swi_Module_State_0_readyQ__A
200056bc   ti_sysbios_knl_Task_Module_State_0_readyQ__A
2000573c   ti_sysbios_family_arm_m3_Hwi_Object__table__V
2000579c   ti_sysbios_knl_Task_Module__state__V
200057e0   ti_sysbios_gates_GateMutex_Object__table__V
20005818   ti_sysbios_family_arm_m3_Hwi_Module__state__V
2000584c   ti_sysbios_family_arm_lm4_Timer_Module_State_0_device__A
2000587c   ti_sysbios_knl_Swi_Object__table__V
200058ac   ti_sysbios_knl_Clock_Module__state__V
200058d8   ti_sysbios_knl_Semaphore_Object__table__V
20005900   ti_sysbios_BIOS_Module__state__V
20005924   lightsnsr_val1
20005928   lightsnsr_val2
2000592c   lightsnsr_val3
20005930   lightsnsr_val4
2000593c   _lock
20005940   _unlock
20005944   __TI_cleanup_ptr
20005948   __TI_dtors_ptr
2000594c   ti_uia_runtime_QueueDescriptor_gPtrToFirstDescriptor
20005950   ti_uia_runtime_QueueDescriptor_gUpdateCount
20005954   main_func_sp
20005958   dutycycle
20005959   drivestate
2000595a   num_moves
e000e000   ti_sysbios_family_arm_m3_Hwi_nvic
ffffffff   __binit__
ffffffff   __c_args__
ffffffff   binit
UNDEFED    SHT$$INIT_ARRAY$$Base
UNDEFED    SHT$$INIT_ARRAY$$Limit

[711 symbols]
